Clus run ['se_C0018681']
************************

Date: 27/04/2025, 10:44
File: cpi_fingerprint_dataset_se_C0018681_settings.out
Attributes: 2151 (input: 2150, output: 1)
Missing values: No

[General]
Verbose = 1
RandomSeed = 43
ResourceInfoLoaded = No
DoNotInduce = No
LoggingProperties = logging.properties

[Data]
File = C:\Users\KostasVoror\Projects\sep\SIDER_dataset\binary_datasets\cpi_fingerprint_dataset_se_C0018681.arff
TestSet = None
PruneSet = None
XVal = 10
RemoveMissingTarget = No
NormalizeData = None

[Attributes]
Target = 2151
Clustering = 2151
Descriptive = 1-2150
Key = None
Disable = None
Weights = Normalize
ClusteringWeights = 1.0
ReduceMemoryNominalAttrs = No
GIS = None

[Constraints]
Syntactic = None
MaxSize = Infinity
MaxError = 0.0
MaxDepth = Infinity

[Nominal]
MEstimate = 1.0

[Model]
MinimalWeight = 2.0
MinimalNumberExamples = 0
MinimalKnownWeight = 0.0
ParamTuneNumberFolds = 3
NominalSubsetTests = Yes
LoadFromModelFile = No

[Tree]
Heuristic = VarianceReduction
HeuristicComplexity = N2
SetDistance = GSMDistance
TupleDistance = Euclidean
TSDistance = DTW
PruningMethod = C45
FTest = 1.0
BinarySplit = Yes
ConvertToRules = No
AlternativeSplits = No
Optimize = []
MSENominal = No
SplitSampling = None
MissingClusteringAttrHandling = EstimateFromParentNode
MissingTargetAttrHandling = ParentNode
InductionOrder = DepthFirst
EntropyType = StandardEntropy
ConsiderUnlableInstancesInIGCalc = No
SpatialMatrix = Binary
SpatialMeasure = GlobalMoran
Bandwidth = 0.001
Longlat = No
NumNeightbours = 0.0
Alpha = 1.0
SplitPosition = Exact

[SemiSupervised]
SemiSupervisedMethod = PCT
StoppingCriteria = NoneAdded
UnlabeledCriteria = Threshold
ConfidenceThreshold = 0.8
ConfidenceMeasure = Variance
Iterations = 10
K = 5
UnlabeledData = 
PercentageLabeled = 5
UseWeights = No
AirbagTrials = 0
ExhaustiveSearchThresholds = [0.5,0.6,0.7,0.8,0.9,0.99]
OOBErrorCalculation = LabeledOnly
Normalization = MinMaxNormalization
Aggregation = Average
CalibrateHmcThreshold = No
PruningWhenTuning = No
InternalFolds = 5
WeightScoresFile = NO
PossibleWeights = [0.0,0.1,0.2,0.3,0.4,0.5,0.6,0.7,0.8,0.9,1.0]
IterationsSupervisionOptimisation = 0
ForceInternalXValOptimisation = No
ImputeMissingTargetValues = No
InternalFold = -1234
ProceedToMain = Yes

[Output]
ShowModels = [Default, Pruned, Others]
TrainErrors = Yes
ValidErrors = Yes
TestErrors = Yes
AllFoldModels = Yes
AllFoldErrors = No
AllFoldDatasets = No
UnknownFrequency = No
BranchFrequency = No
ShowInfo = [Count]
PrintModelAndExamples = No
WriteErrorFile = No
WriteModelFile = No
WritePerBagModelFile = Yes
WriteOOBFile = No
WritePredictions = []
GzipOutput = No
ModelIDFiles = No
WriteCurves = No
OutputPythonModel = No
PythonModelType = Object
OutputROSSubspaces = No
OutputJSONModel = No
OutputDatabaseQueries = No
OutputClowdFlowsJSON = No
ComputeSpearman = No

Run: 01
*******

Statistics
----------

FTValue (FTest): 1.0
Induction Time: 1.357 sec
Pruning Time: 0 sec
Prediction Time (total for ClusModel.Original): 
	0 microsecs
	0 millisecs
	0 secs
Prediction Time (average for ClusModel.Original): 0 microsecs
Model information:
     Default: Nodes = 1; Leaves = 1; Depth = 1
     Original: Nodes = 303; Leaves = 152; Depth = 67
     Pruned: Nodes = 175; Leaves = 88; Depth = 31

Training error
--------------

Number of examples: 1394
Classification Error
   Default: 
   Attribute: se_C0018681
     REAL\PRED |    1 | 0 |
     ---------------------------
             1 | 1092 | 0 | 1092
             0 |  302 | 0 |  302
     ---------------------------
               | 1394 | 0 | 1394
     Accuracy: 7.833572E-1
     Cramer's coefficient: 0

   Original: 
   Attribute: se_C0018681
     REAL\PRED |    1 |   0 |
     -----------------------------
             1 | 1084 |   8 | 1092
             0 |   58 | 244 |  302
     -----------------------------
               | 1142 | 252 | 1394
     Accuracy: 9.526542E-1
     Cramer's coefficient: 8.570545E-1

   Pruned: 
   Attribute: se_C0018681
     REAL\PRED |    1 |   0 |
     -----------------------------
             1 | 1077 |  15 | 1092
             0 |   76 | 226 |  302
     -----------------------------
               | 1153 | 241 | 1394
     Accuracy: 9.347202E-1
     Cramer's coefficient: 8.002899E-1

Weighted mean squared error (MSE) for Nominal Attributes (Weights [2.946])
   Default        : [1.0000E0]
   Original       : [1.8503E-1]
   Pruned         : [3.3434E-1]
averageAUROC
   Default        : 5.000000E-1
   Original       : 9.879254E-1
   Pruned         : 9.309942E-1
averageAUPRC
   Default        : 7.833572E-1
   Original       : 9.964412E-1
   Pruned         : 9.762241E-1

Testing error
-------------

Number of examples: 1394
Classification Error
   Default: 
   Attribute: se_C0018681
     REAL\PRED |    1 | 0 |
     ---------------------------
             1 | 1092 | 0 | 1092
             0 |  302 | 0 |  302
     ---------------------------
               | 1394 | 0 | 1394
     Accuracy: 7.833572E-1
     Cramer's coefficient: 0

   Original: 
   Attribute: se_C0018681
     REAL\PRED |    1 |   0 |
     -----------------------------
             1 |  895 | 197 | 1092
             0 |  198 | 104 |  302
     -----------------------------
               | 1093 | 301 | 1394
     Accuracy: 7.166428E-1
     Cramer's coefficient: 1.641649E-1

   Pruned: 
   Attribute: se_C0018681
     REAL\PRED |    1 |   0 |
     -----------------------------
             1 |  905 | 187 | 1092
             0 |  199 | 103 |  302
     -----------------------------
               | 1104 | 290 | 1394
     Accuracy: 7.230990E-1
     Cramer's coefficient: 1.723476E-1

Weighted mean squared error (MSE) for Nominal Attributes (Weights [2.946])
   Default        : [1.0009]
   Original       : [1.603]
   Pruned         : [1.4762]
averageAUROC
   Default        : 4.613641E-1
   Original       : 5.834577E-1
   Pruned         : 5.759982E-1
averageAUPRC
   Default        : 7.664235E-1
   Original       : 8.116985E-1
   Pruned         : 8.102149E-1

Default Model
*************

[1] [1092.0]: 1394

Original Model
**************

f_284 > 0.0
+--yes: cpi_9606.ENSP00000369654 > 201.0
|      +--yes: cpi_9606.ENSP00000255030 > 200.0
|      |      +--yes: [1] [3.0]: 3
|      |      +--no:  [0] [11.0]: 11
|      +--no:  f_14 > 0.0
|             +--yes: cpi_9606.ENSP00000303211 > 198.0
|             |      +--yes: f_702 > 0.0
|             |      |      +--yes: cpi_9606.ENSP00000263212 > 0.0
|             |      |      |      +--yes: [1] [2.0]: 2
|             |      |      |      +--no:  cpi_9606.ENSP00000220616 > 331.0
|             |      |      |             +--yes: [1] [2.0]: 3
|             |      |      |             +--no:  [0] [11.0]: 11
|             |      |      +--no:  f_696 > 0.0
|             |      |             +--yes: cpi_9606.ENSP00000000442 > 0.0
|             |      |             |      +--yes: [0] [2.0]: 3
|             |      |             |      +--no:  [1] [21.0]: 22
|             |      |             +--no:  cpi_9606.ENSP00000215832 > 0.0
|             |      |                    +--yes: [1] [5.0]: 5
|             |      |                    +--no:  f_445 > 0.0
|             |      |                           +--yes: [1] [3.0]: 4
|             |      |                           +--no:  cpi_9606.ENSP00000220764 > 168.0
|             |      |                                  +--yes: [1] [1.0]: 2
|             |      |                                  +--no:  [0] [8.0]: 8
|             |      +--no:  cpi_9606.ENSP00000363018 > 221.0
|             |             +--yes: cpi_9606.ENSP00000241052 > 0.0
|             |             |      +--yes: [0] [6.0]: 6
|             |             |      +--no:  [1] [3.0]: 4
|             |             +--no:  cpi_9606.ENSP00000373477 > 351.0
|             |                    +--yes: [0] [4.0]: 4
|             |                    +--no:  cpi_9606.ENSP00000319170 > 294.0
|             |                           +--yes: cpi_9606.ENSP00000218548 > 0.0
|             |                           |      +--yes: [1] [3.0]: 4
|             |                           |      +--no:  [0] [5.0]: 5
|             |                           +--no:  cpi_9606.ENSP00000319531 > 155.0
|             |                                  +--yes: [0] [3.0]: 3
|             |                                  +--no:  cpi_9606.ENSP00000011653 > 0.0
|             |                                         +--yes: cpi_9606.ENSP00000308176 > 341.0
|             |                                         |      +--yes: cpi_9606.ENSP00000222330 > 198.0
|             |                                         |      |      +--yes: [1] [3.0]: 3
|             |                                         |      |      +--no:  [0] [2.0]: 2
|             |                                         |      +--no:  cpi_9606.ENSP00000280706 > 210.0
|             |                                         |             +--yes: cpi_9606.ENSP00000302393 > 0.0
|             |                                         |             |      +--yes: [1] [4.0]: 4
|             |                                         |             |      +--no:  [0] [2.0]: 2
|             |                                         |             +--no:  [1] [135.0]: 135
|             |                                         +--no:  cpi_9606.ENSP00000447378 > 287.0
|             |                                                +--yes: cpi_9606.ENSP00000219240 > 0.0
|             |                                                |      +--yes: [1] [1.0]: 2
|             |                                                |      +--no:  [0] [4.0]: 4
|             |                                                +--no:  f_752 > 0.0
|             |                                                       +--yes: cpi_9606.ENSP00000280155 > 0.0
|             |                                                       |      +--yes: [1] [6.0]: 6
|             |                                                       |      +--no:  f_143 > 0.0
|             |                                                       |             +--yes: [0] [8.0]: 8
|             |                                                       |             +--no:  [1] [3.0]: 4
|             |                                                       +--no:  cpi_9606.ENSP00000228476 > 176.0
|             |                                                              +--yes: cpi_9606.ENSP00000228476 > 247.0
|             |                                                              |      +--yes: [1] [2.0]: 2
|             |                                                              |      +--no:  [0] [5.0]: 5
|             |                                                              +--no:  cpi_9606.ENSP00000272317 > 155.0
|             |                                                                     +--yes: cpi_9606.ENSP00000229270 > 0.0
|             |                                                                     |      +--yes: [1] [2.0]: 2
|             |                                                                     |      +--no:  [0] [5.0]: 5
|             |                                                                     +--no:  cpi_9606.ENSP00000434516 > 197.0
|             |                                                                            +--yes: cpi_9606.ENSP00000237858 > 251.0
|             |                                                                            |      +--yes: [1] [2.0]: 2
|             |                                                                            |      +--no:  [0] [4.0]: 4
|             |                                                                            +--no:  cpi_9606.ENSP00000355890 > 283.0
|             |                                                                                   +--yes: cpi_9606.ENSP00000212015 > 0.0
|             |                                                                                   |      +--yes: [1] [1.0]: 2
|             |                                                                                   |      +--no:  [0] [2.0]: 2
|             |                                                                                   +--no:  cpi_9606.ENSP00000259486 > 176.0
|             |                                                                                          +--yes: [0] [2.0]: 2
|             |                                                                                          +--no:  cpi_9606.ENSP00000293636 > 392.0
|             |                                                                                                 +--yes: [0] [2.0]: 2
|             |                                                                                                 +--no:  cpi_9606.ENSP00000364212 > 418.0
|             |                                                                                                        +--yes: [0] [2.0]: 2
|             |                                                                                                        +--no:  f_151 > 0.0
|             |                                                                                                               +--yes: [0] [2.0]: 2
|             |                                                                                                               +--no:  cpi_9606.ENSP00000472933 > 0.0
|             |                                                                                                                      +--yes: f_338 > 0.0
|             |                                                                                                                      |      +--yes: [0] [4.0]: 4
|             |                                                                                                                      |      +--no:  [1] [6.0]: 7
|             |                                                                                                                      +--no:  cpi_9606.ENSP00000283916 > 163.0
|             |                                                                                                                             +--yes: cpi_9606.ENSP00000378323 > 211.0
|             |                                                                                                                             |      +--yes: cpi_9606.ENSP00000222390 > 0.0
|             |                                                                                                                             |      |      +--yes: [1] [3.0]: 3
|             |                                                                                                                             |      |      +--no:  [0] [2.0]: 2
|             |                                                                                                                             |      +--no:  cpi_9606.ENSP00000331514 > 0.0
|             |                                                                                                                             |             +--yes: cpi_9606.ENSP00000302150 > 0.0
|             |                                                                                                                             |             |      +--yes: [1] [4.0]: 4
|             |                                                                                                                             |             |      +--no:  [0] [2.0]: 3
|             |                                                                                                                             |             +--no:  [1] [177.0]: 180
|             |                                                                                                                             +--no:  cpi_9606.ENSP00000302728 > 0.0
|             |                                                                                                                                    +--yes: cpi_9606.ENSP00000244137 > 0.0
|             |                                                                                                                                    |      +--yes: [1] [1.0]: 2
|             |                                                                                                                                    |      +--no:  [0] [4.0]: 4
|             |                                                                                                                                    +--no:  cpi_9606.ENSP00000225740 > 167.0
|             |                                                                                                                                           +--yes: [0] [2.0]: 2
|             |                                                                                                                                           +--no:  cpi_9606.ENSP00000260970 > 612.0
|             |                                                                                                                                                  +--yes: [0] [2.0]: 2
|             |                                                                                                                                                  +--no:  cpi_9606.ENSP00000343392 > 175.0
|             |                                                                                                                                                         +--yes: [0] [2.0]: 2
|             |                                                                                                                                                         +--no:  cpi_9606.ENSP00000019103 > 196.0
|             |                                                                                                                                                                +--yes: cpi_9606.ENSP00000019103 > 437.0
|             |                                                                                                                                                                |      +--yes: [1] [2.0]: 3
|             |                                                                                                                                                                |      +--no:  [0] [2.0]: 2
|             |                                                                                                                                                                +--no:  f_705 > 0.0
|             |                                                                                                                                                                       +--yes: f_645 > 0.0
|             |                                                                                                                                                                       |      +--yes: [1] [19.0]: 19
|             |                                                                                                                                                                       |      +--no:  cpi_9606.ENSP00000337915 > 190.0
|             |                                                                                                                                                                       |             +--yes: [1] [8.0]: 8
|             |                                                                                                                                                                       |             +--no:  cpi_9606.ENSP00000265724 > 175.0
|             |                                                                                                                                                                       |                    +--yes: [1] [3.0]: 3
|             |                                                                                                                                                                       |                    +--no:  f_213 > 0.0
|             |                                                                                                                                                                       |                           +--yes: [1] [2.0]: 2
|             |                                                                                                                                                                       |                           +--no:  f_33 > 0.0
|             |                                                                                                                                                                       |                                  +--yes: [1] [2.0]: 3
|             |                                                                                                                                                                       |                                  +--no:  [0] [11.0]: 12
|             |                                                                                                                                                                       +--no:  cpi_9606.ENSP00000265100 > 0.0
|             |                                                                                                                                                                              +--yes: [0] [2.0]: 2
|             |                                                                                                                                                                              +--no:  cpi_9606.ENSP00000260682 > 940.0
|             |                                                                                                                                                                                     +--yes: [0] [2.0]: 3
|             |                                                                                                                                                                                     +--no:  cpi_9606.ENSP00000264162 > 181.0
|             |                                                                                                                                                                                            +--yes: [0] [2.0]: 3
|             |                                                                                                                                                                                            +--no:  cpi_9606.ENSP00000327801 > 176.0
|             |                                                                                                                                                                                                   +--yes: [0] [2.0]: 3
|             |                                                                                                                                                                                                   +--no:  cpi_9606.ENSP00000362344 > 0.0
|             |                                                                                                                                                                                                          +--yes: [0] [2.0]: 3
|             |                                                                                                                                                                                                          +--no:  f_297 > 0.0
|             |                                                                                                                                                                                                                 +--yes: f_180 > 0.0
|             |                                                                                                                                                                                                                 |      +--yes: [1] [6.0]: 6
|             |                                                                                                                                                                                                                 |      +--no:  cpi_9606.ENSP00000359478 > 0.0
|             |                                                                                                                                                                                                                 |             +--yes: [1] [1.0]: 2
|             |                                                                                                                                                                                                                 |             +--no:  [0] [3.0]: 3
|             |                                                                                                                                                                                                                 +--no:  cpi_9606.ENSP00000355920 > 258.0
|             |                                                                                                                                                                                                                        +--yes: cpi_9606.ENSP00000233944 > 0.0
|             |                                                                                                                                                                                                                        |      +--yes: [1] [2.0]: 2
|             |                                                                                                                                                                                                                        |      +--no:  [0] [2.0]: 2
|             |                                                                                                                                                                                                                        +--no:  cpi_9606.ENSP00000356094 > 689.0
|             |                                                                                                                                                                                                                               +--yes: cpi_9606.ENSP00000272190 > 0.0
|             |                                                                                                                                                                                                                               |      +--yes: [1] [2.0]: 2
|             |                                                                                                                                                                                                                               |      +--no:  [0] [2.0]: 2
|             |                                                                                                                                                                                                                               +--no:  cpi_9606.ENSP00000369442 > 206.0
|             |                                                                                                                                                                                                                                      +--yes: cpi_9606.ENSP00000272190 > 0.0
|             |                                                                                                                                                                                                                                      |      +--yes: [1] [2.0]: 2
|             |                                                                                                                                                                                                                                      |      +--no:  [0] [2.0]: 2
|             |                                                                                                                                                                                                                                      +--no:  f_770 > 0.0
|             |                                                                                                                                                                                                                                             +--yes: f_713 > 0.0
|             |                                                                                                                                                                                                                                             |      +--yes: cpi_9606.ENSP00000176183 > 171.0
|             |                                                                                                                                                                                                                                             |      |      +--yes: [1] [2.0]: 2
|             |                                                                                                                                                                                                                                             |      |      +--no:  [0] [3.0]: 3
|             |                                                                                                                                                                                                                                             |      +--no:  [1] [11.0]: 12
|             |                                                                                                                                                                                                                                             +--no:  cpi_9606.ENSP00000178638 > 828.0
|             |                                                                                                                                                                                                                                                    +--yes: [1] [1.0]: 2
|             |                                                                                                                                                                                                                                                    +--no:  cpi_9606.ENSP00000200676 > 170.0
|             |                                                                                                                                                                                                                                                           +--yes: [1] [1.0]: 2
|             |                                                                                                                                                                                                                                                           +--no:  cpi_9606.ENSP00000217961 > 0.0
|             |                                                                                                                                                                                                                                                                  +--yes: [1] [1.0]: 2
|             |                                                                                                                                                                                                                                                                  +--no:  cpi_9606.ENSP00000012443 > 211.0
|             |                                                                                                                                                                                                                                                                         +--yes: [1] [1.0]: 2
|             |                                                                                                                                                                                                                                                                         +--no:  cpi_9606.ENSP00000223366 > 177.0
|             |                                                                                                                                                                                                                                                                                +--yes: [1] [1.0]: 2
|             |                                                                                                                                                                                                                                                                                +--no:  cpi_9606.ENSP00000224784 > 254.0
|             |                                                                                                                                                                                                                                                                                       +--yes: [1] [1.0]: 2
|             |                                                                                                                                                                                                                                                                                       +--no:  cpi_9606.ENSP00000251566 > 199.0
|             |                                                                                                                                                                                                                                                                                              +--yes: [1] [1.0]: 2
|             |                                                                                                                                                                                                                                                                                              +--no:  cpi_9606.ENSP00000253792 > 0.0
|             |                                                                                                                                                                                                                                                                                                     +--yes: [1] [1.0]: 2
|             |                                                                                                                                                                                                                                                                                                     +--no:  cpi_9606.ENSP00000258400 > 976.0
|             |                                                                                                                                                                                                                                                                                                            +--yes: [1] [1.0]: 2
|             |                                                                                                                                                                                                                                                                                                            +--no:  cpi_9606.ENSP00000258662 > 0.0
|             |                                                                                                                                                                                                                                                                                                                   +--yes: [1] [1.0]: 2
|             |                                                                                                                                                                                                                                                                                                                   +--no:  cpi_9606.ENSP00000276431 > 220.0
|             |                                                                                                                                                                                                                                                                                                                          +--yes: [1] [1.0]: 2
|             |                                                                                                                                                                                                                                                                                                                          +--no:  cpi_9606.ENSP00000308720 > 178.0
|             |                                                                                                                                                                                                                                                                                                                                 +--yes: [1] [1.0]: 2
|             |                                                                                                                                                                                                                                                                                                                                 +--no:  cpi_9606.ENSP00000378699 > 192.0
|             |                                                                                                                                                                                                                                                                                                                                        +--yes: [1] [1.0]: 2
|             |                                                                                                                                                                                                                                                                                                                                        +--no:  f_285 > 0.0
|             |                                                                                                                                                                                                                                                                                                                                               +--yes: f_653 > 0.0
|             |                                                                                                                                                                                                                                                                                                                                               |      +--yes: [1] [1.0]: 2
|             |                                                                                                                                                                                                                                                                                                                                               |      +--no:  f_736 > 0.0
|             |                                                                                                                                                                                                                                                                                                                                               |             +--yes: f_34 > 0.0
|             |                                                                                                                                                                                                                                                                                                                                               |             |      +--yes: [0] [2.0]: 2
|             |                                                                                                                                                                                                                                                                                                                                               |             |      +--no:  [1] [7.0]: 7
|             |                                                                                                                                                                                                                                                                                                                                               |             +--no:  cpi_9606.ENSP00000348459 > 0.0
|             |                                                                                                                                                                                                                                                                                                                                               |                    +--yes: [1] [2.0]: 3
|             |                                                                                                                                                                                                                                                                                                                                               |                    +--no:  cpi_9606.ENSP00000368752 > 235.0
|             |                                                                                                                                                                                                                                                                                                                                               |                           +--yes: [1] [2.0]: 3
|             |                                                                                                                                                                                                                                                                                                                                               |                           +--no:  cpi_9606.ENSP00000387699 > 0.0
|             |                                                                                                                                                                                                                                                                                                                                               |                                  +--yes: [1] [2.0]: 3
|             |                                                                                                                                                                                                                                                                                                                                               |                                  +--no:  cpi_9606.ENSP00000343925 > 528.0
|             |                                                                                                                                                                                                                                                                                                                                               |                                         +--yes: [1] [3.0]: 4
|             |                                                                                                                                                                                                                                                                                                                                               |                                         +--no:  f_202 > 0.0
|             |                                                                                                                                                                                                                                                                                                                                               |                                                +--yes: [1] [3.0]: 4
|             |                                                                                                                                                                                                                                                                                                                                               |                                                +--no:  cpi_9606.ENSP00000308541 > 376.0
|             |                                                                                                                                                                                                                                                                                                                                               |                                                       +--yes: [1] [4.0]: 5
|             |                                                                                                                                                                                                                                                                                                                                               |                                                       +--no:  f_719 > 0.0
|             |                                                                                                                                                                                                                                                                                                                                               |                                                              +--yes: [1] [4.0]: 5
|             |                                                                                                                                                                                                                                                                                                                                               |                                                              +--no:  cpi_9606.ENSP00000303211 > 0.0
|             |                                                                                                                                                                                                                                                                                                                                               |                                                                     +--yes: [1] [4.0]: 5
|             |                                                                                                                                                                                                                                                                                                                                               |                                                                     +--no:  f_549 > 0.0
|             |                                                                                                                                                                                                                                                                                                                                               |                                                                            +--yes: [1] [240.0]: 240
|             |                                                                                                                                                                                                                                                                                                                                               |                                                                            +--no:  f_24 > 0.0
|             |                                                                                                                                                                                                                                                                                                                                               |                                                                                   +--yes: [1] [1.0]: 2
|             |                                                                                                                                                                                                                                                                                                                                               |                                                                                   +--no:  f_672 > 0.0
|             |                                                                                                                                                                                                                                                                                                                                               |                                                                                          +--yes: f_374 > 0.0
|             |                                                                                                                                                                                                                                                                                                                                               |                                                                                          |      +--yes: [1] [13.0]: 13
|             |                                                                                                                                                                                                                                                                                                                                               |                                                                                          |      +--no:  f_143 > 0.0
|             |                                                                                                                                                                                                                                                                                                                                               |                                                                                          |             +--yes: [1] [2.0]: 2
|             |                                                                                                                                                                                                                                                                                                                                               |                                                                                          |             +--no:  [0] [2.0]: 2
|             |                                                                                                                                                                                                                                                                                                                                               |                                                                                          +--no:  [1] [144.0]: 145
|             |                                                                                                                                                                                                                                                                                                                                               +--no:  [1] [1.0]: 2
|             +--no:  f_696 > 0.0
|                    +--yes: cpi_9606.ENSP00000265724 > 0.0
|                    |      +--yes: cpi_9606.ENSP00000216540 > 150.0
|                    |      |      +--yes: cpi_9606.ENSP00000003100 > 227.0
|                    |      |      |      +--yes: [0] [2.0]: 2
|                    |      |      |      +--no:  [1] [2.0]: 2
|                    |      |      +--no:  [1] [36.0]: 36
|                    |      +--no:  cpi_9606.ENSP00000221130 > 263.0
|                    |             +--yes: [0] [3.0]: 3
|                    |             +--no:  cpi_9606.ENSP00000377640 > 161.0
|                    |                    +--yes: [0] [3.0]: 3
|                    |                    +--no:  f_818 > 0.0
|                    |                           +--yes: cpi_9606.ENSP00000369816 > 264.0
|                    |                           |      +--yes: [1] [11.0]: 11
|                    |                           |      +--no:  f_255 > 0.0
|                    |                           |             +--yes: f_686 > 0.0
|                    |                           |             |      +--yes: [0] [2.0]: 2
|                    |                           |             |      +--no:  [1] [15.0]: 16
|                    |                           |             +--no:  cpi_9606.ENSP00000264708 > 0.0
|                    |                           |                    +--yes: [1] [9.0]: 10
|                    |                           |                    +--no:  cpi_9606.ENSP00000231509 > 974.0
|                    |                           |                           +--yes: [1] [4.0]: 4
|                    |                           |                           +--no:  cpi_9606.ENSP00000341390 > 216.0
|                    |                           |                                  +--yes: [0] [9.0]: 9
|                    |                           |                                  +--no:  cpi_9606.ENSP00000206249 > 209.0
|                    |                           |                                         +--yes: [1] [4.0]: 4
|                    |                           |                                         +--no:  cpi_9606.ENSP00000231509 > 833.0
|                    |                           |                                                +--yes: [1] [3.0]: 3
|                    |                           |                                                +--no:  cpi_9606.ENSP00000362576 > 0.0
|                    |                           |                                                       +--yes: [1] [3.0]: 3
|                    |                           |                                                       +--no:  cpi_9606.ENSP00000011653 > 0.0
|                    |                           |                                                              +--yes: [1] [2.0]: 2
|                    |                           |                                                              +--no:  cpi_9606.ENSP00000337915 > 0.0
|                    |                           |                                                                     +--yes: [1] [2.0]: 3
|                    |                           |                                                                     +--no:  f_3 > 0.0
|                    |                           |                                                                            +--yes: f_780 > 0.0
|                    |                           |                                                                            |      +--yes: [1] [1.0]: 2
|                    |                           |                                                                            |      +--no:  [0] [10.0]: 10
|                    |                           |                                                                            +--no:  f_23 > 0.0
|                    |                           |                                                                                   +--yes: [0] [3.0]: 3
|                    |                           |                                                                                   +--no:  [1] [3.0]: 5
|                    |                           +--no:  f_374 > 0.0
|                    |                                  +--yes: [1] [35.0]: 36
|                    |                                  +--no:  f_639 > 0.0
|                    |                                         +--yes: [1] [3.0]: 3
|                    |                                         +--no:  cpi_9606.ENSP00000206249 > 0.0
|                    |                                                +--yes: [0] [2.0]: 2
|                    |                                                +--no:  [1] [1.0]: 2
|                    +--no:  cpi_9606.ENSP00000363832 > 0.0
|                           +--yes: [1] [7.0]: 7
|                           +--no:  cpi_9606.ENSP00000258743 > 171.0
|                                  +--yes: [0] [11.0]: 11
|                                  +--no:  f_416 > 0.0
|                                         +--yes: f_294 > 0.0
|                                         |      +--yes: [1] [2.0]: 3
|                                         |      +--no:  cpi_9606.ENSP00000243167 > 0.0
|                                         |             +--yes: [1] [1.0]: 2
|                                         |             +--no:  [0] [9.0]: 9
|                                         +--no:  cpi_9606.ENSP00000302728 > 152.0
|                                                +--yes: [0] [3.0]: 3
|                                                +--no:  cpi_9606.ENSP00000178638 > 0.0
|                                                       +--yes: [0] [2.0]: 2
|                                                       +--no:  f_3 > 0.0
|                                                              +--yes: [1] [2.0]: 4
|                                                              +--no:  f_332 > 0.0
|                                                                     +--yes: [1] [12.0]: 12
|                                                                     +--no:  cpi_9606.ENSP00000311032 > 0.0
|                                                                            +--yes: [1] [2.0]: 2
|                                                                            +--no:  cpi_9606.ENSP00000447378 > 0.0
|                                                                                   +--yes: [1] [2.0]: 2
|                                                                                   +--no:  [0] [2.0]: 2
+--no:  cpi_9606.ENSP00000361125 > 525.0
       +--yes: [1] [7.0]: 8
       +--no:  f_18 > 0.0
              +--yes: cpi_9606.ENSP00000258743 > 169.0
              |      +--yes: cpi_9606.ENSP00000217386 > 0.0
              |      |      +--yes: [1] [2.0]: 2
              |      |      +--no:  [0] [10.0]: 10
              |      +--no:  f_0 > 0.0
              |             +--yes: [0] [2.0]: 3
              |             +--no:  [1] [9.0]: 10
              +--no:  cpi_9606.ENSP00000256010 > 0.0
                     +--yes: cpi_9606.ENSP00000001008 > 0.0
                     |      +--yes: [0] [2.0]: 2
                     |      +--no:  [1] [2.0]: 2
                     +--no:  cpi_9606.ENSP00000306884 > 0.0
                            +--yes: [1] [1.0]: 2
                            +--no:  [0] [22.0]: 22

Pruned Model
************

f_284 > 0.0
+--yes: cpi_9606.ENSP00000369654 > 201.0
|      +--yes: cpi_9606.ENSP00000255030 > 200.0
|      |      +--yes: [1] [3.0]: 3
|      |      +--no:  [0] [11.0]: 11
|      +--no:  f_14 > 0.0
|             +--yes: cpi_9606.ENSP00000303211 > 198.0
|             |      +--yes: f_702 > 0.0
|             |      |      +--yes: cpi_9606.ENSP00000263212 > 0.0
|             |      |      |      +--yes: [1] [2.0]: 2
|             |      |      |      +--no:  cpi_9606.ENSP00000220616 > 331.0
|             |      |      |             +--yes: [1] [2.0]: 3
|             |      |      |             +--no:  [0] [11.0]: 11
|             |      |      +--no:  f_696 > 0.0
|             |      |             +--yes: cpi_9606.ENSP00000000442 > 0.0
|             |      |             |      +--yes: [0] [2.0]: 3
|             |      |             |      +--no:  [1] [21.0]: 22
|             |      |             +--no:  cpi_9606.ENSP00000215832 > 0.0
|             |      |                    +--yes: [1] [5.0]: 5
|             |      |                    +--no:  f_445 > 0.0
|             |      |                           +--yes: [1] [3.0]: 4
|             |      |                           +--no:  [0] [9.0]: 10
|             |      +--no:  cpi_9606.ENSP00000363018 > 221.0
|             |             +--yes: cpi_9606.ENSP00000241052 > 0.0
|             |             |      +--yes: [0] [6.0]: 6
|             |             |      +--no:  [1] [3.0]: 4
|             |             +--no:  cpi_9606.ENSP00000373477 > 351.0
|             |                    +--yes: [0] [4.0]: 4
|             |                    +--no:  cpi_9606.ENSP00000319170 > 294.0
|             |                           +--yes: cpi_9606.ENSP00000218548 > 0.0
|             |                           |      +--yes: [1] [3.0]: 4
|             |                           |      +--no:  [0] [5.0]: 5
|             |                           +--no:  cpi_9606.ENSP00000319531 > 155.0
|             |                                  +--yes: [0] [3.0]: 3
|             |                                  +--no:  cpi_9606.ENSP00000011653 > 0.0
|             |                                         +--yes: cpi_9606.ENSP00000308176 > 341.0
|             |                                         |      +--yes: cpi_9606.ENSP00000222330 > 198.0
|             |                                         |      |      +--yes: [1] [3.0]: 3
|             |                                         |      |      +--no:  [0] [2.0]: 2
|             |                                         |      +--no:  cpi_9606.ENSP00000280706 > 210.0
|             |                                         |             +--yes: cpi_9606.ENSP00000302393 > 0.0
|             |                                         |             |      +--yes: [1] [4.0]: 4
|             |                                         |             |      +--no:  [0] [2.0]: 2
|             |                                         |             +--no:  [1] [135.0]: 135
|             |                                         +--no:  cpi_9606.ENSP00000447378 > 287.0
|             |                                                +--yes: [0] [5.0]: 6
|             |                                                +--no:  f_752 > 0.0
|             |                                                       +--yes: cpi_9606.ENSP00000280155 > 0.0
|             |                                                       |      +--yes: [1] [6.0]: 6
|             |                                                       |      +--no:  f_143 > 0.0
|             |                                                       |             +--yes: [0] [8.0]: 8
|             |                                                       |             +--no:  [1] [3.0]: 4
|             |                                                       +--no:  cpi_9606.ENSP00000228476 > 176.0
|             |                                                              +--yes: cpi_9606.ENSP00000228476 > 247.0
|             |                                                              |      +--yes: [1] [2.0]: 2
|             |                                                              |      +--no:  [0] [5.0]: 5
|             |                                                              +--no:  cpi_9606.ENSP00000272317 > 155.0
|             |                                                                     +--yes: cpi_9606.ENSP00000229270 > 0.0
|             |                                                                     |      +--yes: [1] [2.0]: 2
|             |                                                                     |      +--no:  [0] [5.0]: 5
|             |                                                                     +--no:  cpi_9606.ENSP00000434516 > 197.0
|             |                                                                            +--yes: cpi_9606.ENSP00000237858 > 251.0
|             |                                                                            |      +--yes: [1] [2.0]: 2
|             |                                                                            |      +--no:  [0] [4.0]: 4
|             |                                                                            +--no:  cpi_9606.ENSP00000355890 > 283.0
|             |                                                                                   +--yes: [0] [3.0]: 4
|             |                                                                                   +--no:  cpi_9606.ENSP00000259486 > 176.0
|             |                                                                                          +--yes: [0] [2.0]: 2
|             |                                                                                          +--no:  cpi_9606.ENSP00000293636 > 392.0
|             |                                                                                                 +--yes: [0] [2.0]: 2
|             |                                                                                                 +--no:  f_151 > 0.0
|             |                                                                                                        +--yes: [0] [2.0]: 2
|             |                                                                                                        +--no:  cpi_9606.ENSP00000472933 > 0.0
|             |                                                                                                               +--yes: f_338 > 0.0
|             |                                                                                                               |      +--yes: [0] [4.0]: 4
|             |                                                                                                               |      +--no:  [1] [6.0]: 7
|             |                                                                                                               +--no:  cpi_9606.ENSP00000283916 > 163.0
|             |                                                                                                                      +--yes: cpi_9606.ENSP00000378323 > 211.0
|             |                                                                                                                      |      +--yes: cpi_9606.ENSP00000222390 > 0.0
|             |                                                                                                                      |      |      +--yes: [1] [3.0]: 3
|             |                                                                                                                      |      |      +--no:  [0] [2.0]: 2
|             |                                                                                                                      |      +--no:  [1] [182.0]: 187
|             |                                                                                                                      +--no:  cpi_9606.ENSP00000302728 > 0.0
|             |                                                                                                                             +--yes: [0] [6.0]: 7
|             |                                                                                                                             +--no:  cpi_9606.ENSP00000225740 > 167.0
|             |                                                                                                                                    +--yes: [0] [2.0]: 2
|             |                                                                                                                                    +--no:  cpi_9606.ENSP00000260970 > 612.0
|             |                                                                                                                                           +--yes: [0] [2.0]: 2
|             |                                                                                                                                           +--no:  cpi_9606.ENSP00000343392 > 175.0
|             |                                                                                                                                                  +--yes: [0] [2.0]: 2
|             |                                                                                                                                                  +--no:  f_705 > 0.0
|             |                                                                                                                                                         +--yes: f_645 > 0.0
|             |                                                                                                                                                         |      +--yes: [1] [19.0]: 19
|             |                                                                                                                                                         |      +--no:  cpi_9606.ENSP00000337915 > 190.0
|             |                                                                                                                                                         |             +--yes: [1] [8.0]: 8
|             |                                                                                                                                                         |             +--no:  cpi_9606.ENSP00000265724 > 175.0
|             |                                                                                                                                                         |                    +--yes: [1] [3.0]: 3
|             |                                                                                                                                                         |                    +--no:  f_213 > 0.0
|             |                                                                                                                                                         |                           +--yes: [1] [2.0]: 2
|             |                                                                                                                                                         |                           +--no:  f_33 > 0.0
|             |                                                                                                                                                         |                                  +--yes: [1] [2.0]: 3
|             |                                                                                                                                                         |                                  +--no:  [0] [11.0]: 12
|             |                                                                                                                                                         +--no:  cpi_9606.ENSP00000265100 > 0.0
|             |                                                                                                                                                                +--yes: [0] [2.0]: 2
|             |                                                                                                                                                                +--no:  f_297 > 0.0
|             |                                                                                                                                                                       +--yes: f_180 > 0.0
|             |                                                                                                                                                                       |      +--yes: [1] [6.0]: 6
|             |                                                                                                                                                                       |      +--no:  [0] [4.0]: 5
|             |                                                                                                                                                                       +--no:  [1] [471.0]: 522
|             +--no:  f_696 > 0.0
|                    +--yes: cpi_9606.ENSP00000265724 > 0.0
|                    |      +--yes: cpi_9606.ENSP00000216540 > 150.0
|                    |      |      +--yes: cpi_9606.ENSP00000003100 > 227.0
|                    |      |      |      +--yes: [0] [2.0]: 2
|                    |      |      |      +--no:  [1] [2.0]: 2
|                    |      |      +--no:  [1] [36.0]: 36
|                    |      +--no:  cpi_9606.ENSP00000221130 > 263.0
|                    |             +--yes: [0] [3.0]: 3
|                    |             +--no:  cpi_9606.ENSP00000377640 > 161.0
|                    |                    +--yes: [0] [3.0]: 3
|                    |                    +--no:  f_818 > 0.0
|                    |                           +--yes: cpi_9606.ENSP00000369816 > 264.0
|                    |                           |      +--yes: [1] [11.0]: 11
|                    |                           |      +--no:  f_255 > 0.0
|                    |                           |             +--yes: f_686 > 0.0
|                    |                           |             |      +--yes: [0] [2.0]: 2
|                    |                           |             |      +--no:  [1] [15.0]: 16
|                    |                           |             +--no:  cpi_9606.ENSP00000264708 > 0.0
|                    |                           |                    +--yes: [1] [9.0]: 10
|                    |                           |                    +--no:  cpi_9606.ENSP00000231509 > 974.0
|                    |                           |                           +--yes: [1] [4.0]: 4
|                    |                           |                           +--no:  cpi_9606.ENSP00000341390 > 216.0
|                    |                           |                                  +--yes: [0] [9.0]: 9
|                    |                           |                                  +--no:  cpi_9606.ENSP00000206249 > 209.0
|                    |                           |                                         +--yes: [1] [4.0]: 4
|                    |                           |                                         +--no:  cpi_9606.ENSP00000231509 > 833.0
|                    |                           |                                                +--yes: [1] [3.0]: 3
|                    |                           |                                                +--no:  cpi_9606.ENSP00000362576 > 0.0
|                    |                           |                                                       +--yes: [1] [3.0]: 3
|                    |                           |                                                       +--no:  cpi_9606.ENSP00000011653 > 0.0
|                    |                           |                                                              +--yes: [1] [2.0]: 2
|                    |                           |                                                              +--no:  cpi_9606.ENSP00000337915 > 0.0
|                    |                           |                                                                     +--yes: [1] [2.0]: 3
|                    |                           |                                                                     +--no:  [0] [16.0]: 20
|                    |                           +--no:  f_374 > 0.0
|                    |                                  +--yes: [1] [35.0]: 36
|                    |                                  +--no:  f_639 > 0.0
|                    |                                         +--yes: [1] [3.0]: 3
|                    |                                         +--no:  [0] [3.0]: 4
|                    +--no:  cpi_9606.ENSP00000363832 > 0.0
|                           +--yes: [1] [7.0]: 7
|                           +--no:  f_416 > 0.0
|                                  +--yes: f_294 > 0.0
|                                  |      +--yes: [1] [2.0]: 3
|                                  |      +--no:  [0] [15.0]: 16
|                                  +--no:  cpi_9606.ENSP00000302728 > 152.0
|                                         +--yes: [0] [8.0]: 8
|                                         +--no:  cpi_9606.ENSP00000178638 > 0.0
|                                                +--yes: [0] [2.0]: 2
|                                                +--no:  [1] [18.0]: 23
+--no:  cpi_9606.ENSP00000361125 > 525.0
       +--yes: [1] [7.0]: 8
       +--no:  f_18 > 0.0
              +--yes: cpi_9606.ENSP00000258743 > 169.0
              |      +--yes: cpi_9606.ENSP00000217386 > 0.0
              |      |      +--yes: [1] [2.0]: 2
              |      |      +--no:  [0] [10.0]: 10
              |      +--no:  f_0 > 0.0
              |             +--yes: [0] [2.0]: 3
              |             +--no:  [1] [9.0]: 10
              +--no:  cpi_9606.ENSP00000256010 > 0.0
                     +--yes: cpi_9606.ENSP00000001008 > 0.0
                     |      +--yes: [0] [2.0]: 2
                     |      +--no:  [1] [2.0]: 2
                     +--no:  [0] [23.0]: 24

