Clus run ['se_C0011603']
************************

Date: 27/04/2025, 10:43
File: cpi_fingerprint_dataset_se_C0011603_settings.out
Attributes: 2151 (input: 2150, output: 1)
Missing values: No

[General]
Verbose = 1
RandomSeed = 43
ResourceInfoLoaded = No
DoNotInduce = No
LoggingProperties = logging.properties

[Data]
File = C:\Users\KostasVoror\Projects\sep\SIDER_dataset\binary_datasets\cpi_fingerprint_dataset_se_C0011603.arff
TestSet = None
PruneSet = None
XVal = 10
RemoveMissingTarget = No
NormalizeData = None

[Attributes]
Target = 2151
Clustering = 2151
Descriptive = 1-2150
Key = None
Disable = None
Weights = Normalize
ClusteringWeights = 1.0
ReduceMemoryNominalAttrs = No
GIS = None

[Constraints]
Syntactic = None
MaxSize = Infinity
MaxError = 0.0
MaxDepth = Infinity

[Nominal]
MEstimate = 1.0

[Model]
MinimalWeight = 2.0
MinimalNumberExamples = 0
MinimalKnownWeight = 0.0
ParamTuneNumberFolds = 3
NominalSubsetTests = Yes
LoadFromModelFile = No

[Tree]
Heuristic = VarianceReduction
HeuristicComplexity = N2
SetDistance = GSMDistance
TupleDistance = Euclidean
TSDistance = DTW
PruningMethod = C45
FTest = 1.0
BinarySplit = Yes
ConvertToRules = No
AlternativeSplits = No
Optimize = []
MSENominal = No
SplitSampling = None
MissingClusteringAttrHandling = EstimateFromParentNode
MissingTargetAttrHandling = ParentNode
InductionOrder = DepthFirst
EntropyType = StandardEntropy
ConsiderUnlableInstancesInIGCalc = No
SpatialMatrix = Binary
SpatialMeasure = GlobalMoran
Bandwidth = 0.001
Longlat = No
NumNeightbours = 0.0
Alpha = 1.0
SplitPosition = Exact

[SemiSupervised]
SemiSupervisedMethod = PCT
StoppingCriteria = NoneAdded
UnlabeledCriteria = Threshold
ConfidenceThreshold = 0.8
ConfidenceMeasure = Variance
Iterations = 10
K = 5
UnlabeledData = 
PercentageLabeled = 5
UseWeights = No
AirbagTrials = 0
ExhaustiveSearchThresholds = [0.5,0.6,0.7,0.8,0.9,0.99]
OOBErrorCalculation = LabeledOnly
Normalization = MinMaxNormalization
Aggregation = Average
CalibrateHmcThreshold = No
PruningWhenTuning = No
InternalFolds = 5
WeightScoresFile = NO
PossibleWeights = [0.0,0.1,0.2,0.3,0.4,0.5,0.6,0.7,0.8,0.9,1.0]
IterationsSupervisionOptimisation = 0
ForceInternalXValOptimisation = No
ImputeMissingTargetValues = No
InternalFold = -1234
ProceedToMain = Yes

[Output]
ShowModels = [Default, Pruned, Others]
TrainErrors = Yes
ValidErrors = Yes
TestErrors = Yes
AllFoldModels = Yes
AllFoldErrors = No
AllFoldDatasets = No
UnknownFrequency = No
BranchFrequency = No
ShowInfo = [Count]
PrintModelAndExamples = No
WriteErrorFile = No
WriteModelFile = No
WritePerBagModelFile = Yes
WriteOOBFile = No
WritePredictions = []
GzipOutput = No
ModelIDFiles = No
WriteCurves = No
OutputPythonModel = No
PythonModelType = Object
OutputROSSubspaces = No
OutputJSONModel = No
OutputDatabaseQueries = No
OutputClowdFlowsJSON = No
ComputeSpearman = No

Run: 01
*******

Statistics
----------

FTValue (FTest): 1.0
Induction Time: 1.052 sec
Pruning Time: 7.0000E-3 sec
Prediction Time (total for ClusModel.Original): 
	0 microsecs
	0 millisecs
	0 secs
Prediction Time (average for ClusModel.Original): 0 microsecs
Model information:
     Default: Nodes = 1; Leaves = 1; Depth = 1
     Original: Nodes = 273; Leaves = 137; Depth = 49
     Pruned: Nodes = 231; Leaves = 116; Depth = 46

Training error
--------------

Number of examples: 1394
Classification Error
   Default: 
   Attribute: se_C0011603
     REAL\PRED |    1 | 0 |
     ---------------------------
             1 | 1070 | 0 | 1070
             0 |  324 | 0 |  324
     ---------------------------
               | 1394 | 0 | 1394
     Accuracy: 7.675753E-1
     Cramer's coefficient: 0

   Original: 
   Attribute: se_C0011603
     REAL\PRED |    1 |   0 |
     -----------------------------
             1 | 1068 |   2 | 1070
             0 |   50 | 274 |  324
     -----------------------------
               | 1118 | 276 | 1394
     Accuracy: 9.626973E-1
     Cramer's coefficient: 8.944036E-1

   Pruned: 
   Attribute: se_C0011603
     REAL\PRED |    1 |   0 |
     -----------------------------
             1 | 1054 |  16 | 1070
             0 |   40 | 284 |  324
     -----------------------------
               | 1094 | 300 | 1394
     Accuracy: 9.598278E-1
     Cramer's coefficient: 8.855146E-1

Weighted mean squared error (MSE) for Nominal Attributes (Weights [2.803])
   Default        : [1]
   Original       : [1.5869E-1]
   Pruned         : [2.0016E-1]
averageAUROC
   Default        : 5.000000E-1
   Original       : 9.774749E-1
   Pruned         : 9.672724E-1
averageAUPRC
   Default        : 7.675753E-1
   Original       : 9.913989E-1
   Pruned         : 9.870388E-1

Testing error
-------------

Number of examples: 1394
Classification Error
   Default: 
   Attribute: se_C0011603
     REAL\PRED |    1 | 0 |
     ---------------------------
             1 | 1070 | 0 | 1070
             0 |  324 | 0 |  324
     ---------------------------
               | 1394 | 0 | 1394
     Accuracy: 7.675753E-1
     Cramer's coefficient: 0

   Original: 
   Attribute: se_C0011603
     REAL\PRED |    1 |   0 |
     -----------------------------
             1 |  838 | 232 | 1070
             0 |  240 |  84 |  324
     -----------------------------
               | 1078 | 316 | 1394
     Accuracy: 6.614060E-1
     Cramer's coefficient: 4.281090E-2

   Pruned: 
   Attribute: se_C0011603
     REAL\PRED |    1 |   0 |
     -----------------------------
             1 |  842 | 228 | 1070
             0 |  239 |  85 |  324
     -----------------------------
               | 1081 | 313 | 1394
     Accuracy: 6.649928E-1
     Cramer's coefficient: 4.986406E-2

Weighted mean squared error (MSE) for Nominal Attributes (Weights [2.803])
   Default        : [1.0042]
   Original       : [1.8059]
   Pruned         : [1.7147]
averageAUROC
   Default        : 4.161186E-1
   Original       : 5.456732E-1
   Pruned         : 5.352861E-1
averageAUPRC
   Default        : 7.192721E-1
   Original       : 7.790204E-1
   Pruned         : 7.722060E-1

Default Model
*************

[1] [1070.0]: 1394

Original Model
**************

f_332 > 0.0
+--yes: cpi_9606.ENSP00000337915 > 0.0
|      +--yes: cpi_9606.ENSP00000229319 > 279.0
|      |      +--yes: [0] [5.0]: 5
|      |      +--no:  cpi_9606.ENSP00000346017 > 150.0
|      |             +--yes: cpi_9606.ENSP00000000442 > 0.0
|      |             |      +--yes: [1] [1.0]: 2
|      |             |      +--no:  [0] [3.0]: 3
|      |             +--no:  cpi_9606.ENSP00000272227 > 156.0
|      |                    +--yes: cpi_9606.ENSP00000216185 > 0.0
|      |                    |      +--yes: [1] [1.0]: 2
|      |                    |      +--no:  [0] [2.0]: 2
|      |                    +--no:  cpi_9606.ENSP00000293230 > 153.0
|      |                           +--yes: cpi_9606.ENSP00000011653 > 0.0
|      |                           |      +--yes: [1] [1.0]: 2
|      |                           |      +--no:  [0] [2.0]: 2
|      |                           +--no:  cpi_9606.ENSP00000416293 > 844.0
|      |                                  +--yes: [0] [2.0]: 2
|      |                                  +--no:  f_726 > 0.0
|      |                                         +--yes: [0] [2.0]: 2
|      |                                         +--no:  cpi_9606.ENSP00000310447 > 171.0
|      |                                                +--yes: cpi_9606.ENSP00000000442 > 0.0
|      |                                                |      +--yes: [1] [2.0]: 2
|      |                                                |      +--no:  [0] [3.0]: 3
|      |                                                +--no:  cpi_9606.ENSP00000234389 > 298.0
|      |                                                       +--yes: [0] [2.0]: 3
|      |                                                       +--no:  cpi_9606.ENSP00000380247 > 993.0
|      |                                                              +--yes: cpi_9606.ENSP00000176183 > 0.0
|      |                                                              |      +--yes: [1] [2.0]: 2
|      |                                                              |      +--no:  [0] [2.0]: 2
|      |                                                              +--no:  cpi_9606.ENSP00000387281 > 932.0
|      |                                                                     +--yes: cpi_9606.ENSP00000001008 > 0.0
|      |                                                                     |      +--yes: [0] [2.0]: 2
|      |                                                                     |      +--no:  [1] [3.0]: 3
|      |                                                                     +--no:  [1] [306.0]: 315
|      +--no:  cpi_9606.ENSP00000268053 > 265.0
|             +--yes: [0] [6.0]: 6
|             +--no:  cpi_9606.ENSP00000256104 > 180.0
|                    +--yes: cpi_9606.ENSP00000011653 > 166.0
|                    |      +--yes: [1] [1.0]: 2
|                    |      +--no:  [0] [6.0]: 6
|                    +--no:  cpi_9606.ENSP00000306129 > 935.0
|                           +--yes: [0] [5.0]: 5
|                           +--no:  cpi_9606.ENSP00000255030 > 154.0
|                                  +--yes: cpi_9606.ENSP00000237858 > 166.0
|                                  |      +--yes: [0] [3.0]: 3
|                                  |      +--no:  cpi_9606.ENSP00000223366 > 261.0
|                                  |             +--yes: cpi_9606.ENSP00000003084 > 0.0
|                                  |             |      +--yes: [1] [1.0]: 2
|                                  |             |      +--no:  [0] [2.0]: 2
|                                  |             +--no:  cpi_9606.ENSP00000270570 > 165.0
|                                  |                    +--yes: [1] [1.0]: 2
|                                  |                    +--no:  f_199 > 0.0
|                                  |                           +--yes: cpi_9606.ENSP00000295897 > 0.0
|                                  |                           |      +--yes: [1] [7.0]: 7
|                                  |                           |      +--no:  [0] [2.0]: 2
|                                  |                           +--no:  [1] [92.0]: 92
|                                  +--no:  cpi_9606.ENSP00000251595 > 173.0
|                                         +--yes: cpi_9606.ENSP00000003084 > 186.0
|                                         |      +--yes: [1] [1.0]: 2
|                                         |      +--no:  [0] [6.0]: 6
|                                         +--no:  cpi_9606.ENSP00000272847 > 184.0
|                                                +--yes: [0] [5.0]: 5
|                                                +--no:  cpi_9606.ENSP00000288135 > 177.0
|                                                       +--yes: [1] [37.0]: 37
|                                                       +--no:  cpi_9606.ENSP00000290866 > 260.0
|                                                              +--yes: [1] [39.0]: 40
|                                                              +--no:  cpi_9606.ENSP00000344173 > 0.0
|                                                                     +--yes: cpi_9606.ENSP00000003084 > 0.0
|                                                                     |      +--yes: [1] [1.0]: 2
|                                                                     |      +--no:  [0] [4.0]: 4
|                                                                     +--no:  cpi_9606.ENSP00000222553 > 0.0
|                                                                            +--yes: [0] [3.0]: 3
|                                                                            +--no:  cpi_9606.ENSP00000260356 > 210.0
|                                                                                   +--yes: [0] [3.0]: 3
|                                                                                   +--no:  f_716 > 0.0
|                                                                                          +--yes: cpi_9606.ENSP00000366416 > 0.0
|                                                                                          |      +--yes: cpi_9606.ENSP00000257068 > 0.0
|                                                                                          |      |      +--yes: [1] [2.0]: 2
|                                                                                          |      |      +--no:  [0] [8.0]: 8
|                                                                                          |      +--no:  f_697 > 0.0
|                                                                                          |             +--yes: f_406 > 0.0
|                                                                                          |             |      +--yes: [1] [13.0]: 13
|                                                                                          |             |      +--no:  f_256 > 0.0
|                                                                                          |             |             +--yes: [1] [5.0]: 5
|                                                                                          |             |             +--no:  [0] [2.0]: 2
|                                                                                          |             +--no:  f_338 > 0.0
|                                                                                          |                    +--yes: cpi_9606.ENSP00000396704 > 170.0
|                                                                                          |                    |      +--yes: [1] [4.0]: 4
|                                                                                          |                    |      +--no:  f_366 > 0.0
|                                                                                          |                    |             +--yes: [1] [3.0]: 3
|                                                                                          |                    |             +--no:  [0] [2.0]: 2
|                                                                                          |                    +--no:  f_365 > 0.0
|                                                                                          |                           +--yes: cpi_9606.ENSP00000155840 > 0.0
|                                                                                          |                           |      +--yes: [1] [1.0]: 2
|                                                                                          |                           |      +--no:  [0] [10.0]: 10
|                                                                                          |                           +--no:  [1] [4.0]: 5
|                                                                                          +--no:  cpi_9606.ENSP00000265403 > 199.0
|                                                                                                 +--yes: [0] [3.0]: 3
|                                                                                                 +--no:  cpi_9606.ENSP00000301908 > 172.0
|                                                                                                        +--yes: [0] [3.0]: 3
|                                                                                                        +--no:  cpi_9606.ENSP00000332369 > 158.0
|                                                                                                               +--yes: f_540 > 0.0
|                                                                                                               |      +--yes: [0] [7.0]: 7
|                                                                                                               |      +--no:  [1] [4.0]: 4
|                                                                                                               +--no:  cpi_9606.ENSP00000313681 > 166.0
|                                                                                                                      +--yes: [0] [3.0]: 3
|                                                                                                                      +--no:  cpi_9606.ENSP00000329623 > 0.0
|                                                                                                                             +--yes: [1] [27.0]: 27
|                                                                                                                             +--no:  cpi_9606.ENSP00000337773 > 180.0
|                                                                                                                                    +--yes: [0] [4.0]: 4
|                                                                                                                                    +--no:  cpi_9606.ENSP00000265572 > 188.0
|                                                                                                                                           +--yes: cpi_9606.ENSP00000256119 > 190.0
|                                                                                                                                           |      +--yes: [0] [2.0]: 2
|                                                                                                                                           |      +--no:  cpi_9606.ENSP00000255262 > 362.0
|                                                                                                                                           |             +--yes: cpi_9606.ENSP00000216629 > 369.0
|                                                                                                                                           |             |      +--yes: [1] [4.0]: 4
|                                                                                                                                           |             |      +--no:  [0] [2.0]: 2
|                                                                                                                                           |             +--no:  [1] [51.0]: 52
|                                                                                                                                           +--no:  cpi_9606.ENSP00000267549 > 185.0
|                                                                                                                                                  +--yes: [0] [4.0]: 4
|                                                                                                                                                  +--no:  f_297 > 0.0
|                                                                                                                                                         +--yes: f_19 > 0.0
|                                                                                                                                                         |      +--yes: [0] [4.0]: 4
|                                                                                                                                                         |      +--no:  [1] [2.0]: 3
|                                                                                                                                                         +--no:  f_560 > 0.0
|                                                                                                                                                                +--yes: cpi_9606.ENSP00000306490 > 478.0
|                                                                                                                                                                |      +--yes: [0] [3.0]: 3
|                                                                                                                                                                |      +--no:  cpi_9606.ENSP00000234071 > 170.0
|                                                                                                                                                                |             +--yes: cpi_9606.ENSP00000225275 > 0.0
|                                                                                                                                                                |             |      +--yes: [1] [1.0]: 2
|                                                                                                                                                                |             |      +--no:  [0] [2.0]: 2
|                                                                                                                                                                |             +--no:  f_681 > 0.0
|                                                                                                                                                                |                    +--yes: f_3 > 0.0
|                                                                                                                                                                |                    |      +--yes: [0] [3.0]: 3
|                                                                                                                                                                |                    |      +--no:  [1] [5.0]: 6
|                                                                                                                                                                |                    +--no:  f_299 > 0.0
|                                                                                                                                                                |                           +--yes: cpi_9606.ENSP00000362353 > 0.0
|                                                                                                                                                                |                           |      +--yes: f_199 > 0.0
|                                                                                                                                                                |                           |      |      +--yes: [1] [2.0]: 2
|                                                                                                                                                                |                           |      |      +--no:  [0] [2.0]: 2
|                                                                                                                                                                |                           |      +--no:  [1] [90.0]: 93
|                                                                                                                                                                |                           +--no:  f_633 > 0.0
|                                                                                                                                                                |                                  +--yes: [1] [9.0]: 9
|                                                                                                                                                                |                                  +--no:  cpi_9606.ENSP00000260970 > 0.0
|                                                                                                                                                                |                                         +--yes: [1] [1.0]: 2
|                                                                                                                                                                |                                         +--no:  [0] [4.0]: 4
|                                                                                                                                                                +--no:  f_462 > 0.0
|                                                                                                                                                                       +--yes: cpi_9606.ENSP00000003084 > 0.0
|                                                                                                                                                                       |      +--yes: [0] [3.0]: 3
|                                                                                                                                                                       |      +--no:  cpi_9606.ENSP00000039007 > 0.0
|                                                                                                                                                                       |             +--yes: [0] [3.0]: 3
|                                                                                                                                                                       |             +--no:  cpi_9606.ENSP00000225371 > 150.0
|                                                                                                                                                                       |                    +--yes: [0] [2.0]: 2
|                                                                                                                                                                       |                    +--no:  [1] [73.0]: 77
|                                                                                                                                                                       +--no:  cpi_9606.ENSP00000367309 > 158.0
|                                                                                                                                                                              +--yes: [1] [22.0]: 23
|                                                                                                                                                                              +--no:  cpi_9606.ENSP00000350616 > 322.0
|                                                                                                                                                                                     +--yes: [0] [4.0]: 4
|                                                                                                                                                                                     +--no:  cpi_9606.ENSP00000263817 > 155.0
|                                                                                                                                                                                            +--yes: [1] [16.0]: 16
|                                                                                                                                                                                            +--no:  f_682 > 0.0
|                                                                                                                                                                                                   +--yes: f_46 > 0.0
|                                                                                                                                                                                                   |      +--yes: [0] [3.0]: 3
|                                                                                                                                                                                                   |      +--no:  cpi_9606.ENSP00000340684 > 0.0
|                                                                                                                                                                                                   |             +--yes: [0] [2.0]: 2
|                                                                                                                                                                                                   |             +--no:  f_206 > 0.0
|                                                                                                                                                                                                   |                    +--yes: f_143 > 0.0
|                                                                                                                                                                                                   |                    |      +--yes: [0] [2.0]: 2
|                                                                                                                                                                                                   |                    |      +--no:  [1] [4.0]: 4
|                                                                                                                                                                                                   |                    +--no:  [1] [34.0]: 34
|                                                                                                                                                                                                   +--no:  f_693 > 0.0
|                                                                                                                                                                                                          +--yes: f_597 > 0.0
|                                                                                                                                                                                                          |      +--yes: [1] [3.0]: 4
|                                                                                                                                                                                                          |      +--no:  [0] [12.0]: 12
|                                                                                                                                                                                                          +--no:  f_600 > 0.0
|                                                                                                                                                                                                                 +--yes: cpi_9606.ENSP00000303540 > 0.0
|                                                                                                                                                                                                                 |      +--yes: [1] [4.0]: 4
|                                                                                                                                                                                                                 |      +--no:  cpi_9606.ENSP00000340820 > 0.0
|                                                                                                                                                                                                                 |             +--yes: [1] [3.0]: 3
|                                                                                                                                                                                                                 |             +--no:  f_646 > 0.0
|                                                                                                                                                                                                                 |                    +--yes: f_755 > 0.0
|                                                                                                                                                                                                                 |                    |      +--yes: [0] [2.0]: 2
|                                                                                                                                                                                                                 |                    |      +--no:  f_580 > 0.0
|                                                                                                                                                                                                                 |                    |             +--yes: [0] [2.0]: 3
|                                                                                                                                                                                                                 |                    |             +--no:  [1] [7.0]: 8
|                                                                                                                                                                                                                 |                    +--no:  cpi_9606.ENSP00000199280 > 0.0
|                                                                                                                                                                                                                 |                           +--yes: [1] [2.0]: 2
|                                                                                                                                                                                                                 |                           +--no:  cpi_9606.ENSP00000305372 > 178.0
|                                                                                                                                                                                                                 |                                  +--yes: [1] [2.0]: 2
|                                                                                                                                                                                                                 |                                  +--no:  cpi_9606.ENSP00000216911 > 0.0
|                                                                                                                                                                                                                 |                                         +--yes: [1] [1.0]: 2
|                                                                                                                                                                                                                 |                                         +--no:  [0] [15.0]: 15
|                                                                                                                                                                                                                 +--no:  cpi_9606.ENSP00000284981 > 0.0
|                                                                                                                                                                                                                        +--yes: [0] [3.0]: 3
|                                                                                                                                                                                                                        +--no:  cpi_9606.ENSP00000299178 > 180.0
|                                                                                                                                                                                                                               +--yes: [0] [3.0]: 3
|                                                                                                                                                                                                                               +--no:  cpi_9606.ENSP00000361125 > 350.0
|                                                                                                                                                                                                                                      +--yes: [0] [3.0]: 3
|                                                                                                                                                                                                                                      +--no:  cpi_9606.ENSP00000338345 > 155.0
|                                                                                                                                                                                                                                             +--yes: [1] [15.0]: 15
|                                                                                                                                                                                                                                             +--no:  cpi_9606.ENSP00000380247 > 0.0
|                                                                                                                                                                                                                                                    +--yes: f_579 > 0.0
|                                                                                                                                                                                                                                                    |      +--yes: [1] [4.0]: 4
|                                                                                                                                                                                                                                                    |      +--no:  [0] [6.0]: 6
|                                                                                                                                                                                                                                                    +--no:  cpi_9606.ENSP00000299855 > 150.0
|                                                                                                                                                                                                                                                           +--yes: [0] [2.0]: 2
|                                                                                                                                                                                                                                                           +--no:  cpi_9606.ENSP00000303208 > 250.0
|                                                                                                                                                                                                                                                                  +--yes: [0] [2.0]: 2
|                                                                                                                                                                                                                                                                  +--no:  cpi_9606.ENSP00000316786 > 0.0
|                                                                                                                                                                                                                                                                         +--yes: [0] [2.0]: 2
|                                                                                                                                                                                                                                                                         +--no:  f_420 > 0.0
|                                                                                                                                                                                                                                                                                +--yes: cpi_9606.ENSP00000380318 > 0.0
|                                                                                                                                                                                                                                                                                |      +--yes: [0] [2.0]: 2
|                                                                                                                                                                                                                                                                                |      +--no:  f_116 > 0.0
|                                                                                                                                                                                                                                                                                |             +--yes: [0] [2.0]: 2
|                                                                                                                                                                                                                                                                                |             +--no:  f_215 > 0.0
|                                                                                                                                                                                                                                                                                |                    +--yes: cpi_9606.ENSP00000264162 > 0.0
|                                                                                                                                                                                                                                                                                |                    |      +--yes: [1] [2.0]: 2
|                                                                                                                                                                                                                                                                                |                    |      +--no:  [0] [2.0]: 2
|                                                                                                                                                                                                                                                                                |                    +--no:  f_471 > 0.0
|                                                                                                                                                                                                                                                                                |                           +--yes: [1] [2.0]: 4
|                                                                                                                                                                                                                                                                                |                           +--no:  cpi_9606.ENSP00000217386 > 176.0
|                                                                                                                                                                                                                                                                                |                                  +--yes: [1] [1.0]: 2
|                                                                                                                                                                                                                                                                                |                                  +--no:  cpi_9606.ENSP00000232892 > 0.0
|                                                                                                                                                                                                                                                                                |                                         +--yes: [1] [1.0]: 2
|                                                                                                                                                                                                                                                                                |                                         +--no:  f_528 > 0.0
|                                                                                                                                                                                                                                                                                |                                                +--yes: f_334 > 0.0
|                                                                                                                                                                                                                                                                                |                                                |      +--yes: [0] [2.0]: 2
|                                                                                                                                                                                                                                                                                |                                                |      +--no:  [1] [20.0]: 22
|                                                                                                                                                                                                                                                                                |                                                +--no:  [1] [47.0]: 47
|                                                                                                                                                                                                                                                                                +--no:  f_578 > 0.0
|                                                                                                                                                                                                                                                                                       +--yes: cpi_9606.ENSP00000386069 > 172.0
|                                                                                                                                                                                                                                                                                       |      +--yes: [1] [5.0]: 5
|                                                                                                                                                                                                                                                                                       |      +--no:  cpi_9606.ENSP00000387662 > 0.0
|                                                                                                                                                                                                                                                                                       |             +--yes: [1] [3.0]: 3
|                                                                                                                                                                                                                                                                                       |             +--no:  cpi_9606.ENSP00000267119 > 0.0
|                                                                                                                                                                                                                                                                                       |                    +--yes: [1] [2.0]: 2
|                                                                                                                                                                                                                                                                                       |                    +--no:  cpi_9606.ENSP00000363868 > 0.0
|                                                                                                                                                                                                                                                                                       |                           +--yes: [1] [2.0]: 2
|                                                                                                                                                                                                                                                                                       |                           +--no:  f_193 > 0.0
|                                                                                                                                                                                                                                                                                       |                                  +--yes: [1] [2.0]: 4
|                                                                                                                                                                                                                                                                                       |                                  +--no:  cpi_9606.ENSP00000264382 > 0.0
|                                                                                                                                                                                                                                                                                       |                                         +--yes: [1] [1.0]: 2
|                                                                                                                                                                                                                                                                                       |                                         +--no:  [0] [12.0]: 12
|                                                                                                                                                                                                                                                                                       +--no:  [1] [15.0]: 17
+--no:  cpi_9606.ENSP00000257254 > 236.0
       +--yes: [0] [9.0]: 9
       +--no:  cpi_9606.ENSP00000290866 > 208.0
              +--yes: [1] [14.0]: 15
              +--no:  cpi_9606.ENSP00000221130 > 173.0
                     +--yes: cpi_9606.ENSP00000273550 > 0.0
                     |      +--yes: [1] [3.0]: 3
                     |      +--no:  [0] [16.0]: 16
                     +--no:  cpi_9606.ENSP00000264613 > 0.0
                            +--yes: [0] [4.0]: 4
                            +--no:  cpi_9606.ENSP00000358867 > 0.0
                                   +--yes: [0] [3.0]: 3
                                   +--no:  cpi_9606.ENSP00000258743 > 0.0
                                          +--yes: [1] [9.0]: 9
                                          +--no:  cpi_9606.ENSP00000371985 > 189.0
                                                 +--yes: [0] [4.0]: 4
                                                 +--no:  cpi_9606.ENSP00000244051 > 0.0
                                                        +--yes: [0] [3.0]: 3
                                                        +--no:  cpi_9606.ENSP00000253792 > 0.0
                                                               +--yes: [0] [2.0]: 2
                                                               +--no:  f_26 > 0.0
                                                                      +--yes: [0] [2.0]: 2
                                                                      +--no:  f_314 > 0.0
                                                                             +--yes: cpi_9606.ENSP00000349078 > 0.0
                                                                             |      +--yes: [1] [2.0]: 2
                                                                             |      +--no:  [0] [2.0]: 2
                                                                             +--no:  [1] [23.0]: 25

Pruned Model
************

f_332 > 0.0
+--yes: cpi_9606.ENSP00000337915 > 0.0
|      +--yes: cpi_9606.ENSP00000229319 > 279.0
|      |      +--yes: [0] [5.0]: 5
|      |      +--no:  cpi_9606.ENSP00000346017 > 150.0
|      |             +--yes: [0] [4.0]: 5
|      |             +--no:  cpi_9606.ENSP00000272227 > 156.0
|      |                    +--yes: [0] [3.0]: 4
|      |                    +--no:  cpi_9606.ENSP00000293230 > 153.0
|      |                           +--yes: [0] [3.0]: 4
|      |                           +--no:  cpi_9606.ENSP00000416293 > 844.0
|      |                                  +--yes: [0] [2.0]: 2
|      |                                  +--no:  f_726 > 0.0
|      |                                         +--yes: [0] [2.0]: 2
|      |                                         +--no:  cpi_9606.ENSP00000310447 > 171.0
|      |                                                +--yes: cpi_9606.ENSP00000000442 > 0.0
|      |                                                |      +--yes: [1] [2.0]: 2
|      |                                                |      +--no:  [0] [3.0]: 3
|      |                                                +--no:  cpi_9606.ENSP00000234389 > 298.0
|      |                                                       +--yes: [0] [2.0]: 3
|      |                                                       +--no:  cpi_9606.ENSP00000380247 > 993.0
|      |                                                              +--yes: cpi_9606.ENSP00000176183 > 0.0
|      |                                                              |      +--yes: [1] [2.0]: 2
|      |                                                              |      +--no:  [0] [2.0]: 2
|      |                                                              +--no:  [1] [309.0]: 320
|      +--no:  cpi_9606.ENSP00000268053 > 265.0
|             +--yes: [0] [6.0]: 6
|             +--no:  cpi_9606.ENSP00000256104 > 180.0
|                    +--yes: [0] [7.0]: 8
|                    +--no:  cpi_9606.ENSP00000306129 > 935.0
|                           +--yes: [0] [5.0]: 5
|                           +--no:  cpi_9606.ENSP00000255030 > 154.0
|                                  +--yes: cpi_9606.ENSP00000237858 > 166.0
|                                  |      +--yes: [0] [3.0]: 3
|                                  |      +--no:  cpi_9606.ENSP00000223366 > 261.0
|                                  |             +--yes: [0] [3.0]: 4
|                                  |             +--no:  f_199 > 0.0
|                                  |                    +--yes: cpi_9606.ENSP00000295897 > 0.0
|                                  |                    |      +--yes: [1] [8.0]: 8
|                                  |                    |      +--no:  [0] [2.0]: 2
|                                  |                    +--no:  [1] [92.0]: 93
|                                  +--no:  cpi_9606.ENSP00000251595 > 173.0
|                                         +--yes: [0] [7.0]: 8
|                                         +--no:  cpi_9606.ENSP00000272847 > 184.0
|                                                +--yes: [0] [5.0]: 5
|                                                +--no:  cpi_9606.ENSP00000288135 > 177.0
|                                                       +--yes: [1] [37.0]: 37
|                                                       +--no:  cpi_9606.ENSP00000290866 > 260.0
|                                                              +--yes: [1] [39.0]: 40
|                                                              +--no:  cpi_9606.ENSP00000344173 > 0.0
|                                                                     +--yes: [0] [5.0]: 6
|                                                                     +--no:  cpi_9606.ENSP00000222553 > 0.0
|                                                                            +--yes: [0] [3.0]: 3
|                                                                            +--no:  cpi_9606.ENSP00000260356 > 210.0
|                                                                                   +--yes: [0] [3.0]: 3
|                                                                                   +--no:  f_716 > 0.0
|                                                                                          +--yes: cpi_9606.ENSP00000366416 > 0.0
|                                                                                          |      +--yes: cpi_9606.ENSP00000257068 > 0.0
|                                                                                          |      |      +--yes: [1] [2.0]: 2
|                                                                                          |      |      +--no:  [0] [8.0]: 8
|                                                                                          |      +--no:  f_697 > 0.0
|                                                                                          |             +--yes: f_406 > 0.0
|                                                                                          |             |      +--yes: [1] [13.0]: 13
|                                                                                          |             |      +--no:  f_256 > 0.0
|                                                                                          |             |             +--yes: [1] [5.0]: 5
|                                                                                          |             |             +--no:  [0] [2.0]: 2
|                                                                                          |             +--no:  f_338 > 0.0
|                                                                                          |                    +--yes: cpi_9606.ENSP00000396704 > 170.0
|                                                                                          |                    |      +--yes: [1] [4.0]: 4
|                                                                                          |                    |      +--no:  f_366 > 0.0
|                                                                                          |                    |             +--yes: [1] [3.0]: 3
|                                                                                          |                    |             +--no:  [0] [2.0]: 2
|                                                                                          |                    +--no:  f_365 > 0.0
|                                                                                          |                           +--yes: [0] [11.0]: 12
|                                                                                          |                           +--no:  [1] [4.0]: 5
|                                                                                          +--no:  cpi_9606.ENSP00000265403 > 199.0
|                                                                                                 +--yes: [0] [3.0]: 3
|                                                                                                 +--no:  cpi_9606.ENSP00000301908 > 172.0
|                                                                                                        +--yes: [0] [3.0]: 3
|                                                                                                        +--no:  cpi_9606.ENSP00000332369 > 158.0
|                                                                                                               +--yes: f_540 > 0.0
|                                                                                                               |      +--yes: [0] [7.0]: 7
|                                                                                                               |      +--no:  [1] [4.0]: 4
|                                                                                                               +--no:  cpi_9606.ENSP00000313681 > 166.0
|                                                                                                                      +--yes: [0] [3.0]: 3
|                                                                                                                      +--no:  cpi_9606.ENSP00000329623 > 0.0
|                                                                                                                             +--yes: [1] [27.0]: 27
|                                                                                                                             +--no:  cpi_9606.ENSP00000337773 > 180.0
|                                                                                                                                    +--yes: [0] [4.0]: 4
|                                                                                                                                    +--no:  cpi_9606.ENSP00000265572 > 188.0
|                                                                                                                                           +--yes: cpi_9606.ENSP00000256119 > 190.0
|                                                                                                                                           |      +--yes: [0] [2.0]: 2
|                                                                                                                                           |      +--no:  cpi_9606.ENSP00000255262 > 362.0
|                                                                                                                                           |             +--yes: cpi_9606.ENSP00000216629 > 369.0
|                                                                                                                                           |             |      +--yes: [1] [4.0]: 4
|                                                                                                                                           |             |      +--no:  [0] [2.0]: 2
|                                                                                                                                           |             +--no:  [1] [51.0]: 52
|                                                                                                                                           +--no:  cpi_9606.ENSP00000267549 > 185.0
|                                                                                                                                                  +--yes: [0] [4.0]: 4
|                                                                                                                                                  +--no:  f_297 > 0.0
|                                                                                                                                                         +--yes: f_19 > 0.0
|                                                                                                                                                         |      +--yes: [0] [4.0]: 4
|                                                                                                                                                         |      +--no:  [1] [2.0]: 3
|                                                                                                                                                         +--no:  f_560 > 0.0
|                                                                                                                                                                +--yes: cpi_9606.ENSP00000306490 > 478.0
|                                                                                                                                                                |      +--yes: [0] [3.0]: 3
|                                                                                                                                                                |      +--no:  cpi_9606.ENSP00000234071 > 170.0
|                                                                                                                                                                |             +--yes: [0] [3.0]: 4
|                                                                                                                                                                |             +--no:  f_681 > 0.0
|                                                                                                                                                                |                    +--yes: f_3 > 0.0
|                                                                                                                                                                |                    |      +--yes: [0] [3.0]: 3
|                                                                                                                                                                |                    |      +--no:  [1] [5.0]: 6
|                                                                                                                                                                |                    +--no:  f_299 > 0.0
|                                                                                                                                                                |                           +--yes: cpi_9606.ENSP00000362353 > 0.0
|                                                                                                                                                                |                           |      +--yes: f_199 > 0.0
|                                                                                                                                                                |                           |      |      +--yes: [1] [2.0]: 2
|                                                                                                                                                                |                           |      |      +--no:  [0] [2.0]: 2
|                                                                                                                                                                |                           |      +--no:  [1] [90.0]: 93
|                                                                                                                                                                |                           +--no:  f_633 > 0.0
|                                                                                                                                                                |                                  +--yes: [1] [9.0]: 9
|                                                                                                                                                                |                                  +--no:  [0] [5.0]: 6
|                                                                                                                                                                +--no:  f_462 > 0.0
|                                                                                                                                                                       +--yes: cpi_9606.ENSP00000003084 > 0.0
|                                                                                                                                                                       |      +--yes: [0] [3.0]: 3
|                                                                                                                                                                       |      +--no:  cpi_9606.ENSP00000039007 > 0.0
|                                                                                                                                                                       |             +--yes: [0] [3.0]: 3
|                                                                                                                                                                       |             +--no:  cpi_9606.ENSP00000225371 > 150.0
|                                                                                                                                                                       |                    +--yes: [0] [2.0]: 2
|                                                                                                                                                                       |                    +--no:  [1] [73.0]: 77
|                                                                                                                                                                       +--no:  cpi_9606.ENSP00000367309 > 158.0
|                                                                                                                                                                              +--yes: [1] [22.0]: 23
|                                                                                                                                                                              +--no:  cpi_9606.ENSP00000350616 > 322.0
|                                                                                                                                                                                     +--yes: [0] [4.0]: 4
|                                                                                                                                                                                     +--no:  cpi_9606.ENSP00000263817 > 155.0
|                                                                                                                                                                                            +--yes: [1] [16.0]: 16
|                                                                                                                                                                                            +--no:  f_682 > 0.0
|                                                                                                                                                                                                   +--yes: f_46 > 0.0
|                                                                                                                                                                                                   |      +--yes: [0] [3.0]: 3
|                                                                                                                                                                                                   |      +--no:  cpi_9606.ENSP00000340684 > 0.0
|                                                                                                                                                                                                   |             +--yes: [0] [2.0]: 2
|                                                                                                                                                                                                   |             +--no:  f_206 > 0.0
|                                                                                                                                                                                                   |                    +--yes: f_143 > 0.0
|                                                                                                                                                                                                   |                    |      +--yes: [0] [2.0]: 2
|                                                                                                                                                                                                   |                    |      +--no:  [1] [4.0]: 4
|                                                                                                                                                                                                   |                    +--no:  [1] [34.0]: 34
|                                                                                                                                                                                                   +--no:  f_693 > 0.0
|                                                                                                                                                                                                          +--yes: f_597 > 0.0
|                                                                                                                                                                                                          |      +--yes: [1] [3.0]: 4
|                                                                                                                                                                                                          |      +--no:  [0] [12.0]: 12
|                                                                                                                                                                                                          +--no:  f_600 > 0.0
|                                                                                                                                                                                                                 +--yes: cpi_9606.ENSP00000303540 > 0.0
|                                                                                                                                                                                                                 |      +--yes: [1] [4.0]: 4
|                                                                                                                                                                                                                 |      +--no:  cpi_9606.ENSP00000340820 > 0.0
|                                                                                                                                                                                                                 |             +--yes: [1] [3.0]: 3
|                                                                                                                                                                                                                 |             +--no:  f_646 > 0.0
|                                                                                                                                                                                                                 |                    +--yes: f_755 > 0.0
|                                                                                                                                                                                                                 |                    |      +--yes: [0] [2.0]: 2
|                                                                                                                                                                                                                 |                    |      +--no:  f_580 > 0.0
|                                                                                                                                                                                                                 |                    |             +--yes: [0] [2.0]: 3
|                                                                                                                                                                                                                 |                    |             +--no:  [1] [7.0]: 8
|                                                                                                                                                                                                                 |                    +--no:  cpi_9606.ENSP00000199280 > 0.0
|                                                                                                                                                                                                                 |                           +--yes: [1] [2.0]: 2
|                                                                                                                                                                                                                 |                           +--no:  cpi_9606.ENSP00000305372 > 178.0
|                                                                                                                                                                                                                 |                                  +--yes: [1] [2.0]: 2
|                                                                                                                                                                                                                 |                                  +--no:  [0] [16.0]: 17
|                                                                                                                                                                                                                 +--no:  cpi_9606.ENSP00000284981 > 0.0
|                                                                                                                                                                                                                        +--yes: [0] [3.0]: 3
|                                                                                                                                                                                                                        +--no:  cpi_9606.ENSP00000299178 > 180.0
|                                                                                                                                                                                                                               +--yes: [0] [3.0]: 3
|                                                                                                                                                                                                                               +--no:  cpi_9606.ENSP00000361125 > 350.0
|                                                                                                                                                                                                                                      +--yes: [0] [3.0]: 3
|                                                                                                                                                                                                                                      +--no:  cpi_9606.ENSP00000338345 > 155.0
|                                                                                                                                                                                                                                             +--yes: [1] [15.0]: 15
|                                                                                                                                                                                                                                             +--no:  cpi_9606.ENSP00000380247 > 0.0
|                                                                                                                                                                                                                                                    +--yes: f_579 > 0.0
|                                                                                                                                                                                                                                                    |      +--yes: [1] [4.0]: 4
|                                                                                                                                                                                                                                                    |      +--no:  [0] [6.0]: 6
|                                                                                                                                                                                                                                                    +--no:  cpi_9606.ENSP00000299855 > 150.0
|                                                                                                                                                                                                                                                           +--yes: [0] [2.0]: 2
|                                                                                                                                                                                                                                                           +--no:  cpi_9606.ENSP00000303208 > 250.0
|                                                                                                                                                                                                                                                                  +--yes: [0] [2.0]: 2
|                                                                                                                                                                                                                                                                  +--no:  cpi_9606.ENSP00000316786 > 0.0
|                                                                                                                                                                                                                                                                         +--yes: [0] [2.0]: 2
|                                                                                                                                                                                                                                                                         +--no:  f_420 > 0.0
|                                                                                                                                                                                                                                                                                +--yes: cpi_9606.ENSP00000380318 > 0.0
|                                                                                                                                                                                                                                                                                |      +--yes: [0] [2.0]: 2
|                                                                                                                                                                                                                                                                                |      +--no:  f_116 > 0.0
|                                                                                                                                                                                                                                                                                |             +--yes: [0] [2.0]: 2
|                                                                                                                                                                                                                                                                                |             +--no:  f_215 > 0.0
|                                                                                                                                                                                                                                                                                |                    +--yes: cpi_9606.ENSP00000264162 > 0.0
|                                                                                                                                                                                                                                                                                |                    |      +--yes: [1] [2.0]: 2
|                                                                                                                                                                                                                                                                                |                    |      +--no:  [0] [2.0]: 2
|                                                                                                                                                                                                                                                                                |                    +--no:  [1] [71.0]: 79
|                                                                                                                                                                                                                                                                                +--no:  f_578 > 0.0
|                                                                                                                                                                                                                                                                                       +--yes: cpi_9606.ENSP00000386069 > 172.0
|                                                                                                                                                                                                                                                                                       |      +--yes: [1] [5.0]: 5
|                                                                                                                                                                                                                                                                                       |      +--no:  cpi_9606.ENSP00000387662 > 0.0
|                                                                                                                                                                                                                                                                                       |             +--yes: [1] [3.0]: 3
|                                                                                                                                                                                                                                                                                       |             +--no:  cpi_9606.ENSP00000267119 > 0.0
|                                                                                                                                                                                                                                                                                       |                    +--yes: [1] [2.0]: 2
|                                                                                                                                                                                                                                                                                       |                    +--no:  cpi_9606.ENSP00000363868 > 0.0
|                                                                                                                                                                                                                                                                                       |                           +--yes: [1] [2.0]: 2
|                                                                                                                                                                                                                                                                                       |                           +--no:  [0] [15.0]: 18
|                                                                                                                                                                                                                                                                                       +--no:  [1] [15.0]: 17
+--no:  cpi_9606.ENSP00000257254 > 236.0
       +--yes: [0] [9.0]: 9
       +--no:  cpi_9606.ENSP00000290866 > 208.0
              +--yes: [1] [14.0]: 15
              +--no:  cpi_9606.ENSP00000221130 > 173.0
                     +--yes: cpi_9606.ENSP00000273550 > 0.0
                     |      +--yes: [1] [3.0]: 3
                     |      +--no:  [0] [16.0]: 16
                     +--no:  cpi_9606.ENSP00000264613 > 0.0
                            +--yes: [0] [4.0]: 4
                            +--no:  cpi_9606.ENSP00000358867 > 0.0
                                   +--yes: [0] [3.0]: 3
                                   +--no:  cpi_9606.ENSP00000258743 > 0.0
                                          +--yes: [1] [9.0]: 9
                                          +--no:  cpi_9606.ENSP00000371985 > 189.0
                                                 +--yes: [0] [4.0]: 4
                                                 +--no:  cpi_9606.ENSP00000244051 > 0.0
                                                        +--yes: [0] [3.0]: 3
                                                        +--no:  cpi_9606.ENSP00000253792 > 0.0
                                                               +--yes: [0] [2.0]: 2
                                                               +--no:  f_26 > 0.0
                                                                      +--yes: [0] [2.0]: 2
                                                                      +--no:  f_314 > 0.0
                                                                             +--yes: cpi_9606.ENSP00000349078 > 0.0
                                                                             |      +--yes: [1] [2.0]: 2
                                                                             |      +--no:  [0] [2.0]: 2
                                                                             +--no:  [1] [23.0]: 25

