Clus run ['se_C0018681']
************************

Date: 27/04/2025, 10:43
File: cpi_dataset_se_C0018681_settings.out
Attributes: 1611 (input: 1610, output: 1)
Missing values: No

[General]
Verbose = 1
RandomSeed = 43
ResourceInfoLoaded = No
DoNotInduce = No
LoggingProperties = logging.properties

[Data]
File = C:\Users\KostasVoror\Projects\sep\SIDER_dataset\binary_datasets\cpi_dataset_se_C0018681.arff
TestSet = None
PruneSet = None
XVal = 10
RemoveMissingTarget = No
NormalizeData = None

[Attributes]
Target = 1611
Clustering = 1611
Descriptive = 1-1610
Key = None
Disable = None
Weights = Normalize
ClusteringWeights = 1.0
ReduceMemoryNominalAttrs = No
GIS = None

[Constraints]
Syntactic = None
MaxSize = Infinity
MaxError = 0.0
MaxDepth = Infinity

[Nominal]
MEstimate = 1.0

[Model]
MinimalWeight = 2.0
MinimalNumberExamples = 0
MinimalKnownWeight = 0.0
ParamTuneNumberFolds = 3
NominalSubsetTests = Yes
LoadFromModelFile = No

[Tree]
Heuristic = VarianceReduction
HeuristicComplexity = N2
SetDistance = GSMDistance
TupleDistance = Euclidean
TSDistance = DTW
PruningMethod = C45
FTest = 1.0
BinarySplit = Yes
ConvertToRules = No
AlternativeSplits = No
Optimize = []
MSENominal = No
SplitSampling = None
MissingClusteringAttrHandling = EstimateFromParentNode
MissingTargetAttrHandling = ParentNode
InductionOrder = DepthFirst
EntropyType = StandardEntropy
ConsiderUnlableInstancesInIGCalc = No
SpatialMatrix = Binary
SpatialMeasure = GlobalMoran
Bandwidth = 0.001
Longlat = No
NumNeightbours = 0.0
Alpha = 1.0
SplitPosition = Exact

[SemiSupervised]
SemiSupervisedMethod = PCT
StoppingCriteria = NoneAdded
UnlabeledCriteria = Threshold
ConfidenceThreshold = 0.8
ConfidenceMeasure = Variance
Iterations = 10
K = 5
UnlabeledData = 
PercentageLabeled = 5
UseWeights = No
AirbagTrials = 0
ExhaustiveSearchThresholds = [0.5,0.6,0.7,0.8,0.9,0.99]
OOBErrorCalculation = LabeledOnly
Normalization = MinMaxNormalization
Aggregation = Average
CalibrateHmcThreshold = No
PruningWhenTuning = No
InternalFolds = 5
WeightScoresFile = NO
PossibleWeights = [0.0,0.1,0.2,0.3,0.4,0.5,0.6,0.7,0.8,0.9,1.0]
IterationsSupervisionOptimisation = 0
ForceInternalXValOptimisation = No
ImputeMissingTargetValues = No
InternalFold = -1234
ProceedToMain = Yes

[Output]
ShowModels = [Default, Pruned, Others]
TrainErrors = Yes
ValidErrors = Yes
TestErrors = Yes
AllFoldModels = Yes
AllFoldErrors = No
AllFoldDatasets = No
UnknownFrequency = No
BranchFrequency = No
ShowInfo = [Count]
PrintModelAndExamples = No
WriteErrorFile = No
WriteModelFile = No
WritePerBagModelFile = Yes
WriteOOBFile = No
WritePredictions = []
GzipOutput = No
ModelIDFiles = No
WriteCurves = No
OutputPythonModel = No
PythonModelType = Object
OutputROSSubspaces = No
OutputJSONModel = No
OutputDatabaseQueries = No
OutputClowdFlowsJSON = No
ComputeSpearman = No

Run: 01
*******

Statistics
----------

FTValue (FTest): 1.0
Induction Time: 9.3100E-1 sec
Pruning Time: 6.0000E-3 sec
Prediction Time (total for ClusModel.Original): 
	0 microsecs
	0 millisecs
	0 secs
Prediction Time (average for ClusModel.Original): 0 microsecs
Model information:
     Default: Nodes = 1; Leaves = 1; Depth = 1
     Original: Nodes = 253; Leaves = 127; Depth = 57
     Pruned: Nodes = 157; Leaves = 79; Depth = 36

Training error
--------------

Number of examples: 1376
Classification Error
   Default: 
   Attribute: se_C0018681
     REAL\PRED |    1 | 0 |
     ---------------------------
             1 | 1082 | 0 | 1082
             0 |  294 | 0 |  294
     ---------------------------
               | 1376 | 0 | 1376
     Accuracy: 7.863372E-1
     Cramer's coefficient: 0

   Original: 
   Attribute: se_C0018681
     REAL\PRED |    1 |   0 |
     -----------------------------
             1 | 1068 |  14 | 1082
             0 |   60 | 234 |  294
     -----------------------------
               | 1128 | 248 | 1376
     Accuracy: 9.462209E-1
     Cramer's coefficient: 8.349438E-1

   Pruned: 
   Attribute: se_C0018681
     REAL\PRED |    1 |   0 |
     -----------------------------
             1 | 1071 |  11 | 1082
             0 |   94 | 200 |  294
     -----------------------------
               | 1165 | 211 | 1376
     Accuracy: 9.236919E-1
     Cramer's coefficient: 7.623009E-1

Weighted mean squared error (MSE) for Nominal Attributes (Weights [2.976])
   Default        : [1]
   Original       : [2.5919E-1]
   Pruned         : [3.9078E-1]
averageAUROC
   Default        : 5.000000E-1
   Original       : 9.498535E-1
   Pruned         : 9.125171E-1
averageAUPRC
   Default        : 7.863372E-1
   Original       : 9.810160E-1
   Pruned         : 9.689963E-1

Testing error
-------------

Number of examples: 1376
Classification Error
   Default: 
   Attribute: se_C0018681
     REAL\PRED |    1 | 0 |
     ---------------------------
             1 | 1082 | 0 | 1082
             0 |  294 | 0 |  294
     ---------------------------
               | 1376 | 0 | 1376
     Accuracy: 7.863372E-1
     Cramer's coefficient: 0

   Original: 
   Attribute: se_C0018681
     REAL\PRED |    1 |   0 |
     -----------------------------
             1 |  862 | 220 | 1082
             0 |  221 |  73 |  294
     -----------------------------
               | 1083 | 293 | 1376
     Accuracy: 6.795058E-1
     Cramer's coefficient: 4.502802E-2

   Pruned: 
   Attribute: se_C0018681
     REAL\PRED |    1 |   0 |
     -----------------------------
             1 |  892 | 190 | 1082
             0 |  229 |  65 |  294
     -----------------------------
               | 1121 | 255 | 1376
     Accuracy: 6.954942E-1
     Cramer's coefficient: 4.798531E-2

Weighted mean squared error (MSE) for Nominal Attributes (Weights [2.976])
   Default        : [1.0019]
   Original       : [1.7589]
   Pruned         : [1.6316]
averageAUROC
   Default        : 4.384706E-1
   Original       : 5.601007E-1
   Pruned         : 5.445996E-1
averageAUPRC
   Default        : 7.566211E-1
   Original       : 8.039957E-1
   Pruned         : 7.977831E-1

Default Model
*************

[1] [1082.0]: 1376

Original Model
**************

cpi_9606.ENSP00000447378 > 247.0
+--yes: cpi_9606.ENSP00000306245 > 847.0
|      +--yes: [1] [5.0]: 5
|      +--no:  cpi_9606.ENSP00000258743 > 865.0
|             +--yes: [1] [3.0]: 3
|             +--no:  cpi_9606.ENSP00000387662 > 0.0
|                    +--yes: cpi_9606.ENSP00000216037 > 188.0
|                    |      +--yes: [1] [1.0]: 2
|                    |      +--no:  [0] [20.0]: 20
|                    +--no:  cpi_9606.ENSP00000219252 > 0.0
|                           +--yes: [0] [4.0]: 4
|                           +--no:  [1] [5.0]: 6
+--no:  cpi_9606.ENSP00000337915 > 517.0
       +--yes: cpi_9606.ENSP00000297258 > 450.0
       |      +--yes: cpi_9606.ENSP00000000442 > 330.0
       |      |      +--yes: [0] [2.0]: 2
       |      |      +--no:  [1] [1.0]: 2
       |      +--no:  cpi_9606.ENSP00000280701 > 185.0
       |             +--yes: [0] [2.0]: 2
       |             +--no:  cpi_9606.ENSP00000293190 > 361.0
       |                    +--yes: [0] [2.0]: 2
       |                    +--no:  cpi_9606.ENSP00000298352 > 152.0
       |                           +--yes: [0] [2.0]: 2
       |                           +--no:  cpi_9606.ENSP00000321999 > 183.0
       |                                  +--yes: cpi_9606.ENSP00000003084 > 0.0
       |                                  |      +--yes: [1] [3.0]: 3
       |                                  |      +--no:  [0] [2.0]: 2
       |                                  +--no:  cpi_9606.ENSP00000216465 > 150.0
       |                                         +--yes: cpi_9606.ENSP00000216911 > 204.0
       |                                         |      +--yes: [1] [3.0]: 3
       |                                         |      +--no:  [0] [2.0]: 2
       |                                         +--no:  cpi_9606.ENSP00000354554 > 158.0
       |                                                +--yes: cpi_9606.ENSP00000324648 > 534.0
       |                                                |      +--yes: [0] [2.0]: 2
       |                                                |      +--no:  [1] [4.0]: 4
       |                                                +--no:  [1] [204.0]: 209
       +--no:  cpi_9606.ENSP00000303211 > 288.0
              +--yes: cpi_9606.ENSP00000255380 > 907.0
              |      +--yes: [1] [6.0]: 6
              |      +--no:  cpi_9606.ENSP00000367309 > 0.0
              |             +--yes: [1] [5.0]: 6
              |             +--no:  cpi_9606.ENSP00000218548 > 213.0
              |                    +--yes: [1] [2.0]: 2
              |                    +--no:  cpi_9606.ENSP00000226730 > 415.0
              |                           +--yes: [1] [2.0]: 2
              |                           +--no:  cpi_9606.ENSP00000301141 > 219.0
              |                                  +--yes: [1] [2.0]: 2
              |                                  +--no:  cpi_9606.ENSP00000232892 > 0.0
              |                                         +--yes: [1] [1.0]: 2
              |                                         +--no:  [0] [19.0]: 19
              +--no:  cpi_9606.ENSP00000302728 > 153.0
                     +--yes: cpi_9606.ENSP00000237612 > 155.0
                     |      +--yes: [1] [11.0]: 12
                     |      +--no:  cpi_9606.ENSP00000229135 > 166.0
                     |             +--yes: [1] [5.0]: 5
                     |             +--no:  cpi_9606.ENSP00000256442 > 208.0
                     |                    +--yes: [1] [3.0]: 3
                     |                    +--no:  cpi_9606.ENSP00000430031 > 0.0
                     |                           +--yes: [1] [3.0]: 3
                     |                           +--no:  cpi_9606.ENSP00000354499 > 161.0
                     |                                  +--yes: [1] [4.0]: 5
                     |                                  +--no:  cpi_9606.ENSP00000196551 > 155.0
                     |                                         +--yes: [1] [2.0]: 2
                     |                                         +--no:  cpi_9606.ENSP00000000442 > 0.0
                     |                                                +--yes: [1] [1.0]: 2
                     |                                                +--no:  [0] [25.0]: 25
                     +--no:  cpi_9606.ENSP00000369654 > 264.0
                            +--yes: cpi_9606.ENSP00000212015 > 175.0
                            |      +--yes: [1] [1.0]: 2
                            |      +--no:  [0] [5.0]: 5
                            +--no:  cpi_9606.ENSP00000305355 > 212.0
                                   +--yes: cpi_9606.ENSP00000001008 > 0.0
                                   |      +--yes: [1] [1.0]: 2
                                   |      +--no:  [0] [4.0]: 4
                                   +--no:  cpi_9606.ENSP00000464149 > 0.0
                                          +--yes: cpi_9606.ENSP00000219700 > 313.0
                                          |      +--yes: cpi_9606.ENSP00000221930 > 0.0
                                          |      |      +--yes: [0] [4.0]: 4
                                          |      |      +--no:  [1] [2.0]: 2
                                          |      +--no:  cpi_9606.ENSP00000264613 > 170.0
                                          |             +--yes: cpi_9606.ENSP00000245206 > 0.0
                                          |             |      +--yes: [1] [2.0]: 2
                                          |             |      +--no:  [0] [2.0]: 2
                                          |             +--no:  [1] [123.0]: 126
                                          +--no:  cpi_9606.ENSP00000354525 > 151.0
                                                 +--yes: [0] [5.0]: 5
                                                 +--no:  cpi_9606.ENSP00000292427 > 259.0
                                                        +--yes: [0] [4.0]: 4
                                                        +--no:  cpi_9606.ENSP00000395653 > 151.0
                                                               +--yes: cpi_9606.ENSP00000306512 > 0.0
                                                               |      +--yes: [1] [2.0]: 2
                                                               |      +--no:  [0] [6.0]: 6
                                                               +--no:  cpi_9606.ENSP00000434516 > 189.0
                                                                      +--yes: cpi_9606.ENSP00000283916 > 169.0
                                                                      |      +--yes: [1] [4.0]: 4
                                                                      |      +--no:  cpi_9606.ENSP00000383365 > 172.0
                                                                      |             +--yes: cpi_9606.ENSP00000219700 > 0.0
                                                                      |             |      +--yes: [0] [3.0]: 3
                                                                      |             |      +--no:  [1] [2.0]: 3
                                                                      |             +--no:  [0] [5.0]: 5
                                                                      +--no:  cpi_9606.ENSP00000447173 > 550.0
                                                                             +--yes: [0] [3.0]: 3
                                                                             +--no:  cpi_9606.ENSP00000321988 > 0.0
                                                                                    +--yes: cpi_9606.ENSP00000222002 > 191.0
                                                                                    |      +--yes: [1] [2.0]: 2
                                                                                    |      +--no:  cpi_9606.ENSP00000367959 > 423.0
                                                                                    |             +--yes: [1] [2.0]: 3
                                                                                    |             +--no:  [0] [5.0]: 5
                                                                                    +--no:  cpi_9606.ENSP00000367959 > 0.0
                                                                                           +--yes: cpi_9606.ENSP00000386069 > 529.0
                                                                                           |      +--yes: cpi_9606.ENSP00000386069 > 832.0
                                                                                           |      |      +--yes: cpi_9606.ENSP00000277010 > 351.0
                                                                                           |      |      |      +--yes: [0] [2.0]: 2
                                                                                           |      |      |      +--no:  cpi_9606.ENSP00000340820 > 0.0
                                                                                           |      |      |             +--yes: cpi_9606.ENSP00000216629 > 237.0
                                                                                           |      |      |             |      +--yes: [1] [2.0]: 2
                                                                                           |      |      |             |      +--no:  [0] [2.0]: 2
                                                                                           |      |      |             +--no:  [1] [21.0]: 22
                                                                                           |      |      +--no:  cpi_9606.ENSP00000277010 > 477.0
                                                                                           |      |             +--yes: [1] [2.0]: 2
                                                                                           |      |             +--no:  [0] [6.0]: 6
                                                                                           |      +--no:  cpi_9606.ENSP00000345728 > 155.0
                                                                                           |             +--yes: cpi_9606.ENSP00000225831 > 0.0
                                                                                           |             |      +--yes: [0] [2.0]: 2
                                                                                           |             |      +--no:  [1] [2.0]: 2
                                                                                           |             +--no:  [1] [138.0]: 142
                                                                                           +--no:  cpi_9606.ENSP00000270142 > 317.0
                                                                                                  +--yes: [0] [3.0]: 3
                                                                                                  +--no:  cpi_9606.ENSP00000011653 > 176.0
                                                                                                         +--yes: cpi_9606.ENSP00000276651 > 0.0
                                                                                                         |      +--yes: [0] [2.0]: 2
                                                                                                         |      +--no:  [1] [60.0]: 61
                                                                                                         +--no:  cpi_9606.ENSP00000003100 > 700.0
                                                                                                                +--yes: [0] [3.0]: 3
                                                                                                                +--no:  cpi_9606.ENSP00000240874 > 158.0
                                                                                                                       +--yes: [0] [3.0]: 3
                                                                                                                       +--no:  cpi_9606.ENSP00000244289 > 195.0
                                                                                                                              +--yes: [0] [3.0]: 3
                                                                                                                              +--no:  cpi_9606.ENSP00000311469 > 0.0
                                                                                                                                     +--yes: [0] [3.0]: 3
                                                                                                                                     +--no:  cpi_9606.ENSP00000319170 > 183.0
                                                                                                                                            +--yes: [0] [3.0]: 3
                                                                                                                                            +--no:  cpi_9606.ENSP00000416293 > 245.0
                                                                                                                                                   +--yes: cpi_9606.ENSP00000353731 > 0.0
                                                                                                                                                   |      +--yes: [0] [2.0]: 2
                                                                                                                                                   |      +--no:  cpi_9606.ENSP00000356438 > 0.0
                                                                                                                                                   |             +--yes: [0] [2.0]: 2
                                                                                                                                                   |             +--no:  [1] [2.0]: 2
                                                                                                                                                   +--no:  cpi_9606.ENSP00000253792 > 198.0
                                                                                                                                                          +--yes: [0] [2.0]: 2
                                                                                                                                                          +--no:  cpi_9606.ENSP00000262999 > 263.0
                                                                                                                                                                 +--yes: [0] [2.0]: 2
                                                                                                                                                                 +--no:  cpi_9606.ENSP00000296140 > 172.0
                                                                                                                                                                        +--yes: [0] [2.0]: 2
                                                                                                                                                                        +--no:  cpi_9606.ENSP00000327801 > 176.0
                                                                                                                                                                               +--yes: [0] [2.0]: 2
                                                                                                                                                                               +--no:  cpi_9606.ENSP00000265724 > 150.0
                                                                                                                                                                                      +--yes: [1] [39.0]: 39
                                                                                                                                                                                      +--no:  cpi_9606.ENSP00000312286 > 169.0
                                                                                                                                                                                             +--yes: cpi_9606.ENSP00000231509 > 0.0
                                                                                                                                                                                             |      +--yes: [0] [4.0]: 4
                                                                                                                                                                                             |      +--no:  [1] [1.0]: 2
                                                                                                                                                                                             +--no:  cpi_9606.ENSP00000301071 > 183.0
                                                                                                                                                                                                    +--yes: [0] [3.0]: 3
                                                                                                                                                                                                    +--no:  cpi_9606.ENSP00000261196 > 0.0
                                                                                                                                                                                                           +--yes: [0] [4.0]: 5
                                                                                                                                                                                                           +--no:  cpi_9606.ENSP00000296754 > 158.0
                                                                                                                                                                                                                  +--yes: cpi_9606.ENSP00000228740 > 169.0
                                                                                                                                                                                                                  |      +--yes: [1] [2.0]: 3
                                                                                                                                                                                                                  |      +--no:  [0] [3.0]: 3
                                                                                                                                                                                                                  +--no:  cpi_9606.ENSP00000389414 > 197.0
                                                                                                                                                                                                                         +--yes: [0] [2.0]: 2
                                                                                                                                                                                                                         +--no:  cpi_9606.ENSP00000452780 > 239.0
                                                                                                                                                                                                                                +--yes: [0] [2.0]: 2
                                                                                                                                                                                                                                +--no:  cpi_9606.ENSP00000019103 > 196.0
                                                                                                                                                                                                                                       +--yes: cpi_9606.ENSP00000019103 > 437.0
                                                                                                                                                                                                                                       |      +--yes: [1] [2.0]: 3
                                                                                                                                                                                                                                       |      +--no:  [0] [2.0]: 2
                                                                                                                                                                                                                                       +--no:  cpi_9606.ENSP00000277541 > 0.0
                                                                                                                                                                                                                                              +--yes: cpi_9606.ENSP00000277541 > 165.0
                                                                                                                                                                                                                                              |      +--yes: [1] [2.0]: 3
                                                                                                                                                                                                                                              |      +--no:  [0] [2.0]: 2
                                                                                                                                                                                                                                              +--no:  cpi_9606.ENSP00000219794 > 187.0
                                                                                                                                                                                                                                                     +--yes: [0] [2.0]: 3
                                                                                                                                                                                                                                                     +--no:  cpi_9606.ENSP00000229239 > 232.0
                                                                                                                                                                                                                                                            +--yes: [0] [2.0]: 3
                                                                                                                                                                                                                                                            +--no:  cpi_9606.ENSP00000236671 > 218.0
                                                                                                                                                                                                                                                                   +--yes: [0] [2.0]: 3
                                                                                                                                                                                                                                                                   +--no:  cpi_9606.ENSP00000472933 > 173.0
                                                                                                                                                                                                                                                                          +--yes: cpi_9606.ENSP00000283916 > 0.0
                                                                                                                                                                                                                                                                          |      +--yes: [1] [2.0]: 2
                                                                                                                                                                                                                                                                          |      +--no:  [0] [3.0]: 3
                                                                                                                                                                                                                                                                          +--no:  cpi_9606.ENSP00000265023 > 152.0
                                                                                                                                                                                                                                                                                 +--yes: [0] [2.0]: 3
                                                                                                                                                                                                                                                                                 +--no:  cpi_9606.ENSP00000358042 > 204.0
                                                                                                                                                                                                                                                                                        +--yes: [0] [2.0]: 3
                                                                                                                                                                                                                                                                                        +--no:  cpi_9606.ENSP00000443194 > 180.0
                                                                                                                                                                                                                                                                                               +--yes: [0] [2.0]: 3
                                                                                                                                                                                                                                                                                               +--no:  cpi_9606.ENSP00000466799 > 0.0
                                                                                                                                                                                                                                                                                                      +--yes: [0] [2.0]: 3
                                                                                                                                                                                                                                                                                                      +--no:  cpi_9606.ENSP00000216410 > 0.0
                                                                                                                                                                                                                                                                                                             +--yes: cpi_9606.ENSP00000219240 > 0.0
                                                                                                                                                                                                                                                                                                             |      +--yes: [0] [2.0]: 2
                                                                                                                                                                                                                                                                                                             |      +--no:  [1] [2.0]: 2
                                                                                                                                                                                                                                                                                                             +--no:  cpi_9606.ENSP00000270570 > 197.0
                                                                                                                                                                                                                                                                                                                    +--yes: [1] [2.0]: 4
                                                                                                                                                                                                                                                                                                                    +--no:  cpi_9606.ENSP00000231509 > 158.0
                                                                                                                                                                                                                                                                                                                           +--yes: cpi_9606.ENSP00000206249 > 0.0
                                                                                                                                                                                                                                                                                                                           |      +--yes: [1] [14.0]: 15
                                                                                                                                                                                                                                                                                                                           |      +--no:  cpi_9606.ENSP00000260433 > 0.0
                                                                                                                                                                                                                                                                                                                           |             +--yes: [0] [2.0]: 2
                                                                                                                                                                                                                                                                                                                           |             +--no:  cpi_9606.ENSP00000216117 > 0.0
                                                                                                                                                                                                                                                                                                                           |                    +--yes: [1] [3.0]: 3
                                                                                                                                                                                                                                                                                                                           |                    +--no:  cpi_9606.ENSP00000231509 > 833.0
                                                                                                                                                                                                                                                                                                                           |                           +--yes: [1] [3.0]: 3
                                                                                                                                                                                                                                                                                                                           |                           +--no:  cpi_9606.ENSP00000231509 > 382.0
                                                                                                                                                                                                                                                                                                                           |                                  +--yes: cpi_9606.ENSP00000342850 > 0.0
                                                                                                                                                                                                                                                                                                                           |                                  |      +--yes: [1] [1.0]: 2
                                                                                                                                                                                                                                                                                                                           |                                  |      +--no:  [0] [2.0]: 2
                                                                                                                                                                                                                                                                                                                           |                                  +--no:  cpi_9606.ENSP00000231509 > 192.0
                                                                                                                                                                                                                                                                                                                           |                                         +--yes: [1] [5.0]: 5
                                                                                                                                                                                                                                                                                                                           |                                         +--no:  [0] [2.0]: 3
                                                                                                                                                                                                                                                                                                                           +--no:  cpi_9606.ENSP00000264637 > 180.0
                                                                                                                                                                                                                                                                                                                                  +--yes: [0] [2.0]: 3
                                                                                                                                                                                                                                                                                                                                  +--no:  cpi_9606.ENSP00000369442 > 178.0
                                                                                                                                                                                                                                                                                                                                         +--yes: cpi_9606.ENSP00000295453 > 0.0
                                                                                                                                                                                                                                                                                                                                         |      +--yes: [1] [2.0]: 2
                                                                                                                                                                                                                                                                                                                                         |      +--no:  [0] [2.0]: 2
                                                                                                                                                                                                                                                                                                                                         +--no:  cpi_9606.ENSP00000206249 > 815.0
                                                                                                                                                                                                                                                                                                                                                +--yes: cpi_9606.ENSP00000260433 > 0.0
                                                                                                                                                                                                                                                                                                                                                |      +--yes: [1] [3.0]: 3
                                                                                                                                                                                                                                                                                                                                                |      +--no:  [0] [2.0]: 2
                                                                                                                                                                                                                                                                                                                                                +--no:  cpi_9606.ENSP00000225371 > 166.0
                                                                                                                                                                                                                                                                                                                                                       +--yes: cpi_9606.ENSP00000252804 > 173.0
                                                                                                                                                                                                                                                                                                                                                       |      +--yes: [1] [2.0]: 2
                                                                                                                                                                                                                                                                                                                                                       |      +--no:  [0] [2.0]: 3
                                                                                                                                                                                                                                                                                                                                                       +--no:  cpi_9606.ENSP00000304767 > 249.0
                                                                                                                                                                                                                                                                                                                                                              +--yes: cpi_9606.ENSP00000226299 > 0.0
                                                                                                                                                                                                                                                                                                                                                              |      +--yes: [1] [2.0]: 2
                                                                                                                                                                                                                                                                                                                                                              |      +--no:  [0] [2.0]: 3
                                                                                                                                                                                                                                                                                                                                                              +--no:  cpi_9606.ENSP00000339399 > 0.0
                                                                                                                                                                                                                                                                                                                                                                     +--yes: cpi_9606.ENSP00000229447 > 0.0
                                                                                                                                                                                                                                                                                                                                                                     |      +--yes: [1] [2.0]: 2
                                                                                                                                                                                                                                                                                                                                                                     |      +--no:  [0] [2.0]: 3
                                                                                                                                                                                                                                                                                                                                                                     +--no:  cpi_9606.ENSP00000354280 > 215.0
                                                                                                                                                                                                                                                                                                                                                                            +--yes: cpi_9606.ENSP00000314151 > 256.0
                                                                                                                                                                                                                                                                                                                                                                            |      +--yes: [1] [4.0]: 4
                                                                                                                                                                                                                                                                                                                                                                            |      +--no:  cpi_9606.ENSP00000218548 > 0.0
                                                                                                                                                                                                                                                                                                                                                                            |             +--yes: [1] [2.0]: 2
                                                                                                                                                                                                                                                                                                                                                                            |             +--no:  cpi_9606.ENSP00000255380 > 0.0
                                                                                                                                                                                                                                                                                                                                                                            |                    +--yes: [1] [2.0]: 2
                                                                                                                                                                                                                                                                                                                                                                            |                    +--no:  [0] [3.0]: 4
                                                                                                                                                                                                                                                                                                                                                                            +--no:  [1] [327.0]: 353

Pruned Model
************

cpi_9606.ENSP00000447378 > 247.0
+--yes: cpi_9606.ENSP00000306245 > 847.0
|      +--yes: [1] [5.0]: 5
|      +--no:  cpi_9606.ENSP00000258743 > 865.0
|             +--yes: [1] [3.0]: 3
|             +--no:  cpi_9606.ENSP00000387662 > 0.0
|                    +--yes: [0] [21.0]: 22
|                    +--no:  cpi_9606.ENSP00000219252 > 0.0
|                           +--yes: [0] [4.0]: 4
|                           +--no:  [1] [5.0]: 6
+--no:  cpi_9606.ENSP00000337915 > 517.0
       +--yes: cpi_9606.ENSP00000297258 > 450.0
       |      +--yes: [0] [3.0]: 4
       |      +--no:  cpi_9606.ENSP00000280701 > 185.0
       |             +--yes: [0] [2.0]: 2
       |             +--no:  cpi_9606.ENSP00000293190 > 361.0
       |                    +--yes: [0] [2.0]: 2
       |                    +--no:  cpi_9606.ENSP00000298352 > 152.0
       |                           +--yes: [0] [2.0]: 2
       |                           +--no:  cpi_9606.ENSP00000321999 > 183.0
       |                                  +--yes: cpi_9606.ENSP00000003084 > 0.0
       |                                  |      +--yes: [1] [3.0]: 3
       |                                  |      +--no:  [0] [2.0]: 2
       |                                  +--no:  cpi_9606.ENSP00000216465 > 150.0
       |                                         +--yes: cpi_9606.ENSP00000216911 > 204.0
       |                                         |      +--yes: [1] [3.0]: 3
       |                                         |      +--no:  [0] [2.0]: 2
       |                                         +--no:  [1] [208.0]: 215
       +--no:  cpi_9606.ENSP00000303211 > 288.0
              +--yes: cpi_9606.ENSP00000255380 > 907.0
              |      +--yes: [1] [6.0]: 6
              |      +--no:  cpi_9606.ENSP00000367309 > 0.0
              |             +--yes: [1] [5.0]: 6
              |             +--no:  cpi_9606.ENSP00000218548 > 213.0
              |                    +--yes: [1] [2.0]: 2
              |                    +--no:  cpi_9606.ENSP00000226730 > 415.0
              |                           +--yes: [1] [2.0]: 2
              |                           +--no:  cpi_9606.ENSP00000301141 > 219.0
              |                                  +--yes: [1] [2.0]: 2
              |                                  +--no:  [0] [20.0]: 21
              +--no:  cpi_9606.ENSP00000302728 > 153.0
                     +--yes: cpi_9606.ENSP00000237612 > 155.0
                     |      +--yes: [1] [11.0]: 12
                     |      +--no:  cpi_9606.ENSP00000229135 > 166.0
                     |             +--yes: [1] [5.0]: 5
                     |             +--no:  cpi_9606.ENSP00000256442 > 208.0
                     |                    +--yes: [1] [3.0]: 3
                     |                    +--no:  cpi_9606.ENSP00000430031 > 0.0
                     |                           +--yes: [1] [3.0]: 3
                     |                           +--no:  cpi_9606.ENSP00000354499 > 161.0
                     |                                  +--yes: [1] [4.0]: 5
                     |                                  +--no:  cpi_9606.ENSP00000196551 > 155.0
                     |                                         +--yes: [1] [2.0]: 2
                     |                                         +--no:  [0] [26.0]: 27
                     +--no:  cpi_9606.ENSP00000369654 > 264.0
                            +--yes: [0] [6.0]: 7
                            +--no:  cpi_9606.ENSP00000305355 > 212.0
                                   +--yes: [0] [5.0]: 6
                                   +--no:  cpi_9606.ENSP00000464149 > 0.0
                                          +--yes: cpi_9606.ENSP00000219700 > 313.0
                                          |      +--yes: cpi_9606.ENSP00000221930 > 0.0
                                          |      |      +--yes: [0] [4.0]: 4
                                          |      |      +--no:  [1] [2.0]: 2
                                          |      +--no:  cpi_9606.ENSP00000264613 > 170.0
                                          |             +--yes: cpi_9606.ENSP00000245206 > 0.0
                                          |             |      +--yes: [1] [2.0]: 2
                                          |             |      +--no:  [0] [2.0]: 2
                                          |             +--no:  [1] [123.0]: 126
                                          +--no:  cpi_9606.ENSP00000354525 > 151.0
                                                 +--yes: [0] [5.0]: 5
                                                 +--no:  cpi_9606.ENSP00000292427 > 259.0
                                                        +--yes: [0] [4.0]: 4
                                                        +--no:  cpi_9606.ENSP00000395653 > 151.0
                                                               +--yes: cpi_9606.ENSP00000306512 > 0.0
                                                               |      +--yes: [1] [2.0]: 2
                                                               |      +--no:  [0] [6.0]: 6
                                                               +--no:  cpi_9606.ENSP00000434516 > 189.0
                                                                      +--yes: cpi_9606.ENSP00000283916 > 169.0
                                                                      |      +--yes: [1] [4.0]: 4
                                                                      |      +--no:  [0] [9.0]: 11
                                                                      +--no:  cpi_9606.ENSP00000447173 > 550.0
                                                                             +--yes: [0] [3.0]: 3
                                                                             +--no:  cpi_9606.ENSP00000321988 > 0.0
                                                                                    +--yes: cpi_9606.ENSP00000222002 > 191.0
                                                                                    |      +--yes: [1] [2.0]: 2
                                                                                    |      +--no:  cpi_9606.ENSP00000367959 > 423.0
                                                                                    |             +--yes: [1] [2.0]: 3
                                                                                    |             +--no:  [0] [5.0]: 5
                                                                                    +--no:  cpi_9606.ENSP00000367959 > 0.0
                                                                                           +--yes: cpi_9606.ENSP00000386069 > 529.0
                                                                                           |      +--yes: cpi_9606.ENSP00000386069 > 832.0
                                                                                           |      |      +--yes: cpi_9606.ENSP00000277010 > 351.0
                                                                                           |      |      |      +--yes: [0] [2.0]: 2
                                                                                           |      |      |      +--no:  cpi_9606.ENSP00000340820 > 0.0
                                                                                           |      |      |             +--yes: cpi_9606.ENSP00000216629 > 237.0
                                                                                           |      |      |             |      +--yes: [1] [2.0]: 2
                                                                                           |      |      |             |      +--no:  [0] [2.0]: 2
                                                                                           |      |      |             +--no:  [1] [21.0]: 22
                                                                                           |      |      +--no:  cpi_9606.ENSP00000277010 > 477.0
                                                                                           |      |             +--yes: [1] [2.0]: 2
                                                                                           |      |             +--no:  [0] [6.0]: 6
                                                                                           |      +--no:  cpi_9606.ENSP00000345728 > 155.0
                                                                                           |             +--yes: cpi_9606.ENSP00000225831 > 0.0
                                                                                           |             |      +--yes: [0] [2.0]: 2
                                                                                           |             |      +--no:  [1] [2.0]: 2
                                                                                           |             +--no:  [1] [138.0]: 142
                                                                                           +--no:  cpi_9606.ENSP00000011653 > 176.0
                                                                                                  +--yes: cpi_9606.ENSP00000276651 > 0.0
                                                                                                  |      +--yes: [0] [2.0]: 2
                                                                                                  |      +--no:  [1] [60.0]: 61
                                                                                                  +--no:  cpi_9606.ENSP00000003100 > 700.0
                                                                                                         +--yes: [0] [3.0]: 3
                                                                                                         +--no:  cpi_9606.ENSP00000240874 > 158.0
                                                                                                                +--yes: [0] [3.0]: 3
                                                                                                                +--no:  cpi_9606.ENSP00000244289 > 195.0
                                                                                                                       +--yes: [0] [3.0]: 3
                                                                                                                       +--no:  cpi_9606.ENSP00000311469 > 0.0
                                                                                                                              +--yes: [0] [3.0]: 3
                                                                                                                              +--no:  cpi_9606.ENSP00000319170 > 183.0
                                                                                                                                     +--yes: [0] [3.0]: 3
                                                                                                                                     +--no:  cpi_9606.ENSP00000416293 > 245.0
                                                                                                                                            +--yes: cpi_9606.ENSP00000353731 > 0.0
                                                                                                                                            |      +--yes: [0] [2.0]: 2
                                                                                                                                            |      +--no:  cpi_9606.ENSP00000356438 > 0.0
                                                                                                                                            |             +--yes: [0] [2.0]: 2
                                                                                                                                            |             +--no:  [1] [2.0]: 2
                                                                                                                                            +--no:  cpi_9606.ENSP00000253792 > 198.0
                                                                                                                                                   +--yes: [0] [2.0]: 2
                                                                                                                                                   +--no:  cpi_9606.ENSP00000262999 > 263.0
                                                                                                                                                          +--yes: [0] [2.0]: 2
                                                                                                                                                          +--no:  cpi_9606.ENSP00000296140 > 172.0
                                                                                                                                                                 +--yes: [0] [2.0]: 2
                                                                                                                                                                 +--no:  cpi_9606.ENSP00000327801 > 176.0
                                                                                                                                                                        +--yes: [0] [2.0]: 2
                                                                                                                                                                        +--no:  cpi_9606.ENSP00000265724 > 150.0
                                                                                                                                                                               +--yes: [1] [39.0]: 39
                                                                                                                                                                               +--no:  cpi_9606.ENSP00000312286 > 169.0
                                                                                                                                                                                      +--yes: [0] [6.0]: 7
                                                                                                                                                                                      +--no:  cpi_9606.ENSP00000301071 > 183.0
                                                                                                                                                                                             +--yes: [0] [3.0]: 3
                                                                                                                                                                                             +--no:  cpi_9606.ENSP00000261196 > 0.0
                                                                                                                                                                                                    +--yes: [0] [4.0]: 5
                                                                                                                                                                                                    +--no:  cpi_9606.ENSP00000296754 > 158.0
                                                                                                                                                                                                           +--yes: cpi_9606.ENSP00000228740 > 169.0
                                                                                                                                                                                                           |      +--yes: [1] [2.0]: 3
                                                                                                                                                                                                           |      +--no:  [0] [3.0]: 3
                                                                                                                                                                                                           +--no:  cpi_9606.ENSP00000389414 > 197.0
                                                                                                                                                                                                                  +--yes: [0] [2.0]: 2
                                                                                                                                                                                                                  +--no:  cpi_9606.ENSP00000452780 > 239.0
                                                                                                                                                                                                                         +--yes: [0] [2.0]: 2
                                                                                                                                                                                                                         +--no:  cpi_9606.ENSP00000236671 > 218.0
                                                                                                                                                                                                                                +--yes: [0] [2.0]: 3
                                                                                                                                                                                                                                +--no:  cpi_9606.ENSP00000472933 > 173.0
                                                                                                                                                                                                                                       +--yes: cpi_9606.ENSP00000283916 > 0.0
                                                                                                                                                                                                                                       |      +--yes: [1] [2.0]: 2
                                                                                                                                                                                                                                       |      +--no:  [0] [4.0]: 4
                                                                                                                                                                                                                                       +--no:  [1] [392.0]: 464

