Clus run ['se_C0027497']
************************

Date: 27/04/2025, 10:43
File: cpi_dataset_se_C0027497_settings.out
Attributes: 1611 (input: 1610, output: 1)
Missing values: No

[General]
Verbose = 1
RandomSeed = 43
ResourceInfoLoaded = No
DoNotInduce = No
LoggingProperties = logging.properties

[Data]
File = C:\Users\KostasVoror\Projects\sep\SIDER_dataset\binary_datasets\cpi_dataset_se_C0027497.arff
TestSet = None
PruneSet = None
XVal = 10
RemoveMissingTarget = No
NormalizeData = None

[Attributes]
Target = 1611
Clustering = 1611
Descriptive = 1-1610
Key = None
Disable = None
Weights = Normalize
ClusteringWeights = 1.0
ReduceMemoryNominalAttrs = No
GIS = None

[Constraints]
Syntactic = None
MaxSize = Infinity
MaxError = 0.0
MaxDepth = Infinity

[Nominal]
MEstimate = 1.0

[Model]
MinimalWeight = 2.0
MinimalNumberExamples = 0
MinimalKnownWeight = 0.0
ParamTuneNumberFolds = 3
NominalSubsetTests = Yes
LoadFromModelFile = No

[Tree]
Heuristic = VarianceReduction
HeuristicComplexity = N2
SetDistance = GSMDistance
TupleDistance = Euclidean
TSDistance = DTW
PruningMethod = C45
FTest = 1.0
BinarySplit = Yes
ConvertToRules = No
AlternativeSplits = No
Optimize = []
MSENominal = No
SplitSampling = None
MissingClusteringAttrHandling = EstimateFromParentNode
MissingTargetAttrHandling = ParentNode
InductionOrder = DepthFirst
EntropyType = StandardEntropy
ConsiderUnlableInstancesInIGCalc = No
SpatialMatrix = Binary
SpatialMeasure = GlobalMoran
Bandwidth = 0.001
Longlat = No
NumNeightbours = 0.0
Alpha = 1.0
SplitPosition = Exact

[SemiSupervised]
SemiSupervisedMethod = PCT
StoppingCriteria = NoneAdded
UnlabeledCriteria = Threshold
ConfidenceThreshold = 0.8
ConfidenceMeasure = Variance
Iterations = 10
K = 5
UnlabeledData = 
PercentageLabeled = 5
UseWeights = No
AirbagTrials = 0
ExhaustiveSearchThresholds = [0.5,0.6,0.7,0.8,0.9,0.99]
OOBErrorCalculation = LabeledOnly
Normalization = MinMaxNormalization
Aggregation = Average
CalibrateHmcThreshold = No
PruningWhenTuning = No
InternalFolds = 5
WeightScoresFile = NO
PossibleWeights = [0.0,0.1,0.2,0.3,0.4,0.5,0.6,0.7,0.8,0.9,1.0]
IterationsSupervisionOptimisation = 0
ForceInternalXValOptimisation = No
ImputeMissingTargetValues = No
InternalFold = -1234
ProceedToMain = Yes

[Output]
ShowModels = [Default, Pruned, Others]
TrainErrors = Yes
ValidErrors = Yes
TestErrors = Yes
AllFoldModels = Yes
AllFoldErrors = No
AllFoldDatasets = No
UnknownFrequency = No
BranchFrequency = No
ShowInfo = [Count]
PrintModelAndExamples = No
WriteErrorFile = No
WriteModelFile = No
WritePerBagModelFile = Yes
WriteOOBFile = No
WritePredictions = []
GzipOutput = No
ModelIDFiles = No
WriteCurves = No
OutputPythonModel = No
PythonModelType = Object
OutputROSSubspaces = No
OutputJSONModel = No
OutputDatabaseQueries = No
OutputClowdFlowsJSON = No
ComputeSpearman = No

Run: 01
*******

Statistics
----------

FTValue (FTest): 1.0
Induction Time: 7.9500E-1 sec
Pruning Time: 1.7000E-2 sec
Prediction Time (total for ClusModel.Original): 
	0 microsecs
	0 millisecs
	0 secs
Prediction Time (average for ClusModel.Original): 0 microsecs
Model information:
     Default: Nodes = 1; Leaves = 1; Depth = 1
     Original: Nodes = 227; Leaves = 114; Depth = 51
     Pruned: Nodes = 111; Leaves = 56; Depth = 27

Training error
--------------

Number of examples: 1377
Classification Error
   Default: 
   Attribute: se_C0027497
     REAL\PRED |    1 | 0 |
     ---------------------------
             1 | 1168 | 0 | 1168
             0 |  209 | 0 |  209
     ---------------------------
               | 1377 | 0 | 1377
     Accuracy: 8.482208E-1
     Cramer's coefficient: 0

   Original: 
   Attribute: se_C0027497
     REAL\PRED |    1 |   0 |
     -----------------------------
             1 | 1155 |  13 | 1168
             0 |   46 | 163 |  209
     -----------------------------
               | 1201 | 176 | 1377
     Accuracy: 9.571532E-1
     Cramer's coefficient: 8.261626E-1

   Pruned: 
   Attribute: se_C0027497
     REAL\PRED |    1 |   0 |
     -----------------------------
             1 | 1155 |  13 | 1168
             0 |   81 | 128 |  209
     -----------------------------
               | 1236 | 141 | 1377
     Accuracy: 9.317357E-1
     Cramer's coefficient: 7.116628E-1

Weighted mean squared error (MSE) for Nominal Attributes (Weights [3.884])
   Default        : [1]
   Original       : [2.4826E-1]
   Pruned         : [4.6622E-1]
averageAUROC
   Default        : 5.000000E-1
   Original       : 9.629781E-1
   Pruned         : 8.871071E-1
averageAUPRC
   Default        : 8.482208E-1
   Original       : 9.916298E-1
   Pruned         : 9.747468E-1

Testing error
-------------

Number of examples: 1377
Classification Error
   Default: 
   Attribute: se_C0027497
     REAL\PRED |    1 | 0 |
     ---------------------------
             1 | 1168 | 0 | 1168
             0 |  209 | 0 |  209
     ---------------------------
               | 1377 | 0 | 1377
     Accuracy: 8.482208E-1
     Cramer's coefficient: 0

   Original: 
   Attribute: se_C0027497
     REAL\PRED |    1 |   0 |
     -----------------------------
             1 | 1006 | 162 | 1168
             0 |  159 |  50 |  209
     -----------------------------
               | 1165 | 212 | 1377
     Accuracy: 7.668845E-1
     Cramer's coefficient: 9.995039E-2

   Pruned: 
   Attribute: se_C0027497
     REAL\PRED |    1 |   0 |
     -----------------------------
             1 | 1032 | 136 | 1168
             0 |  160 |  49 |  209
     -----------------------------
               | 1192 | 185 | 1377
     Accuracy: 7.850399E-1
     Cramer's coefficient: 1.241637E-1

Weighted mean squared error (MSE) for Nominal Attributes (Weights [3.884])
   Default        : [1.0007]
   Original       : [1.6558]
   Pruned         : [1.4702]
averageAUROC
   Default        : 4.623062E-1
   Original       : 5.949769E-1
   Pruned         : 5.894671E-1
averageAUPRC
   Default        : 8.354906E-1
   Original       : 8.651109E-1
   Pruned         : 8.652411E-1

Default Model
*************

[1] [1168.0]: 1377

Original Model
**************

cpi_9606.ENSP00000352835 > 309.0
+--yes: cpi_9606.ENSP00000263339 > 211.0
|      +--yes: [0] [8.0]: 8
|      +--no:  cpi_9606.ENSP00000225831 > 212.0
|             +--yes: [1] [8.0]: 8
|             +--no:  cpi_9606.ENSP00000225740 > 194.0
|                    +--yes: [1] [2.0]: 2
|                    +--no:  cpi_9606.ENSP00000219700 > 0.0
|                           +--yes: [0] [6.0]: 6
|                           +--no:  cpi_9606.ENSP00000222982 > 0.0
|                                  +--yes: [0] [2.0]: 2
|                                  +--no:  [1] [2.0]: 2
+--no:  cpi_9606.ENSP00000261205 > 206.0
       +--yes: cpi_9606.ENSP00000003084 > 193.0
       |      +--yes: [1] [2.0]: 2
       |      +--no:  [0] [7.0]: 7
       +--no:  cpi_9606.ENSP00000263321 > 842.0
              +--yes: [0] [4.0]: 4
              +--no:  cpi_9606.ENSP00000237612 > 156.0
                     +--yes: cpi_9606.ENSP00000274026 > 786.0
                     |      +--yes: [0] [2.0]: 2
                     |      +--no:  cpi_9606.ENSP00000226840 > 159.0
                     |             +--yes: cpi_9606.ENSP00000259396 > 0.0
                     |             |      +--yes: [0] [2.0]: 2
                     |             |      +--no:  [1] [3.0]: 3
                     |             +--no:  [1] [214.0]: 217
                     +--no:  cpi_9606.ENSP00000231509 > 635.0
                            +--yes: cpi_9606.ENSP00000264708 > 0.0
                            |      +--yes: cpi_9606.ENSP00000272190 > 203.0
                            |      |      +--yes: cpi_9606.ENSP00000255030 > 0.0
                            |      |      |      +--yes: [1] [5.0]: 5
                            |      |      |      +--no:  [0] [2.0]: 2
                            |      |      +--no:  [1] [15.0]: 15
                            |      +--no:  cpi_9606.ENSP00000231454 > 0.0
                            |             +--yes: [1] [4.0]: 4
                            |             +--no:  cpi_9606.ENSP00000363822 > 582.0
                            |                    +--yes: [1] [4.0]: 4
                            |                    +--no:  cpi_9606.ENSP00000231509 > 979.0
                            |                           +--yes: [1] [2.0]: 2
                            |                           +--no:  cpi_9606.ENSP00000225831 > 0.0
                            |                                  +--yes: [1] [1.0]: 2
                            |                                  +--no:  [0] [19.0]: 19
                            +--no:  cpi_9606.ENSP00000357204 > 354.0
                                   +--yes: [0] [3.0]: 3
                                   +--no:  cpi_9606.ENSP00000343925 > 528.0
                                          +--yes: cpi_9606.ENSP00000225474 > 0.0
                                          |      +--yes: [1] [3.0]: 3
                                          |      +--no:  cpi_9606.ENSP00000284981 > 0.0
                                          |             +--yes: [1] [1.0]: 2
                                          |             +--no:  [0] [5.0]: 5
                                          +--no:  cpi_9606.ENSP00000272190 > 185.0
                                                 +--yes: cpi_9606.ENSP00000332116 > 150.0
                                                 |      +--yes: cpi_9606.ENSP00000332116 > 800.0
                                                 |      |      +--yes: [1] [4.0]: 4
                                                 |      |      +--no:  [0] [2.0]: 2
                                                 |      +--no:  [1] [107.0]: 107
                                                 +--no:  cpi_9606.ENSP00000309757 > 157.0
                                                        +--yes: cpi_9606.ENSP00000258743 > 254.0
                                                        |      +--yes: [0] [5.0]: 5
                                                        |      +--no:  cpi_9606.ENSP00000003084 > 700.0
                                                        |             +--yes: [0] [2.0]: 2
                                                        |             +--no:  [1] [8.0]: 9
                                                        +--no:  cpi_9606.ENSP00000380247 > 822.0
                                                               +--yes: cpi_9606.ENSP00000219833 > 181.0
                                                               |      +--yes: cpi_9606.ENSP00000353915 > 354.0
                                                               |      |      +--yes: cpi_9606.ENSP00000176183 > 803.0
                                                               |      |      |      +--yes: [1] [3.0]: 3
                                                               |      |      |      +--no:  [0] [2.0]: 2
                                                               |      |      +--no:  [1] [20.0]: 20
                                                               |      +--no:  cpi_9606.ENSP00000264832 > 800.0
                                                               |             +--yes: [1] [4.0]: 4
                                                               |             +--no:  cpi_9606.ENSP00000289753 > 261.0
                                                               |                    +--yes: cpi_9606.ENSP00000353820 > 231.0
                                                               |                    |      +--yes: cpi_9606.ENSP00000176183 > 844.0
                                                               |                    |      |      +--yes: [1] [1.0]: 2
                                                               |                    |      |      +--no:  [0] [2.0]: 2
                                                               |                    |      +--no:  [1] [5.0]: 5
                                                               |                    +--no:  cpi_9606.ENSP00000306490 > 800.0
                                                               |                           +--yes: [1] [1.0]: 2
                                                               |                           +--no:  [0] [10.0]: 10
                                                               +--no:  cpi_9606.ENSP00000236671 > 172.0
                                                                      +--yes: cpi_9606.ENSP00000216341 > 0.0
                                                                      |      +--yes: [1] [1.0]: 2
                                                                      |      +--no:  [0] [2.0]: 2
                                                                      +--no:  cpi_9606.ENSP00000242375 > 235.0
                                                                             +--yes: cpi_9606.ENSP00000221130 > 173.0
                                                                             |      +--yes: [0] [2.0]: 2
                                                                             |      +--no:  [1] [1.0]: 2
                                                                             +--no:  cpi_9606.ENSP00000253792 > 186.0
                                                                                    +--yes: cpi_9606.ENSP00000253792 > 190.0
                                                                                    |      +--yes: [1] [1.0]: 2
                                                                                    |      +--no:  [0] [2.0]: 2
                                                                                    +--no:  cpi_9606.ENSP00000261416 > 315.0
                                                                                           +--yes: cpi_9606.ENSP00000219240 > 0.0
                                                                                           |      +--yes: [1] [1.0]: 2
                                                                                           |      +--no:  [0] [2.0]: 2
                                                                                           +--no:  cpi_9606.ENSP00000379839 > 279.0
                                                                                                  +--yes: cpi_9606.ENSP00000252945 > 0.0
                                                                                                  |      +--yes: [1] [1.0]: 2
                                                                                                  |      +--no:  [0] [2.0]: 2
                                                                                                  +--no:  cpi_9606.ENSP00000003100 > 269.0
                                                                                                         +--yes: cpi_9606.ENSP00000260682 > 398.0
                                                                                                         |      +--yes: [1] [6.0]: 6
                                                                                                         |      +--no:  cpi_9606.ENSP00000215832 > 0.0
                                                                                                         |             +--yes: [1] [2.0]: 2
                                                                                                         |             +--no:  cpi_9606.ENSP00000337915 > 167.0
                                                                                                         |                    +--yes: [0] [3.0]: 3
                                                                                                         |                    +--no:  cpi_9606.ENSP00000363822 > 0.0
                                                                                                         |                           +--yes: [1] [2.0]: 2
                                                                                                         |                           +--no:  cpi_9606.ENSP00000003100 > 398.0
                                                                                                         |                                  +--yes: [1] [2.0]: 4
                                                                                                         |                                  +--no:  [0] [3.0]: 3
                                                                                                         +--no:  cpi_9606.ENSP00000222481 > 195.0
                                                                                                                +--yes: [0] [2.0]: 2
                                                                                                                +--no:  cpi_9606.ENSP00000275216 > 440.0
                                                                                                                       +--yes: [0] [2.0]: 2
                                                                                                                       +--no:  cpi_9606.ENSP00000322617 > 812.0
                                                                                                                              +--yes: [0] [2.0]: 2
                                                                                                                              +--no:  cpi_9606.ENSP00000333667 > 217.0
                                                                                                                                     +--yes: [0] [2.0]: 2
                                                                                                                                     +--no:  cpi_9606.ENSP00000367959 > 151.0
                                                                                                                                            +--yes: cpi_9606.ENSP00000262999 > 0.0
                                                                                                                                            |      +--yes: cpi_9606.ENSP00000242152 > 0.0
                                                                                                                                            |      |      +--yes: [1] [4.0]: 4
                                                                                                                                            |      |      +--no:  [0] [2.0]: 2
                                                                                                                                            |      +--no:  [1] [178.0]: 182
                                                                                                                                            +--no:  cpi_9606.ENSP00000225927 > 169.0
                                                                                                                                                   +--yes: cpi_9606.ENSP00000011653 > 0.0
                                                                                                                                                   |      +--yes: [1] [1.0]: 2
                                                                                                                                                   |      +--no:  [0] [2.0]: 2
                                                                                                                                                   +--no:  cpi_9606.ENSP00000256722 > 167.0
                                                                                                                                                          +--yes: cpi_9606.ENSP00000252029 > 0.0
                                                                                                                                                          |      +--yes: [1] [1.0]: 2
                                                                                                                                                          |      +--no:  [0] [2.0]: 2
                                                                                                                                                          +--no:  cpi_9606.ENSP00000263980 > 168.0
                                                                                                                                                                 +--yes: [0] [2.0]: 2
                                                                                                                                                                 +--no:  cpi_9606.ENSP00000359793 > 0.0
                                                                                                                                                                        +--yes: cpi_9606.ENSP00000256119 > 0.0
                                                                                                                                                                        |      +--yes: [1] [2.0]: 2
                                                                                                                                                                        |      +--no:  cpi_9606.ENSP00000322788 > 0.0
                                                                                                                                                                        |             +--yes: [1] [1.0]: 2
                                                                                                                                                                        |             +--no:  cpi_9606.ENSP00000337335 > 0.0
                                                                                                                                                                        |                    +--yes: [1] [1.0]: 2
                                                                                                                                                                        |                    +--no:  [0] [2.0]: 2
                                                                                                                                                                        +--no:  cpi_9606.ENSP00000282753 > 218.0
                                                                                                                                                                               +--yes: cpi_9606.ENSP00000011653 > 0.0
                                                                                                                                                                               |      +--yes: [1] [2.0]: 2
                                                                                                                                                                               |      +--no:  [0] [3.0]: 3
                                                                                                                                                                               +--no:  cpi_9606.ENSP00000248076 > 0.0
                                                                                                                                                                                      +--yes: [0] [2.0]: 3
                                                                                                                                                                                      +--no:  cpi_9606.ENSP00000257068 > 0.0
                                                                                                                                                                                             +--yes: [0] [2.0]: 3
                                                                                                                                                                                             +--no:  cpi_9606.ENSP00000259486 > 0.0
                                                                                                                                                                                                    +--yes: [0] [2.0]: 3
                                                                                                                                                                                                    +--no:  cpi_9606.ENSP00000472933 > 238.0
                                                                                                                                                                                                           +--yes: [0] [2.0]: 3
                                                                                                                                                                                                           +--no:  cpi_9606.ENSP00000338345 > 303.0
                                                                                                                                                                                                                  +--yes: cpi_9606.ENSP00000262888 > 0.0
                                                                                                                                                                                                                  |      +--yes: [1] [2.0]: 2
                                                                                                                                                                                                                  |      +--no:  [0] [2.0]: 2
                                                                                                                                                                                                                  +--no:  cpi_9606.ENSP00000283916 > 163.0
                                                                                                                                                                                                                         +--yes: cpi_9606.ENSP00000301634 > 230.0
                                                                                                                                                                                                                         |      +--yes: cpi_9606.ENSP00000286648 > 0.0
                                                                                                                                                                                                                         |      |      +--yes: [1] [3.0]: 3
                                                                                                                                                                                                                         |      |      +--no:  [0] [2.0]: 2
                                                                                                                                                                                                                         |      +--no:  [1] [101.0]: 101
                                                                                                                                                                                                                         +--no:  cpi_9606.ENSP00000216862 > 167.0
                                                                                                                                                                                                                                +--yes: [0] [2.0]: 3
                                                                                                                                                                                                                                +--no:  cpi_9606.ENSP00000262027 > 177.0
                                                                                                                                                                                                                                       +--yes: [0] [2.0]: 3
                                                                                                                                                                                                                                       +--no:  cpi_9606.ENSP00000231509 > 0.0
                                                                                                                                                                                                                                              +--yes: cpi_9606.ENSP00000231509 > 264.0
                                                                                                                                                                                                                                              |      +--yes: [1] [11.0]: 12
                                                                                                                                                                                                                                              |      +--no:  cpi_9606.ENSP00000231509 > 209.0
                                                                                                                                                                                                                                              |             +--yes: [0] [3.0]: 3
                                                                                                                                                                                                                                              |             +--no:  cpi_9606.ENSP00000231509 > 192.0
                                                                                                                                                                                                                                              |                    +--yes: [1] [2.0]: 2
                                                                                                                                                                                                                                              |                    +--no:  cpi_9606.ENSP00000231509 > 158.0
                                                                                                                                                                                                                                              |                           +--yes: [0] [2.0]: 3
                                                                                                                                                                                                                                              |                           +--no:  [1] [2.0]: 3
                                                                                                                                                                                                                                              +--no:  cpi_9606.ENSP00000275300 > 163.0
                                                                                                                                                                                                                                                     +--yes: [0] [2.0]: 3
                                                                                                                                                                                                                                                     +--no:  cpi_9606.ENSP00000368752 > 0.0
                                                                                                                                                                                                                                                            +--yes: [0] [2.0]: 3
                                                                                                                                                                                                                                                            +--no:  cpi_9606.ENSP00000343925 > 0.0
                                                                                                                                                                                                                                                                   +--yes: cpi_9606.ENSP00000227507 > 0.0
                                                                                                                                                                                                                                                                   |      +--yes: [0] [2.0]: 2
                                                                                                                                                                                                                                                                   |      +--no:  [1] [4.0]: 5
                                                                                                                                                                                                                                                                   +--no:  cpi_9606.ENSP00000357669 > 177.0
                                                                                                                                                                                                                                                                          +--yes: cpi_9606.ENSP00000357669 > 269.0
                                                                                                                                                                                                                                                                          |      +--yes: [1] [2.0]: 2
                                                                                                                                                                                                                                                                          |      +--no:  [0] [2.0]: 2
                                                                                                                                                                                                                                                                          +--no:  cpi_9606.ENSP00000387123 > 160.0
                                                                                                                                                                                                                                                                                 +--yes: cpi_9606.ENSP00000270474 > 0.0
                                                                                                                                                                                                                                                                                 |      +--yes: [1] [2.0]: 2
                                                                                                                                                                                                                                                                                 |      +--no:  [0] [2.0]: 2
                                                                                                                                                                                                                                                                                 +--no:  cpi_9606.ENSP00000362353 > 265.0
                                                                                                                                                                                                                                                                                        +--yes: cpi_9606.ENSP00000362353 > 343.0
                                                                                                                                                                                                                                                                                        |      +--yes: [1] [6.0]: 7
                                                                                                                                                                                                                                                                                        |      +--no:  [0] [2.0]: 2
                                                                                                                                                                                                                                                                                        +--no:  cpi_9606.ENSP00000220003 > 157.0
                                                                                                                                                                                                                                                                                               +--yes: cpi_9606.ENSP00000220003 > 189.0
                                                                                                                                                                                                                                                                                               |      +--yes: [1] [4.0]: 4
                                                                                                                                                                                                                                                                                               |      +--no:  [0] [2.0]: 2
                                                                                                                                                                                                                                                                                               +--no:  cpi_9606.ENSP00000287766 > 0.0
                                                                                                                                                                                                                                                                                                      +--yes: cpi_9606.ENSP00000287766 > 160.0
                                                                                                                                                                                                                                                                                                      |      +--yes: [1] [3.0]: 3
                                                                                                                                                                                                                                                                                                      |      +--no:  [0] [2.0]: 3
                                                                                                                                                                                                                                                                                                      +--no:  cpi_9606.ENSP00000380247 > 217.0
                                                                                                                                                                                                                                                                                                             +--yes: cpi_9606.ENSP00000255380 > 641.0
                                                                                                                                                                                                                                                                                                             |      +--yes: [1] [3.0]: 3
                                                                                                                                                                                                                                                                                                             |      +--no:  [0] [2.0]: 3
                                                                                                                                                                                                                                                                                                             +--no:  cpi_9606.ENSP00000321106 > 150.0
                                                                                                                                                                                                                                                                                                                    +--yes: cpi_9606.ENSP00000303452 > 0.0
                                                                                                                                                                                                                                                                                                                    |      +--yes: [1] [3.0]: 3
                                                                                                                                                                                                                                                                                                                    |      +--no:  [0] [2.0]: 3
                                                                                                                                                                                                                                                                                                                    +--no:  cpi_9606.ENSP00000176183 > 0.0
                                                                                                                                                                                                                                                                                                                           +--yes: [1] [1.0]: 2
                                                                                                                                                                                                                                                                                                                           +--no:  cpi_9606.ENSP00000216540 > 197.0
                                                                                                                                                                                                                                                                                                                                  +--yes: [1] [1.0]: 2
                                                                                                                                                                                                                                                                                                                                  +--no:  cpi_9606.ENSP00000216714 > 201.0
                                                                                                                                                                                                                                                                                                                                         +--yes: [1] [1.0]: 2
                                                                                                                                                                                                                                                                                                                                         +--no:  cpi_9606.ENSP00000354499 > 168.0
                                                                                                                                                                                                                                                                                                                                                +--yes: cpi_9606.ENSP00000396308 > 0.0
                                                                                                                                                                                                                                                                                                                                                |      +--yes: [1] [3.0]: 3
                                                                                                                                                                                                                                                                                                                                                |      +--no:  [0] [2.0]: 3
                                                                                                                                                                                                                                                                                                                                                +--no:  [1] [375.0]: 391

Pruned Model
************

cpi_9606.ENSP00000352835 > 309.0
+--yes: cpi_9606.ENSP00000263339 > 211.0
|      +--yes: [0] [8.0]: 8
|      +--no:  cpi_9606.ENSP00000225831 > 212.0
|             +--yes: [1] [8.0]: 8
|             +--no:  cpi_9606.ENSP00000225740 > 194.0
|                    +--yes: [1] [2.0]: 2
|                    +--no:  cpi_9606.ENSP00000219700 > 0.0
|                           +--yes: [0] [6.0]: 6
|                           +--no:  cpi_9606.ENSP00000222982 > 0.0
|                                  +--yes: [0] [2.0]: 2
|                                  +--no:  [1] [2.0]: 2
+--no:  cpi_9606.ENSP00000261205 > 206.0
       +--yes: cpi_9606.ENSP00000003084 > 193.0
       |      +--yes: [1] [2.0]: 2
       |      +--no:  [0] [7.0]: 7
       +--no:  cpi_9606.ENSP00000263321 > 842.0
              +--yes: [0] [4.0]: 4
              +--no:  cpi_9606.ENSP00000237612 > 156.0
                     +--yes: cpi_9606.ENSP00000274026 > 786.0
                     |      +--yes: [0] [2.0]: 2
                     |      +--no:  cpi_9606.ENSP00000226840 > 159.0
                     |             +--yes: cpi_9606.ENSP00000259396 > 0.0
                     |             |      +--yes: [0] [2.0]: 2
                     |             |      +--no:  [1] [3.0]: 3
                     |             +--no:  [1] [214.0]: 217
                     +--no:  cpi_9606.ENSP00000231509 > 635.0
                            +--yes: cpi_9606.ENSP00000264708 > 0.0
                            |      +--yes: cpi_9606.ENSP00000272190 > 203.0
                            |      |      +--yes: cpi_9606.ENSP00000255030 > 0.0
                            |      |      |      +--yes: [1] [5.0]: 5
                            |      |      |      +--no:  [0] [2.0]: 2
                            |      |      +--no:  [1] [15.0]: 15
                            |      +--no:  cpi_9606.ENSP00000231454 > 0.0
                            |             +--yes: [1] [4.0]: 4
                            |             +--no:  cpi_9606.ENSP00000363822 > 582.0
                            |                    +--yes: [1] [4.0]: 4
                            |                    +--no:  cpi_9606.ENSP00000231509 > 979.0
                            |                           +--yes: [1] [2.0]: 2
                            |                           +--no:  [0] [20.0]: 21
                            +--no:  cpi_9606.ENSP00000357204 > 354.0
                                   +--yes: [0] [3.0]: 3
                                   +--no:  cpi_9606.ENSP00000343925 > 528.0
                                          +--yes: cpi_9606.ENSP00000225474 > 0.0
                                          |      +--yes: [1] [3.0]: 3
                                          |      +--no:  [0] [6.0]: 7
                                          +--no:  cpi_9606.ENSP00000272190 > 185.0
                                                 +--yes: cpi_9606.ENSP00000332116 > 150.0
                                                 |      +--yes: cpi_9606.ENSP00000332116 > 800.0
                                                 |      |      +--yes: [1] [4.0]: 4
                                                 |      |      +--no:  [0] [2.0]: 2
                                                 |      +--no:  [1] [107.0]: 107
                                                 +--no:  cpi_9606.ENSP00000309757 > 157.0
                                                        +--yes: cpi_9606.ENSP00000258743 > 254.0
                                                        |      +--yes: [0] [5.0]: 5
                                                        |      +--no:  cpi_9606.ENSP00000003084 > 700.0
                                                        |             +--yes: [0] [2.0]: 2
                                                        |             +--no:  [1] [8.0]: 9
                                                        +--no:  cpi_9606.ENSP00000380247 > 822.0
                                                               +--yes: cpi_9606.ENSP00000219833 > 181.0
                                                               |      +--yes: cpi_9606.ENSP00000353915 > 354.0
                                                               |      |      +--yes: cpi_9606.ENSP00000176183 > 803.0
                                                               |      |      |      +--yes: [1] [3.0]: 3
                                                               |      |      |      +--no:  [0] [2.0]: 2
                                                               |      |      +--no:  [1] [20.0]: 20
                                                               |      +--no:  cpi_9606.ENSP00000264832 > 800.0
                                                               |             +--yes: [1] [4.0]: 4
                                                               |             +--no:  cpi_9606.ENSP00000289753 > 261.0
                                                               |                    +--yes: cpi_9606.ENSP00000353820 > 231.0
                                                               |                    |      +--yes: [0] [3.0]: 4
                                                               |                    |      +--no:  [1] [5.0]: 5
                                                               |                    +--no:  [0] [11.0]: 12
                                                               +--no:  cpi_9606.ENSP00000236671 > 172.0
                                                                      +--yes: [0] [3.0]: 4
                                                                      +--no:  cpi_9606.ENSP00000242375 > 235.0
                                                                             +--yes: [0] [3.0]: 4
                                                                             +--no:  cpi_9606.ENSP00000253792 > 186.0
                                                                                    +--yes: [0] [3.0]: 4
                                                                                    +--no:  cpi_9606.ENSP00000261416 > 315.0
                                                                                           +--yes: [0] [3.0]: 4
                                                                                           +--no:  cpi_9606.ENSP00000379839 > 279.0
                                                                                                  +--yes: [0] [3.0]: 4
                                                                                                  +--no:  cpi_9606.ENSP00000003100 > 269.0
                                                                                                         +--yes: cpi_9606.ENSP00000260682 > 398.0
                                                                                                         |      +--yes: [1] [6.0]: 6
                                                                                                         |      +--no:  cpi_9606.ENSP00000215832 > 0.0
                                                                                                         |             +--yes: [1] [2.0]: 2
                                                                                                         |             +--no:  cpi_9606.ENSP00000363822 > 0.0
                                                                                                         |                    +--yes: [1] [2.0]: 3
                                                                                                         |                    +--no:  [0] [7.0]: 9
                                                                                                         +--no:  cpi_9606.ENSP00000222481 > 195.0
                                                                                                                +--yes: [0] [2.0]: 2
                                                                                                                +--no:  cpi_9606.ENSP00000275216 > 440.0
                                                                                                                       +--yes: [0] [2.0]: 2
                                                                                                                       +--no:  cpi_9606.ENSP00000322617 > 812.0
                                                                                                                              +--yes: [0] [2.0]: 2
                                                                                                                              +--no:  cpi_9606.ENSP00000333667 > 217.0
                                                                                                                                     +--yes: [0] [2.0]: 2
                                                                                                                                     +--no:  cpi_9606.ENSP00000367959 > 151.0
                                                                                                                                            +--yes: [1] [182.0]: 188
                                                                                                                                            +--no:  cpi_9606.ENSP00000225927 > 169.0
                                                                                                                                                   +--yes: [0] [3.0]: 4
                                                                                                                                                   +--no:  cpi_9606.ENSP00000256722 > 167.0
                                                                                                                                                          +--yes: [0] [3.0]: 4
                                                                                                                                                          +--no:  cpi_9606.ENSP00000263980 > 168.0
                                                                                                                                                                 +--yes: [0] [2.0]: 2
                                                                                                                                                                 +--no:  cpi_9606.ENSP00000282753 > 218.0
                                                                                                                                                                        +--yes: cpi_9606.ENSP00000011653 > 0.0
                                                                                                                                                                        |      +--yes: [1] [2.0]: 2
                                                                                                                                                                        |      +--no:  [0] [3.0]: 3
                                                                                                                                                                        +--no:  [1] [546.0]: 616

