Clus run ['se_C0015230']
************************

Date: 27/04/2025, 10:44
File: cpi_fingerprint_dataset_se_C0015230_settings.out
Attributes: 2151 (input: 2150, output: 1)
Missing values: No

[General]
Verbose = 1
RandomSeed = 43
ResourceInfoLoaded = No
DoNotInduce = No
LoggingProperties = logging.properties

[Data]
File = C:\Users\KostasVoror\Projects\sep\SIDER_dataset\binary_datasets\cpi_fingerprint_dataset_se_C0015230.arff
TestSet = None
PruneSet = None
XVal = 10
RemoveMissingTarget = No
NormalizeData = None

[Attributes]
Target = 2151
Clustering = 2151
Descriptive = 1-2150
Key = None
Disable = None
Weights = Normalize
ClusteringWeights = 1.0
ReduceMemoryNominalAttrs = No
GIS = None

[Constraints]
Syntactic = None
MaxSize = Infinity
MaxError = 0.0
MaxDepth = Infinity

[Nominal]
MEstimate = 1.0

[Model]
MinimalWeight = 2.0
MinimalNumberExamples = 0
MinimalKnownWeight = 0.0
ParamTuneNumberFolds = 3
NominalSubsetTests = Yes
LoadFromModelFile = No

[Tree]
Heuristic = VarianceReduction
HeuristicComplexity = N2
SetDistance = GSMDistance
TupleDistance = Euclidean
TSDistance = DTW
PruningMethod = C45
FTest = 1.0
BinarySplit = Yes
ConvertToRules = No
AlternativeSplits = No
Optimize = []
MSENominal = No
SplitSampling = None
MissingClusteringAttrHandling = EstimateFromParentNode
MissingTargetAttrHandling = ParentNode
InductionOrder = DepthFirst
EntropyType = StandardEntropy
ConsiderUnlableInstancesInIGCalc = No
SpatialMatrix = Binary
SpatialMeasure = GlobalMoran
Bandwidth = 0.001
Longlat = No
NumNeightbours = 0.0
Alpha = 1.0
SplitPosition = Exact

[SemiSupervised]
SemiSupervisedMethod = PCT
StoppingCriteria = NoneAdded
UnlabeledCriteria = Threshold
ConfidenceThreshold = 0.8
ConfidenceMeasure = Variance
Iterations = 10
K = 5
UnlabeledData = 
PercentageLabeled = 5
UseWeights = No
AirbagTrials = 0
ExhaustiveSearchThresholds = [0.5,0.6,0.7,0.8,0.9,0.99]
OOBErrorCalculation = LabeledOnly
Normalization = MinMaxNormalization
Aggregation = Average
CalibrateHmcThreshold = No
PruningWhenTuning = No
InternalFolds = 5
WeightScoresFile = NO
PossibleWeights = [0.0,0.1,0.2,0.3,0.4,0.5,0.6,0.7,0.8,0.9,1.0]
IterationsSupervisionOptimisation = 0
ForceInternalXValOptimisation = No
ImputeMissingTargetValues = No
InternalFold = -1234
ProceedToMain = Yes

[Output]
ShowModels = [Default, Pruned, Others]
TrainErrors = Yes
ValidErrors = Yes
TestErrors = Yes
AllFoldModels = Yes
AllFoldErrors = No
AllFoldDatasets = No
UnknownFrequency = No
BranchFrequency = No
ShowInfo = [Count]
PrintModelAndExamples = No
WriteErrorFile = No
WriteModelFile = No
WritePerBagModelFile = Yes
WriteOOBFile = No
WritePredictions = []
GzipOutput = No
ModelIDFiles = No
WriteCurves = No
OutputPythonModel = No
PythonModelType = Object
OutputROSSubspaces = No
OutputJSONModel = No
OutputDatabaseQueries = No
OutputClowdFlowsJSON = No
ComputeSpearman = No

Run: 01
*******

Statistics
----------

FTValue (FTest): 1.0
Induction Time: 7.6000E-1 sec
Pruning Time: 0 sec
Prediction Time (total for ClusModel.Original): 
	0 microsecs
	0 millisecs
	0 secs
Prediction Time (average for ClusModel.Original): 0 microsecs
Model information:
     Default: Nodes = 1; Leaves = 1; Depth = 1
     Original: Nodes = 339; Leaves = 170; Depth = 41
     Pruned: Nodes = 285; Leaves = 143; Depth = 41

Training error
--------------

Number of examples: 1394
Classification Error
   Default: 
   Attribute: se_C0015230
     REAL\PRED |    1 | 0 |
     ---------------------------
             1 | 1062 | 0 | 1062
             0 |  332 | 0 |  332
     ---------------------------
               | 1394 | 0 | 1394
     Accuracy: 7.618364E-1
     Cramer's coefficient: 0

   Original: 
   Attribute: se_C0015230
     REAL\PRED |    1 |   0 |
     -----------------------------
             1 | 1055 |   7 | 1062
             0 |   35 | 297 |  332
     -----------------------------
               | 1090 | 304 | 1394
     Accuracy: 9.698709E-1
     Cramer's coefficient: 9.159839E-1

   Pruned: 
   Attribute: se_C0015230
     REAL\PRED |    1 |   0 |
     -----------------------------
             1 | 1047 |  15 | 1062
             0 |   39 | 293 |  332
     -----------------------------
               | 1086 | 308 | 1394
     Accuracy: 9.612626E-1
     Cramer's coefficient: 8.915871E-1

Weighted mean squared error (MSE) for Nominal Attributes (Weights [2.756])
   Default        : [1.0000E0]
   Original       : [1.2273E-1]
   Pruned         : [1.8170E-1]
averageAUROC
   Default        : 5.000000E-1
   Original       : 9.891416E-1
   Pruned         : 9.760539E-1
averageAUPRC
   Default        : 7.618364E-1
   Original       : 9.959847E-1
   Pruned         : 9.909267E-1

Testing error
-------------

Number of examples: 1394
Classification Error
   Default: 
   Attribute: se_C0015230
     REAL\PRED |    1 | 0 |
     ---------------------------
             1 | 1062 | 0 | 1062
             0 |  332 | 0 |  332
     ---------------------------
               | 1394 | 0 | 1394
     Accuracy: 7.618364E-1
     Cramer's coefficient: 0

   Original: 
   Attribute: se_C0015230
     REAL\PRED |    1 |   0 |
     -----------------------------
             1 |  856 | 206 | 1062
             0 |  244 |  88 |  332
     -----------------------------
               | 1100 | 294 | 1394
     Accuracy: 6.771879E-1
     Cramer's coefficient: 7.422481E-2

   Pruned: 
   Attribute: se_C0015230
     REAL\PRED |    1 |   0 |
     -----------------------------
             1 |  854 | 208 | 1062
             0 |  241 |  91 |  332
     -----------------------------
               | 1095 | 299 | 1394
     Accuracy: 6.779053E-1
     Cramer's coefficient: 8.119229E-2

Weighted mean squared error (MSE) for Nominal Attributes (Weights [2.756])
   Default        : [1.0037]
   Original       : [1.6981]
   Pruned         : [1.6228]
averageAUROC
   Default        : 4.179259E-1
   Original       : 5.264745E-1
   Pruned         : 5.435967E-1
averageAUPRC
   Default        : 7.151650E-1
   Original       : 7.631374E-1
   Pruned         : 7.701111E-1

Default Model
*************

[1] [1062.0]: 1394

Original Model
**************

cpi_9606.ENSP00000337915 > 155.0
+--yes: cpi_9606.ENSP00000264668 > 473.0
|      +--yes: cpi_9606.ENSP00000023897 > 285.0
|      |      +--yes: [1] [2.0]: 2
|      |      +--no:  [0] [6.0]: 6
|      +--no:  cpi_9606.ENSP00000264867 > 800.0
|             +--yes: cpi_9606.ENSP00000000442 > 153.0
|             |      +--yes: [1] [1.0]: 2
|             |      +--no:  [0] [2.0]: 2
|             +--no:  f_726 > 0.0
|                    +--yes: [0] [2.0]: 2
|                    +--no:  cpi_9606.ENSP00000310447 > 171.0
|                           +--yes: cpi_9606.ENSP00000005178 > 0.0
|                           |      +--yes: [1] [3.0]: 3
|                           |      +--no:  [0] [4.0]: 4
|                           +--no:  cpi_9606.ENSP00000293230 > 177.0
|                                  +--yes: cpi_9606.ENSP00000003084 > 0.0
|                                  |      +--yes: [1] [3.0]: 3
|                                  |      +--no:  [0] [3.0]: 3
|                                  +--no:  cpi_9606.ENSP00000361076 > 150.0
|                                         +--yes: [0] [2.0]: 2
|                                         +--no:  cpi_9606.ENSP00000229319 > 279.0
|                                                +--yes: [0] [2.0]: 3
|                                                +--no:  cpi_9606.ENSP00000234389 > 298.0
|                                                       +--yes: [0] [2.0]: 3
|                                                       +--no:  cpi_9606.ENSP00000295589 > 324.0
|                                                              +--yes: f_579 > 0.0
|                                                              |      +--yes: [0] [4.0]: 4
|                                                              |      +--no:  [1] [10.0]: 10
|                                                              +--no:  cpi_9606.ENSP00000305480 > 152.0
|                                                                     +--yes: cpi_9606.ENSP00000256119 > 0.0
|                                                                     |      +--yes: cpi_9606.ENSP00000003084 > 0.0
|                                                                     |      |      +--yes: [1] [1.0]: 2
|                                                                     |      |      +--no:  [0] [2.0]: 2
|                                                                     |      +--no:  [1] [9.0]: 10
|                                                                     +--no:  cpi_9606.ENSP00000219794 > 193.0
|                                                                            +--yes: f_2 > 0.0
|                                                                            |      +--yes: [1] [3.0]: 3
|                                                                            |      +--no:  [0] [2.0]: 2
|                                                                            +--no:  cpi_9606.ENSP00000372750 > 470.0
|                                                                                   +--yes: cpi_9606.ENSP00000342007 > 0.0
|                                                                                   |      +--yes: [1] [11.0]: 11
|                                                                                   |      +--no:  cpi_9606.ENSP00000176183 > 0.0
|                                                                                   |             +--yes: [1] [1.0]: 2
|                                                                                   |             +--no:  [0] [2.0]: 2
|                                                                                   +--no:  [1] [266.0]: 270
+--no:  f_332 > 0.0
       +--yes: cpi_9606.ENSP00000272227 > 153.0
       |      +--yes: f_145 > 0.0
       |      |      +--yes: cpi_9606.ENSP00000215832 > 0.0
       |      |      |      +--yes: [0] [2.0]: 2
       |      |      |      +--no:  [1] [3.0]: 3
       |      |      +--no:  [0] [8.0]: 8
       |      +--no:  f_15 > 0.0
       |             +--yes: cpi_9606.ENSP00000290866 > 170.0
       |             |      +--yes: cpi_9606.ENSP00000287936 > 0.0
       |             |      |      +--yes: [0] [2.0]: 2
       |             |      |      +--no:  [1] [76.0]: 77
       |             |      +--no:  cpi_9606.ENSP00000369654 > 160.0
       |             |             +--yes: [0] [5.0]: 5
       |             |             +--no:  cpi_9606.ENSP00000467494 > 193.0
       |             |                    +--yes: [0] [5.0]: 5
       |             |                    +--no:  cpi_9606.ENSP00000226730 > 166.0
       |             |                           +--yes: [1] [41.0]: 41
       |             |                           +--no:  f_129 > 0.0
       |             |                                  +--yes: [1] [31.0]: 31
       |             |                                  +--no:  cpi_9606.ENSP00000318868 > 212.0
       |             |                                         +--yes: [0] [3.0]: 3
       |             |                                         +--no:  cpi_9606.ENSP00000338548 > 194.0
       |             |                                                +--yes: [0] [3.0]: 3
       |             |                                                +--no:  cpi_9606.ENSP00000443194 > 625.0
       |             |                                                       +--yes: [0] [3.0]: 3
       |             |                                                       +--no:  f_483 > 0.0
       |             |                                                              +--yes: [1] [28.0]: 28
       |             |                                                              +--no:  cpi_9606.ENSP00000262367 > 165.0
       |             |                                                                     +--yes: [0] [3.0]: 3
       |             |                                                                     +--no:  cpi_9606.ENSP00000254810 > 0.0
       |             |                                                                            +--yes: cpi_9606.ENSP00000254810 > 265.0
       |             |                                                                            |      +--yes: [1] [2.0]: 2
       |             |                                                                            |      +--no:  [0] [5.0]: 5
       |             |                                                                            +--no:  cpi_9606.ENSP00000338072 > 620.0
       |             |                                                                                   +--yes: cpi_9606.ENSP00000176183 > 276.0
       |             |                                                                                   |      +--yes: [1] [1.0]: 2
       |             |                                                                                   |      +--no:  [0] [3.0]: 3
       |             |                                                                                   +--no:  cpi_9606.ENSP00000241052 > 0.0
       |             |                                                                                          +--yes: [1] [24.0]: 24
       |             |                                                                                          +--no:  cpi_9606.ENSP00000306490 > 800.0
       |             |                                                                                                 +--yes: cpi_9606.ENSP00000255380 > 946.0
       |             |                                                                                                 |      +--yes: [1] [2.0]: 2
       |             |                                                                                                 |      +--no:  [0] [5.0]: 5
       |             |                                                                                                 +--no:  cpi_9606.ENSP00000265724 > 150.0
       |             |                                                                                                        +--yes: [1] [21.0]: 21
       |             |                                                                                                        +--no:  f_443 > 0.0
       |             |                                                                                                               +--yes: cpi_9606.ENSP00000155840 > 272.0
       |             |                                                                                                               |      +--yes: [0] [2.0]: 2
       |             |                                                                                                               |      +--no:  cpi_9606.ENSP00000270625 > 0.0
       |             |                                                                                                               |             +--yes: [0] [2.0]: 2
       |             |                                                                                                               |             +--no:  cpi_9606.ENSP00000344352 > 150.0
       |             |                                                                                                               |                    +--yes: [0] [2.0]: 2
       |             |                                                                                                               |                    +--no:  f_767 > 0.0
       |             |                                                                                                               |                           +--yes: [0] [2.0]: 2
       |             |                                                                                                               |                           +--no:  f_535 > 0.0
       |             |                                                                                                               |                                  +--yes: cpi_9606.ENSP00000276571 > 152.0
       |             |                                                                                                               |                                  |      +--yes: cpi_9606.ENSP00000276571 > 192.0
       |             |                                                                                                               |                                  |      |      +--yes: [1] [2.0]: 2
       |             |                                                                                                               |                                  |      |      +--no:  [0] [3.0]: 3
       |             |                                                                                                               |                                  |      +--no:  cpi_9606.ENSP00000338345 > 0.0
       |             |                                                                                                               |                                  |             +--yes: [1] [17.0]: 17
       |             |                                                                                                               |                                  |             +--no:  cpi_9606.ENSP00000355155 > 0.0
       |             |                                                                                                               |                                  |                    +--yes: [0] [2.0]: 2
       |             |                                                                                                               |                                  |                    +--no:  f_771 > 0.0
       |             |                                                                                                               |                                  |                           +--yes: [0] [2.0]: 2
       |             |                                                                                                               |                                  |                           +--no:  f_679 > 0.0
       |             |                                                                                                               |                                  |                                  +--yes: cpi_9606.ENSP00000225831 > 159.0
       |             |                                                                                                               |                                  |                                  |      +--yes: [0] [2.0]: 3
       |             |                                                                                                               |                                  |                                  |      +--no:  f_375 > 0.0
       |             |                                                                                                               |                                  |                                  |             +--yes: f_681 > 0.0
       |             |                                                                                                               |                                  |                                  |             |      +--yes: cpi_9606.ENSP00000396308 > 0.0
       |             |                                                                                                               |                                  |                                  |             |      |      +--yes: [1] [2.0]: 2
       |             |                                                                                                               |                                  |                                  |             |      |      +--no:  [0] [3.0]: 3
       |             |                                                                                                               |                                  |                                  |             |      +--no:  cpi_9606.ENSP00000362353 > 0.0
       |             |                                                                                                               |                                  |                                  |             |             +--yes: f_199 > 0.0
       |             |                                                                                                               |                                  |                                  |             |             |      +--yes: [1] [2.0]: 2
       |             |                                                                                                               |                                  |                                  |             |             |      +--no:  [0] [2.0]: 2
       |             |                                                                                                               |                                  |                                  |             |             +--no:  [1] [56.0]: 57
       |             |                                                                                                               |                                  |                                  |             +--no:  f_703 > 0.0
       |             |                                                                                                               |                                  |                                  |                    +--yes: [1] [23.0]: 24
       |             |                                                                                                               |                                  |                                  |                    +--no:  f_206 > 0.0
       |             |                                                                                                               |                                  |                                  |                           +--yes: cpi_9606.ENSP00000263923 > 0.0
       |             |                                                                                                               |                                  |                                  |                           |      +--yes: [1] [1.0]: 2
       |             |                                                                                                               |                                  |                                  |                           |      +--no:  [0] [3.0]: 3
       |             |                                                                                                               |                                  |                                  |                           +--no:  cpi_9606.ENSP00000229447 > 0.0
       |             |                                                                                                               |                                  |                                  |                                  +--yes: [0] [2.0]: 2
       |             |                                                                                                               |                                  |                                  |                                  +--no:  cpi_9606.ENSP00000334145 > 0.0
       |             |                                                                                                               |                                  |                                  |                                         +--yes: [0] [2.0]: 2
       |             |                                                                                                               |                                  |                                  |                                         +--no:  f_249 > 0.0
       |             |                                                                                                               |                                  |                                  |                                                +--yes: f_23 > 0.0
       |             |                                                                                                               |                                  |                                  |                                                |      +--yes: [1] [2.0]: 2
       |             |                                                                                                               |                                  |                                  |                                                |      +--no:  [0] [3.0]: 3
       |             |                                                                                                               |                                  |                                  |                                                +--no:  f_406 > 0.0
       |             |                                                                                                               |                                  |                                  |                                                       +--yes: f_658 > 0.0
       |             |                                                                                                               |                                  |                                  |                                                       |      +--yes: f_338 > 0.0
       |             |                                                                                                               |                                  |                                  |                                                       |      |      +--yes: [0] [2.0]: 2
       |             |                                                                                                               |                                  |                                  |                                                       |      |      +--no:  [1] [3.0]: 3
       |             |                                                                                                               |                                  |                                  |                                                       |      +--no:  [1] [24.0]: 24
       |             |                                                                                                               |                                  |                                  |                                                       +--no:  f_628 > 0.0
       |             |                                                                                                               |                                  |                                  |                                                              +--yes: [1] [8.0]: 9
       |             |                                                                                                               |                                  |                                  |                                                              +--no:  f_567 > 0.0
       |             |                                                                                                               |                                  |                                  |                                                                     +--yes: [1] [2.0]: 3
       |             |                                                                                                               |                                  |                                  |                                                                     +--no:  [0] [4.0]: 4
       |             |                                                                                                               |                                  |                                  +--no:  f_339 > 0.0
       |             |                                                                                                               |                                  |                                         +--yes: [0] [3.0]: 3
       |             |                                                                                                               |                                  |                                         +--no:  f_446 > 0.0
       |             |                                                                                                               |                                  |                                                +--yes: [0] [2.0]: 3
       |             |                                                                                                               |                                  |                                                +--no:  [1] [5.0]: 5
       |             |                                                                                                               |                                  +--no:  [1] [25.0]: 25
       |             |                                                                                                               +--no:  f_708 > 0.0
       |             |                                                                                                                      +--yes: f_251 > 0.0
       |             |                                                                                                                      |      +--yes: [1] [7.0]: 7
       |             |                                                                                                                      |      +--no:  cpi_9606.ENSP00000313661 > 154.0
       |             |                                                                                                                      |             +--yes: cpi_9606.ENSP00000306662 > 800.0
       |             |                                                                                                                      |             |      +--yes: [0] [2.0]: 2
       |             |                                                                                                                      |             |      +--no:  [1] [10.0]: 11
       |             |                                                                                                                      |             +--no:  f_682 > 0.0
       |             |                                                                                                                      |                    +--yes: cpi_9606.ENSP00000252486 > 0.0
       |             |                                                                                                                      |                    |      +--yes: [0] [2.0]: 3
       |             |                                                                                                                      |                    |      +--no:  [1] [5.0]: 5
       |             |                                                                                                                      |                    +--no:  cpi_9606.ENSP00000206249 > 0.0
       |             |                                                                                                                      |                           +--yes: [1] [2.0]: 2
       |             |                                                                                                                      |                           +--no:  f_364 > 0.0
       |             |                                                                                                                      |                                  +--yes: f_145 > 0.0
       |             |                                                                                                                      |                                  |      +--yes: [0] [3.0]: 3
       |             |                                                                                                                      |                                  |      +--no:  [1] [2.0]: 2
       |             |                                                                                                                      |                                  +--no:  [0] [16.0]: 16
       |             |                                                                                                                      +--no:  cpi_9606.ENSP00000369960 > 744.0
       |             |                                                                                                                             +--yes: [0] [2.0]: 2
       |             |                                                                                                                             +--no:  f_539 > 0.0
       |             |                                                                                                                                    +--yes: [1] [16.0]: 16
       |             |                                                                                                                                    +--no:  f_375 > 0.0
       |             |                                                                                                                                           +--yes: cpi_9606.ENSP00000225474 > 0.0
       |             |                                                                                                                                           |      +--yes: [1] [2.0]: 2
       |             |                                                                                                                                           |      +--no:  cpi_9606.ENSP00000234071 > 0.0
       |             |                                                                                                                                           |             +--yes: [1] [1.0]: 2
       |             |                                                                                                                                           |             +--no:  [0] [2.0]: 2
       |             |                                                                                                                                           +--no:  [1] [4.0]: 4
       |             +--no:  cpi_9606.ENSP00000263321 > 167.0
       |                    +--yes: cpi_9606.ENSP00000225474 > 199.0
       |                    |      +--yes: [1] [2.0]: 2
       |                    |      +--no:  cpi_9606.ENSP00000263321 > 904.0
       |                    |             +--yes: [1] [2.0]: 2
       |                    |             +--no:  [0] [13.0]: 13
       |                    +--no:  f_607 > 0.0
       |                           +--yes: f_699 > 0.0
       |                           |      +--yes: cpi_9606.ENSP00000342560 > 394.0
       |                           |      |      +--yes: [1] [3.0]: 3
       |                           |      |      +--no:  cpi_9606.ENSP00000342007 > 176.0
       |                           |      |             +--yes: [1] [2.0]: 2
       |                           |      |             +--no:  f_336 > 0.0
       |                           |      |                    +--yes: [1] [2.0]: 2
       |                           |      |                    +--no:  cpi_9606.ENSP00000305372 > 217.0
       |                           |      |                           +--yes: [0] [13.0]: 13
       |                           |      |                           +--no:  f_249 > 0.0
       |                           |      |                                  +--yes: [1] [5.0]: 6
       |                           |      |                                  +--no:  cpi_9606.ENSP00000362403 > 0.0
       |                           |      |                                         +--yes: [1] [1.0]: 2
       |                           |      |                                         +--no:  [0] [7.0]: 7
       |                           |      +--no:  cpi_9606.ENSP00000362549 > 0.0
       |                           |             +--yes: [0] [3.0]: 3
       |                           |             +--no:  cpi_9606.ENSP00000260191 > 0.0
       |                           |                    +--yes: [0] [2.0]: 2
       |                           |                    +--no:  cpi_9606.ENSP00000369927 > 0.0
       |                           |                           +--yes: [0] [2.0]: 2
       |                           |                           +--no:  f_391 > 0.0
       |                           |                                  +--yes: f_420 > 0.0
       |                           |                                  |      +--yes: [1] [5.0]: 5
       |                           |                                  |      +--no:  cpi_9606.ENSP00000324648 > 0.0
       |                           |                                  |             +--yes: [1] [3.0]: 3
       |                           |                                  |             +--no:  f_192 > 0.0
       |                           |                                  |                    +--yes: [1] [1.0]: 2
       |                           |                                  |                    +--no:  [0] [4.0]: 4
       |                           |                                  +--no:  f_536 > 0.0
       |                           |                                         +--yes: cpi_9606.ENSP00000287820 > 0.0
       |                           |                                         |      +--yes: [1] [2.0]: 2
       |                           |                                         |      +--no:  [0] [2.0]: 2
       |                           |                                         +--no:  [1] [21.0]: 21
       |                           +--no:  cpi_9606.ENSP00000282753 > 248.0
       |                                  +--yes: cpi_9606.ENSP00000014930 > 0.0
       |                                  |      +--yes: [1] [1.0]: 2
       |                                  |      +--no:  [0] [4.0]: 4
       |                                  +--no:  f_503 > 0.0
       |                                         +--yes: f_192 > 0.0
       |                                         |      +--yes: [1] [2.0]: 3
       |                                         |      +--no:  [0] [5.0]: 5
       |                                         +--no:  cpi_9606.ENSP00000268053 > 0.0
       |                                                +--yes: [0] [3.0]: 3
       |                                                +--no:  f_366 > 0.0
       |                                                       +--yes: cpi_9606.ENSP00000078429 > 0.0
       |                                                       |      +--yes: [0] [2.0]: 2
       |                                                       |      +--no:  cpi_9606.ENSP00000234071 > 195.0
       |                                                       |             +--yes: [0] [2.0]: 2
       |                                                       |             +--no:  cpi_9606.ENSP00000225831 > 0.0
       |                                                       |                    +--yes: [1] [17.0]: 17
       |                                                       |                    +--no:  cpi_9606.ENSP00000283916 > 171.0
       |                                                       |                           +--yes: [1] [12.0]: 12
       |                                                       |                           +--no:  cpi_9606.ENSP00000358301 > 834.0
       |                                                       |                                  +--yes: cpi_9606.ENSP00000272190 > 155.0
       |                                                       |                                  |      +--yes: [1] [1.0]: 2
       |                                                       |                                  |      +--no:  [0] [3.0]: 3
       |                                                       |                                  +--no:  cpi_9606.ENSP00000003100 > 179.0
       |                                                       |                                         +--yes: [0] [2.0]: 2
       |                                                       |                                         +--no:  f_13 > 0.0
       |                                                       |                                                +--yes: [1] [14.0]: 14
       |                                                       |                                                +--no:  cpi_9606.ENSP00000305372 > 0.0
       |                                                       |                                                       +--yes: [1] [10.0]: 10
       |                                                       |                                                       +--no:  f_2 > 0.0
       |                                                       |                                                              +--yes: cpi_9606.ENSP00000355920 > 0.0
       |                                                       |                                                              |      +--yes: [0] [3.0]: 3
       |                                                       |                                                              |      +--no:  cpi_9606.ENSP00000231509 > 921.0
       |                                                       |                                                              |             +--yes: [1] [10.0]: 11
       |                                                       |                                                              |             +--no:  cpi_9606.ENSP00000231509 > 833.0
       |                                                       |                                                              |                    +--yes: [0] [4.0]: 4
       |                                                       |                                                              |                    +--no:  cpi_9606.ENSP00000216797 > 0.0
       |                                                       |                                                              |                           +--yes: [0] [2.0]: 2
       |                                                       |                                                              |                           +--no:  f_21 > 0.0
       |                                                       |                                                              |                                  +--yes: [1] [11.0]: 12
       |                                                       |                                                              |                                  +--no:  cpi_9606.ENSP00000336528 > 363.0
       |                                                       |                                                              |                                         +--yes: [1] [5.0]: 5
       |                                                       |                                                              |                                         +--no:  cpi_9606.ENSP00000325120 > 0.0
       |                                                       |                                                              |                                                +--yes: [0] [3.0]: 3
       |                                                       |                                                              |                                                +--no:  cpi_9606.ENSP00000276414 > 0.0
       |                                                       |                                                              |                                                       +--yes: [1] [5.0]: 5
       |                                                       |                                                              |                                                       +--no:  f_392 > 0.0
       |                                                       |                                                              |                                                              +--yes: [0] [3.0]: 3
       |                                                       |                                                              |                                                              +--no:  cpi_9606.ENSP00000206249 > 815.0
       |                                                       |                                                              |                                                                     +--yes: [0] [2.0]: 2
       |                                                       |                                                              |                                                                     +--no:  f_755 > 0.0
       |                                                       |                                                              |                                                                            +--yes: [1] [6.0]: 6
       |                                                       |                                                              |                                                                            +--no:  cpi_9606.ENSP00000347754 > 152.0
       |                                                       |                                                              |                                                                                   +--yes: [1] [4.0]: 4
       |                                                       |                                                              |                                                                                   +--no:  cpi_9606.ENSP00000264381 > 180.0
       |                                                       |                                                              |                                                                                          +--yes: [0] [4.0]: 4
       |                                                       |                                                              |                                                                                          +--no:  cpi_9606.ENSP00000409378 > 0.0
       |                                                       |                                                              |                                                                                                 +--yes: [1] [6.0]: 6
       |                                                       |                                                              |                                                                                                 +--no:  f_567 > 0.0
       |                                                       |                                                              |                                                                                                        +--yes: cpi_9606.ENSP00000231509 > 180.0
       |                                                       |                                                              |                                                                                                        |      +--yes: [1] [1.0]: 2
       |                                                       |                                                              |                                                                                                        |      +--no:  [0] [5.0]: 5
       |                                                       |                                                              |                                                                                                        +--no:  f_294 > 0.0
       |                                                       |                                                              |                                                                                                               +--yes: [1] [4.0]: 4
       |                                                       |                                                              |                                                                                                               +--no:  f_432 > 0.0
       |                                                       |                                                              |                                                                                                                      +--yes: f_605 > 0.0
       |                                                       |                                                              |                                                                                                                      |      +--yes: [1] [3.0]: 4
       |                                                       |                                                              |                                                                                                                      |      +--no:  cpi_9606.ENSP00000394624 > 0.0
       |                                                       |                                                              |                                                                                                                      |             +--yes: [1] [1.0]: 2
       |                                                       |                                                              |                                                                                                                      |             +--no:  [0] [6.0]: 6
       |                                                       |                                                              |                                                                                                                      +--no:  f_3 > 0.0
       |                                                       |                                                              |                                                                                                                             +--yes: [1] [6.0]: 6
       |                                                       |                                                              |                                                                                                                             +--no:  f_14 > 0.0
       |                                                       |                                                              |                                                                                                                                    +--yes: [1] [2.0]: 2
       |                                                       |                                                              |                                                                                                                                    +--no:  [0] [2.0]: 2
       |                                                       |                                                              +--no:  f_341 > 0.0
       |                                                       |                                                                     +--yes: [1] [17.0]: 18
       |                                                       |                                                                     +--no:  f_406 > 0.0
       |                                                       |                                                                            +--yes: [1] [3.0]: 3
       |                                                       |                                                                            +--no:  [0] [2.0]: 2
       |                                                       +--no:  cpi_9606.ENSP00000225371 > 0.0
       |                                                              +--yes: [0] [2.0]: 3
       |                                                              +--no:  f_214 > 0.0
       |                                                                     +--yes: [0] [2.0]: 3
       |                                                                     +--no:  [1] [68.0]: 71
       +--no:  cpi_9606.ENSP00000334105 > 0.0
              +--yes: [0] [10.0]: 10
              +--no:  cpi_9606.ENSP00000309477 > 159.0
                     +--yes: cpi_9606.ENSP00000220616 > 166.0
                     |      +--yes: [1] [2.0]: 2
                     |      +--no:  [0] [10.0]: 10
                     +--no:  cpi_9606.ENSP00000320709 > 171.0
                            +--yes: [0] [4.0]: 4
                            +--no:  cpi_9606.ENSP00000269305 > 194.0
                                   +--yes: [1] [11.0]: 11
                                   +--no:  cpi_9606.ENSP00000255030 > 0.0
                                          +--yes: [1] [6.0]: 6
                                          +--no:  cpi_9606.ENSP00000295897 > 190.0
                                                 +--yes: [0] [5.0]: 5
                                                 +--no:  cpi_9606.ENSP00000253004 > 0.0
                                                        +--yes: [0] [3.0]: 3
                                                        +--no:  cpi_9606.ENSP00000293813 > 0.0
                                                               +--yes: [0] [2.0]: 2
                                                               +--no:  cpi_9606.ENSP00000299178 > 0.0
                                                                      +--yes: [0] [2.0]: 2
                                                                      +--no:  cpi_9606.ENSP00000360493 > 0.0
                                                                             +--yes: [0] [2.0]: 2
                                                                             +--no:  f_366 > 0.0
                                                                                    +--yes: f_380 > 0.0
                                                                                    |      +--yes: [1] [3.0]: 3
                                                                                    |      +--no:  cpi_9606.ENSP00000283916 > 0.0
                                                                                    |             +--yes: [0] [2.0]: 2
                                                                                    |             +--no:  [1] [1.0]: 2
                                                                                    +--no:  [1] [14.0]: 16

Pruned Model
************

cpi_9606.ENSP00000337915 > 155.0
+--yes: cpi_9606.ENSP00000264668 > 473.0
|      +--yes: cpi_9606.ENSP00000023897 > 285.0
|      |      +--yes: [1] [2.0]: 2
|      |      +--no:  [0] [6.0]: 6
|      +--no:  cpi_9606.ENSP00000264867 > 800.0
|             +--yes: [0] [3.0]: 4
|             +--no:  f_726 > 0.0
|                    +--yes: [0] [2.0]: 2
|                    +--no:  cpi_9606.ENSP00000310447 > 171.0
|                           +--yes: cpi_9606.ENSP00000005178 > 0.0
|                           |      +--yes: [1] [3.0]: 3
|                           |      +--no:  [0] [4.0]: 4
|                           +--no:  cpi_9606.ENSP00000293230 > 177.0
|                                  +--yes: cpi_9606.ENSP00000003084 > 0.0
|                                  |      +--yes: [1] [3.0]: 3
|                                  |      +--no:  [0] [3.0]: 3
|                                  +--no:  cpi_9606.ENSP00000361076 > 150.0
|                                         +--yes: [0] [2.0]: 2
|                                         +--no:  cpi_9606.ENSP00000229319 > 279.0
|                                                +--yes: [0] [2.0]: 3
|                                                +--no:  cpi_9606.ENSP00000234389 > 298.0
|                                                       +--yes: [0] [2.0]: 3
|                                                       +--no:  cpi_9606.ENSP00000295589 > 324.0
|                                                              +--yes: f_579 > 0.0
|                                                              |      +--yes: [0] [4.0]: 4
|                                                              |      +--no:  [1] [10.0]: 10
|                                                              +--no:  [1] [291.0]: 304
+--no:  f_332 > 0.0
       +--yes: cpi_9606.ENSP00000272227 > 153.0
       |      +--yes: f_145 > 0.0
       |      |      +--yes: cpi_9606.ENSP00000215832 > 0.0
       |      |      |      +--yes: [0] [2.0]: 2
       |      |      |      +--no:  [1] [3.0]: 3
       |      |      +--no:  [0] [8.0]: 8
       |      +--no:  f_15 > 0.0
       |             +--yes: cpi_9606.ENSP00000290866 > 170.0
       |             |      +--yes: cpi_9606.ENSP00000287936 > 0.0
       |             |      |      +--yes: [0] [2.0]: 2
       |             |      |      +--no:  [1] [76.0]: 77
       |             |      +--no:  cpi_9606.ENSP00000369654 > 160.0
       |             |             +--yes: [0] [5.0]: 5
       |             |             +--no:  cpi_9606.ENSP00000467494 > 193.0
       |             |                    +--yes: [0] [5.0]: 5
       |             |                    +--no:  cpi_9606.ENSP00000226730 > 166.0
       |             |                           +--yes: [1] [41.0]: 41
       |             |                           +--no:  f_129 > 0.0
       |             |                                  +--yes: [1] [31.0]: 31
       |             |                                  +--no:  cpi_9606.ENSP00000318868 > 212.0
       |             |                                         +--yes: [0] [3.0]: 3
       |             |                                         +--no:  cpi_9606.ENSP00000338548 > 194.0
       |             |                                                +--yes: [0] [3.0]: 3
       |             |                                                +--no:  cpi_9606.ENSP00000443194 > 625.0
       |             |                                                       +--yes: [0] [3.0]: 3
       |             |                                                       +--no:  f_483 > 0.0
       |             |                                                              +--yes: [1] [28.0]: 28
       |             |                                                              +--no:  cpi_9606.ENSP00000262367 > 165.0
       |             |                                                                     +--yes: [0] [3.0]: 3
       |             |                                                                     +--no:  cpi_9606.ENSP00000254810 > 0.0
       |             |                                                                            +--yes: cpi_9606.ENSP00000254810 > 265.0
       |             |                                                                            |      +--yes: [1] [2.0]: 2
       |             |                                                                            |      +--no:  [0] [5.0]: 5
       |             |                                                                            +--no:  cpi_9606.ENSP00000338072 > 620.0
       |             |                                                                                   +--yes: [0] [4.0]: 5
       |             |                                                                                   +--no:  cpi_9606.ENSP00000241052 > 0.0
       |             |                                                                                          +--yes: [1] [24.0]: 24
       |             |                                                                                          +--no:  cpi_9606.ENSP00000306490 > 800.0
       |             |                                                                                                 +--yes: cpi_9606.ENSP00000255380 > 946.0
       |             |                                                                                                 |      +--yes: [1] [2.0]: 2
       |             |                                                                                                 |      +--no:  [0] [5.0]: 5
       |             |                                                                                                 +--no:  cpi_9606.ENSP00000265724 > 150.0
       |             |                                                                                                        +--yes: [1] [21.0]: 21
       |             |                                                                                                        +--no:  f_443 > 0.0
       |             |                                                                                                               +--yes: cpi_9606.ENSP00000155840 > 272.0
       |             |                                                                                                               |      +--yes: [0] [2.0]: 2
       |             |                                                                                                               |      +--no:  cpi_9606.ENSP00000270625 > 0.0
       |             |                                                                                                               |             +--yes: [0] [2.0]: 2
       |             |                                                                                                               |             +--no:  cpi_9606.ENSP00000344352 > 150.0
       |             |                                                                                                               |                    +--yes: [0] [2.0]: 2
       |             |                                                                                                               |                    +--no:  f_767 > 0.0
       |             |                                                                                                               |                           +--yes: [0] [2.0]: 2
       |             |                                                                                                               |                           +--no:  f_535 > 0.0
       |             |                                                                                                               |                                  +--yes: cpi_9606.ENSP00000276571 > 152.0
       |             |                                                                                                               |                                  |      +--yes: cpi_9606.ENSP00000276571 > 192.0
       |             |                                                                                                               |                                  |      |      +--yes: [1] [2.0]: 2
       |             |                                                                                                               |                                  |      |      +--no:  [0] [3.0]: 3
       |             |                                                                                                               |                                  |      +--no:  cpi_9606.ENSP00000338345 > 0.0
       |             |                                                                                                               |                                  |             +--yes: [1] [17.0]: 17
       |             |                                                                                                               |                                  |             +--no:  cpi_9606.ENSP00000355155 > 0.0
       |             |                                                                                                               |                                  |                    +--yes: [0] [2.0]: 2
       |             |                                                                                                               |                                  |                    +--no:  f_771 > 0.0
       |             |                                                                                                               |                                  |                           +--yes: [0] [2.0]: 2
       |             |                                                                                                               |                                  |                           +--no:  f_679 > 0.0
       |             |                                                                                                               |                                  |                                  +--yes: cpi_9606.ENSP00000225831 > 159.0
       |             |                                                                                                               |                                  |                                  |      +--yes: [0] [2.0]: 3
       |             |                                                                                                               |                                  |                                  |      +--no:  f_375 > 0.0
       |             |                                                                                                               |                                  |                                  |             +--yes: f_681 > 0.0
       |             |                                                                                                               |                                  |                                  |             |      +--yes: cpi_9606.ENSP00000396308 > 0.0
       |             |                                                                                                               |                                  |                                  |             |      |      +--yes: [1] [2.0]: 2
       |             |                                                                                                               |                                  |                                  |             |      |      +--no:  [0] [3.0]: 3
       |             |                                                                                                               |                                  |                                  |             |      +--no:  cpi_9606.ENSP00000362353 > 0.0
       |             |                                                                                                               |                                  |                                  |             |             +--yes: f_199 > 0.0
       |             |                                                                                                               |                                  |                                  |             |             |      +--yes: [1] [2.0]: 2
       |             |                                                                                                               |                                  |                                  |             |             |      +--no:  [0] [2.0]: 2
       |             |                                                                                                               |                                  |                                  |             |             +--no:  [1] [56.0]: 57
       |             |                                                                                                               |                                  |                                  |             +--no:  f_703 > 0.0
       |             |                                                                                                               |                                  |                                  |                    +--yes: [1] [23.0]: 24
       |             |                                                                                                               |                                  |                                  |                    +--no:  f_206 > 0.0
       |             |                                                                                                               |                                  |                                  |                           +--yes: [0] [4.0]: 5
       |             |                                                                                                               |                                  |                                  |                           +--no:  cpi_9606.ENSP00000229447 > 0.0
       |             |                                                                                                               |                                  |                                  |                                  +--yes: [0] [2.0]: 2
       |             |                                                                                                               |                                  |                                  |                                  +--no:  cpi_9606.ENSP00000334145 > 0.0
       |             |                                                                                                               |                                  |                                  |                                         +--yes: [0] [2.0]: 2
       |             |                                                                                                               |                                  |                                  |                                         +--no:  f_249 > 0.0
       |             |                                                                                                               |                                  |                                  |                                                +--yes: f_23 > 0.0
       |             |                                                                                                               |                                  |                                  |                                                |      +--yes: [1] [2.0]: 2
       |             |                                                                                                               |                                  |                                  |                                                |      +--no:  [0] [3.0]: 3
       |             |                                                                                                               |                                  |                                  |                                                +--no:  f_406 > 0.0
       |             |                                                                                                               |                                  |                                  |                                                       +--yes: f_658 > 0.0
       |             |                                                                                                               |                                  |                                  |                                                       |      +--yes: f_338 > 0.0
       |             |                                                                                                               |                                  |                                  |                                                       |      |      +--yes: [0] [2.0]: 2
       |             |                                                                                                               |                                  |                                  |                                                       |      |      +--no:  [1] [3.0]: 3
       |             |                                                                                                               |                                  |                                  |                                                       |      +--no:  [1] [24.0]: 24
       |             |                                                                                                               |                                  |                                  |                                                       +--no:  f_628 > 0.0
       |             |                                                                                                               |                                  |                                  |                                                              +--yes: [1] [8.0]: 9
       |             |                                                                                                               |                                  |                                  |                                                              +--no:  f_567 > 0.0
       |             |                                                                                                               |                                  |                                  |                                                                     +--yes: [1] [2.0]: 3
       |             |                                                                                                               |                                  |                                  |                                                                     +--no:  [0] [4.0]: 4
       |             |                                                                                                               |                                  |                                  +--no:  f_339 > 0.0
       |             |                                                                                                               |                                  |                                         +--yes: [0] [3.0]: 3
       |             |                                                                                                               |                                  |                                         +--no:  f_446 > 0.0
       |             |                                                                                                               |                                  |                                                +--yes: [0] [2.0]: 3
       |             |                                                                                                               |                                  |                                                +--no:  [1] [5.0]: 5
       |             |                                                                                                               |                                  +--no:  [1] [25.0]: 25
       |             |                                                                                                               +--no:  f_708 > 0.0
       |             |                                                                                                                      +--yes: f_251 > 0.0
       |             |                                                                                                                      |      +--yes: [1] [7.0]: 7
       |             |                                                                                                                      |      +--no:  cpi_9606.ENSP00000313661 > 154.0
       |             |                                                                                                                      |             +--yes: cpi_9606.ENSP00000306662 > 800.0
       |             |                                                                                                                      |             |      +--yes: [0] [2.0]: 2
       |             |                                                                                                                      |             |      +--no:  [1] [10.0]: 11
       |             |                                                                                                                      |             +--no:  f_682 > 0.0
       |             |                                                                                                                      |                    +--yes: cpi_9606.ENSP00000252486 > 0.0
       |             |                                                                                                                      |                    |      +--yes: [0] [2.0]: 3
       |             |                                                                                                                      |                    |      +--no:  [1] [5.0]: 5
       |             |                                                                                                                      |                    +--no:  cpi_9606.ENSP00000206249 > 0.0
       |             |                                                                                                                      |                           +--yes: [1] [2.0]: 2
       |             |                                                                                                                      |                           +--no:  f_364 > 0.0
       |             |                                                                                                                      |                                  +--yes: f_145 > 0.0
       |             |                                                                                                                      |                                  |      +--yes: [0] [3.0]: 3
       |             |                                                                                                                      |                                  |      +--no:  [1] [2.0]: 2
       |             |                                                                                                                      |                                  +--no:  [0] [16.0]: 16
       |             |                                                                                                                      +--no:  cpi_9606.ENSP00000369960 > 744.0
       |             |                                                                                                                             +--yes: [0] [2.0]: 2
       |             |                                                                                                                             +--no:  [1] [23.0]: 26
       |             +--no:  cpi_9606.ENSP00000263321 > 167.0
       |                    +--yes: cpi_9606.ENSP00000225474 > 199.0
       |                    |      +--yes: [1] [2.0]: 2
       |                    |      +--no:  cpi_9606.ENSP00000263321 > 904.0
       |                    |             +--yes: [1] [2.0]: 2
       |                    |             +--no:  [0] [13.0]: 13
       |                    +--no:  f_607 > 0.0
       |                           +--yes: f_699 > 0.0
       |                           |      +--yes: cpi_9606.ENSP00000342560 > 394.0
       |                           |      |      +--yes: [1] [3.0]: 3
       |                           |      |      +--no:  cpi_9606.ENSP00000342007 > 176.0
       |                           |      |             +--yes: [1] [2.0]: 2
       |                           |      |             +--no:  f_336 > 0.0
       |                           |      |                    +--yes: [1] [2.0]: 2
       |                           |      |                    +--no:  cpi_9606.ENSP00000305372 > 217.0
       |                           |      |                           +--yes: [0] [13.0]: 13
       |                           |      |                           +--no:  f_249 > 0.0
       |                           |      |                                  +--yes: [1] [5.0]: 6
       |                           |      |                                  +--no:  [0] [8.0]: 9
       |                           |      +--no:  cpi_9606.ENSP00000362549 > 0.0
       |                           |             +--yes: [0] [3.0]: 3
       |                           |             +--no:  cpi_9606.ENSP00000260191 > 0.0
       |                           |                    +--yes: [0] [2.0]: 2
       |                           |                    +--no:  cpi_9606.ENSP00000369927 > 0.0
       |                           |                           +--yes: [0] [2.0]: 2
       |                           |                           +--no:  f_391 > 0.0
       |                           |                                  +--yes: f_420 > 0.0
       |                           |                                  |      +--yes: [1] [5.0]: 5
       |                           |                                  |      +--no:  cpi_9606.ENSP00000324648 > 0.0
       |                           |                                  |             +--yes: [1] [3.0]: 3
       |                           |                                  |             +--no:  [0] [5.0]: 6
       |                           |                                  +--no:  f_536 > 0.0
       |                           |                                         +--yes: cpi_9606.ENSP00000287820 > 0.0
       |                           |                                         |      +--yes: [1] [2.0]: 2
       |                           |                                         |      +--no:  [0] [2.0]: 2
       |                           |                                         +--no:  [1] [21.0]: 21
       |                           +--no:  cpi_9606.ENSP00000282753 > 248.0
       |                                  +--yes: [0] [5.0]: 6
       |                                  +--no:  f_503 > 0.0
       |                                         +--yes: f_192 > 0.0
       |                                         |      +--yes: [1] [2.0]: 3
       |                                         |      +--no:  [0] [5.0]: 5
       |                                         +--no:  cpi_9606.ENSP00000268053 > 0.0
       |                                                +--yes: [0] [3.0]: 3
       |                                                +--no:  f_366 > 0.0
       |                                                       +--yes: cpi_9606.ENSP00000078429 > 0.0
       |                                                       |      +--yes: [0] [2.0]: 2
       |                                                       |      +--no:  cpi_9606.ENSP00000234071 > 195.0
       |                                                       |             +--yes: [0] [2.0]: 2
       |                                                       |             +--no:  cpi_9606.ENSP00000225831 > 0.0
       |                                                       |                    +--yes: [1] [17.0]: 17
       |                                                       |                    +--no:  cpi_9606.ENSP00000283916 > 171.0
       |                                                       |                           +--yes: [1] [12.0]: 12
       |                                                       |                           +--no:  cpi_9606.ENSP00000358301 > 834.0
       |                                                       |                                  +--yes: [0] [4.0]: 5
       |                                                       |                                  +--no:  cpi_9606.ENSP00000003100 > 179.0
       |                                                       |                                         +--yes: [0] [2.0]: 2
       |                                                       |                                         +--no:  cpi_9606.ENSP00000305372 > 0.0
       |                                                       |                                                +--yes: [1] [10.0]: 10
       |                                                       |                                                +--no:  f_2 > 0.0
       |                                                       |                                                       +--yes: cpi_9606.ENSP00000355920 > 0.0
       |                                                       |                                                       |      +--yes: [0] [3.0]: 3
       |                                                       |                                                       |      +--no:  cpi_9606.ENSP00000231509 > 921.0
       |                                                       |                                                       |             +--yes: [1] [10.0]: 11
       |                                                       |                                                       |             +--no:  cpi_9606.ENSP00000231509 > 833.0
       |                                                       |                                                       |                    +--yes: [0] [4.0]: 4
       |                                                       |                                                       |                    +--no:  cpi_9606.ENSP00000216797 > 0.0
       |                                                       |                                                       |                           +--yes: [0] [2.0]: 2
       |                                                       |                                                       |                           +--no:  f_21 > 0.0
       |                                                       |                                                       |                                  +--yes: [1] [22.0]: 23
       |                                                       |                                                       |                                  +--no:  cpi_9606.ENSP00000336528 > 363.0
       |                                                       |                                                       |                                         +--yes: [1] [5.0]: 5
       |                                                       |                                                       |                                         +--no:  cpi_9606.ENSP00000325120 > 0.0
       |                                                       |                                                       |                                                +--yes: [0] [3.0]: 3
       |                                                       |                                                       |                                                +--no:  cpi_9606.ENSP00000276414 > 0.0
       |                                                       |                                                       |                                                       +--yes: [1] [5.0]: 5
       |                                                       |                                                       |                                                       +--no:  f_392 > 0.0
       |                                                       |                                                       |                                                              +--yes: [0] [3.0]: 3
       |                                                       |                                                       |                                                              +--no:  cpi_9606.ENSP00000206249 > 815.0
       |                                                       |                                                       |                                                                     +--yes: [0] [2.0]: 2
       |                                                       |                                                       |                                                                     +--no:  f_755 > 0.0
       |                                                       |                                                       |                                                                            +--yes: [1] [8.0]: 8
       |                                                       |                                                       |                                                                            +--no:  cpi_9606.ENSP00000347754 > 152.0
       |                                                       |                                                       |                                                                                   +--yes: [1] [4.0]: 4
       |                                                       |                                                       |                                                                                   +--no:  cpi_9606.ENSP00000264381 > 180.0
       |                                                       |                                                       |                                                                                          +--yes: [0] [4.0]: 4
       |                                                       |                                                       |                                                                                          +--no:  f_294 > 0.0
       |                                                       |                                                       |                                                                                                 +--yes: [1] [4.0]: 4
       |                                                       |                                                       |                                                                                                 +--no:  f_432 > 0.0
       |                                                       |                                                       |                                                                                                        +--yes: f_605 > 0.0
       |                                                       |                                                       |                                                                                                        |      +--yes: [1] [4.0]: 6
       |                                                       |                                                       |                                                                                                        |      +--no:  [0] [9.0]: 10
       |                                                       |                                                       |                                                                                                        +--no:  f_3 > 0.0
       |                                                       |                                                       |                                                                                                               +--yes: [1] [8.0]: 9
       |                                                       |                                                       |                                                                                                               +--no:  f_14 > 0.0
       |                                                       |                                                       |                                                                                                                      +--yes: [1] [7.0]: 8
       |                                                       |                                                       |                                                                                                                      +--no:  [0] [3.0]: 3
       |                                                       |                                                       +--no:  f_341 > 0.0
       |                                                       |                                                              +--yes: [1] [17.0]: 18
       |                                                       |                                                              +--no:  f_406 > 0.0
       |                                                       |                                                                     +--yes: [1] [3.0]: 3
       |                                                       |                                                                     +--no:  [0] [2.0]: 2
       |                                                       +--no:  cpi_9606.ENSP00000225371 > 0.0
       |                                                              +--yes: [0] [2.0]: 3
       |                                                              +--no:  f_214 > 0.0
       |                                                                     +--yes: [0] [2.0]: 3
       |                                                                     +--no:  [1] [68.0]: 71
       +--no:  cpi_9606.ENSP00000334105 > 0.0
              +--yes: [0] [10.0]: 10
              +--no:  cpi_9606.ENSP00000309477 > 159.0
                     +--yes: cpi_9606.ENSP00000220616 > 166.0
                     |      +--yes: [1] [2.0]: 2
                     |      +--no:  [0] [10.0]: 10
                     +--no:  cpi_9606.ENSP00000320709 > 171.0
                            +--yes: [0] [4.0]: 4
                            +--no:  cpi_9606.ENSP00000269305 > 194.0
                                   +--yes: [1] [11.0]: 11
                                   +--no:  cpi_9606.ENSP00000255030 > 0.0
                                          +--yes: [1] [6.0]: 6
                                          +--no:  cpi_9606.ENSP00000295897 > 190.0
                                                 +--yes: [0] [5.0]: 5
                                                 +--no:  cpi_9606.ENSP00000253004 > 0.0
                                                        +--yes: [0] [3.0]: 3
                                                        +--no:  cpi_9606.ENSP00000293813 > 0.0
                                                               +--yes: [0] [2.0]: 2
                                                               +--no:  cpi_9606.ENSP00000299178 > 0.0
                                                                      +--yes: [0] [2.0]: 2
                                                                      +--no:  cpi_9606.ENSP00000360493 > 0.0
                                                                             +--yes: [0] [2.0]: 2
                                                                             +--no:  [1] [18.0]: 23

