Clus run ['se_C0042963']
************************

Date: 27/04/2025, 10:43
File: cpi_dataset_se_C0042963_settings.out
Attributes: 1611 (input: 1610, output: 1)
Missing values: No

[General]
Verbose = 1
RandomSeed = 43
ResourceInfoLoaded = No
DoNotInduce = No
LoggingProperties = logging.properties

[Data]
File = C:\Users\KostasVoror\Projects\sep\SIDER_dataset\binary_datasets\cpi_dataset_se_C0042963.arff
TestSet = None
PruneSet = None
XVal = 10
RemoveMissingTarget = No
NormalizeData = None

[Attributes]
Target = 1611
Clustering = 1611
Descriptive = 1-1610
Key = None
Disable = None
Weights = Normalize
ClusteringWeights = 1.0
ReduceMemoryNominalAttrs = No
GIS = None

[Constraints]
Syntactic = None
MaxSize = Infinity
MaxError = 0.0
MaxDepth = Infinity

[Nominal]
MEstimate = 1.0

[Model]
MinimalWeight = 2.0
MinimalNumberExamples = 0
MinimalKnownWeight = 0.0
ParamTuneNumberFolds = 3
NominalSubsetTests = Yes
LoadFromModelFile = No

[Tree]
Heuristic = VarianceReduction
HeuristicComplexity = N2
SetDistance = GSMDistance
TupleDistance = Euclidean
TSDistance = DTW
PruningMethod = C45
FTest = 1.0
BinarySplit = Yes
ConvertToRules = No
AlternativeSplits = No
Optimize = []
MSENominal = No
SplitSampling = None
MissingClusteringAttrHandling = EstimateFromParentNode
MissingTargetAttrHandling = ParentNode
InductionOrder = DepthFirst
EntropyType = StandardEntropy
ConsiderUnlableInstancesInIGCalc = No
SpatialMatrix = Binary
SpatialMeasure = GlobalMoran
Bandwidth = 0.001
Longlat = No
NumNeightbours = 0.0
Alpha = 1.0
SplitPosition = Exact

[SemiSupervised]
SemiSupervisedMethod = PCT
StoppingCriteria = NoneAdded
UnlabeledCriteria = Threshold
ConfidenceThreshold = 0.8
ConfidenceMeasure = Variance
Iterations = 10
K = 5
UnlabeledData = 
PercentageLabeled = 5
UseWeights = No
AirbagTrials = 0
ExhaustiveSearchThresholds = [0.5,0.6,0.7,0.8,0.9,0.99]
OOBErrorCalculation = LabeledOnly
Normalization = MinMaxNormalization
Aggregation = Average
CalibrateHmcThreshold = No
PruningWhenTuning = No
InternalFolds = 5
WeightScoresFile = NO
PossibleWeights = [0.0,0.1,0.2,0.3,0.4,0.5,0.6,0.7,0.8,0.9,1.0]
IterationsSupervisionOptimisation = 0
ForceInternalXValOptimisation = No
ImputeMissingTargetValues = No
InternalFold = -1234
ProceedToMain = Yes

[Output]
ShowModels = [Default, Pruned, Others]
TrainErrors = Yes
ValidErrors = Yes
TestErrors = Yes
AllFoldModels = Yes
AllFoldErrors = No
AllFoldDatasets = No
UnknownFrequency = No
BranchFrequency = No
ShowInfo = [Count]
PrintModelAndExamples = No
WriteErrorFile = No
WriteModelFile = No
WritePerBagModelFile = Yes
WriteOOBFile = No
WritePredictions = []
GzipOutput = No
ModelIDFiles = No
WriteCurves = No
OutputPythonModel = No
PythonModelType = Object
OutputROSSubspaces = No
OutputJSONModel = No
OutputDatabaseQueries = No
OutputClowdFlowsJSON = No
ComputeSpearman = No

Run: 01
*******

Statistics
----------

FTValue (FTest): 1.0
Induction Time: 7.6700E-1 sec
Pruning Time: 4.0000E-3 sec
Prediction Time (total for ClusModel.Original): 
	0 microsecs
	0 millisecs
	0 secs
Prediction Time (average for ClusModel.Original): 0 microsecs
Model information:
     Default: Nodes = 1; Leaves = 1; Depth = 1
     Original: Nodes = 295; Leaves = 148; Depth = 59
     Pruned: Nodes = 157; Leaves = 79; Depth = 35

Training error
--------------

Number of examples: 1376
Classification Error
   Default: 
   Attribute: se_C0042963
     REAL\PRED |    1 | 0 |
     ---------------------------
             1 | 1049 | 0 | 1049
             0 |  327 | 0 |  327
     ---------------------------
               | 1376 | 0 | 1376
     Accuracy: 7.623547E-1
     Cramer's coefficient: 0

   Original: 
   Attribute: se_C0042963
     REAL\PRED |    1 |   0 |
     -----------------------------
             1 | 1036 |  13 | 1049
             0 |   53 | 274 |  327
     -----------------------------
               | 1089 | 287 | 1376
     Accuracy: 9.520349E-1
     Cramer's coefficient: 8.648452E-1

   Pruned: 
   Attribute: se_C0042963
     REAL\PRED |    1 |   0 |
     -----------------------------
             1 | 1031 |  18 | 1049
             0 |   89 | 238 |  327
     -----------------------------
               | 1120 | 256 | 1376
     Accuracy: 9.222384E-1
     Cramer's coefficient: 7.773209E-1

Weighted mean squared error (MSE) for Nominal Attributes (Weights [2.76])
   Default        : [1.0000E0]
   Original       : [1.9435E-1]
   Pruned         : [3.7755E-1]
averageAUROC
   Default        : 5.000000E-1
   Original       : 9.668025E-1
   Pruned         : 9.079916E-1
averageAUPRC
   Default        : 7.623547E-1
   Original       : 9.853651E-1
   Pruned         : 9.604570E-1

Testing error
-------------

Number of examples: 1376
Classification Error
   Default: 
   Attribute: se_C0042963
     REAL\PRED |    1 | 0 |
     ---------------------------
             1 | 1049 | 0 | 1049
             0 |  327 | 0 |  327
     ---------------------------
               | 1376 | 0 | 1376
     Accuracy: 7.623547E-1
     Cramer's coefficient: 0

   Original: 
   Attribute: se_C0042963
     REAL\PRED |    1 |   0 |
     -----------------------------
             1 |  841 | 208 | 1049
             0 |  209 | 118 |  327
     -----------------------------
               | 1050 | 326 | 1376
     Accuracy: 6.969477E-1
     Cramer's coefficient: 1.627438E-1

   Pruned: 
   Attribute: se_C0042963
     REAL\PRED |    1 |   0 |
     -----------------------------
             1 |  872 | 177 | 1049
             0 |  215 | 112 |  327
     -----------------------------
               | 1087 | 289 | 1376
     Accuracy: 7.151163E-1
     Cramer's coefficient: 1.815877E-1

Weighted mean squared error (MSE) for Nominal Attributes (Weights [2.76])
   Default        : [1.002]
   Original       : [1.5199]
   Pruned         : [1.3758]
averageAUROC
   Default        : 4.390857E-1
   Original       : 6.135259E-1
   Pruned         : 6.100786E-1
averageAUPRC
   Default        : 7.282024E-1
   Original       : 8.076832E-1
   Pruned         : 8.028248E-1

Default Model
*************

[1] [1049.0]: 1376

Original Model
**************

cpi_9606.ENSP00000337915 > 154.0
+--yes: cpi_9606.ENSP00000287713 > 662.0
|      +--yes: [0] [4.0]: 4
|      +--no:  cpi_9606.ENSP00000246553 > 0.0
|             +--yes: cpi_9606.ENSP00000000442 > 0.0
|             |      +--yes: [0] [2.0]: 2
|             |      +--no:  [1] [1.0]: 2
|             +--no:  cpi_9606.ENSP00000218099 > 575.0
|                    +--yes: [0] [2.0]: 2
|                    +--no:  cpi_9606.ENSP00000301146 > 868.0
|                           +--yes: cpi_9606.ENSP00000215832 > 150.0
|                           |      +--yes: [1] [5.0]: 5
|                           |      +--no:  [0] [4.0]: 4
|                           +--no:  cpi_9606.ENSP00000366927 > 282.0
|                                  +--yes: cpi_9606.ENSP00000003084 > 0.0
|                                  |      +--yes: [1] [1.0]: 2
|                                  |      +--no:  [0] [2.0]: 2
|                                  +--no:  cpi_9606.ENSP00000353720 > 150.0
|                                         +--yes: cpi_9606.ENSP00000337915 > 220.0
|                                         |      +--yes: [1] [10.0]: 11
|                                         |      +--no:  cpi_9606.ENSP00000225992 > 0.0
|                                         |             +--yes: [1] [2.0]: 2
|                                         |             +--no:  [0] [4.0]: 4
|                                         +--no:  cpi_9606.ENSP00000265724 > 156.0
|                                                +--yes: [1] [135.0]: 137
|                                                +--no:  cpi_9606.ENSP00000342850 > 176.0
|                                                       +--yes: [0] [2.0]: 3
|                                                       +--no:  cpi_9606.ENSP00000003100 > 548.0
|                                                              +--yes: cpi_9606.ENSP00000222982 > 197.0
|                                                              |      +--yes: [1] [2.0]: 2
|                                                              |      +--no:  [0] [2.0]: 2
|                                                              +--no:  cpi_9606.ENSP00000359478 > 150.0
|                                                                     +--yes: cpi_9606.ENSP00000216117 > 0.0
|                                                                     |      +--yes: [1] [2.0]: 2
|                                                                     |      +--no:  [0] [2.0]: 2
|                                                                     +--no:  cpi_9606.ENSP00000385806 > 0.0
|                                                                            +--yes: cpi_9606.ENSP00000181383 > 0.0
|                                                                            |      +--yes: [1] [2.0]: 2
|                                                                            |      +--no:  [0] [2.0]: 2
|                                                                            +--no:  cpi_9606.ENSP00000339399 > 163.0
|                                                                                   +--yes: cpi_9606.ENSP00000268053 > 0.0
|                                                                                   |      +--yes: [0] [2.0]: 2
|                                                                                   |      +--no:  [1] [3.0]: 3
|                                                                                   +--no:  cpi_9606.ENSP00000363832 > 0.0
|                                                                                          +--yes: cpi_9606.ENSP00000256958 > 0.0
|                                                                                          |      +--yes: [1] [3.0]: 3
|                                                                                          |      +--no:  [0] [2.0]: 2
|                                                                                          +--no:  [1] [148.0]: 153
+--no:  cpi_9606.ENSP00000231509 > 784.0
       +--yes: cpi_9606.ENSP00000352900 > 216.0
       |      +--yes: cpi_9606.ENSP00000264708 > 0.0
       |      |      +--yes: [1] [5.0]: 5
       |      |      +--no:  cpi_9606.ENSP00000325120 > 800.0
       |      |             +--yes: [1] [4.0]: 5
       |      |             +--no:  cpi_9606.ENSP00000000442 > 492.0
       |      |                    +--yes: [1] [1.0]: 2
       |      |                    +--no:  [0] [6.0]: 6
       |      +--no:  cpi_9606.ENSP00000231454 > 0.0
       |             +--yes: cpi_9606.ENSP00000011653 > 153.0
       |             |      +--yes: [0] [2.0]: 2
       |             |      +--no:  [1] [1.0]: 2
       |             +--no:  [0] [15.0]: 15
       +--no:  cpi_9606.ENSP00000352835 > 309.0
              +--yes: cpi_9606.ENSP00000252723 > 495.0
              |      +--yes: [1] [2.0]: 2
              |      +--no:  cpi_9606.ENSP00000293745 > 157.0
              |             +--yes: [1] [2.0]: 2
              |             +--no:  [0] [12.0]: 12
              +--no:  cpi_9606.ENSP00000011653 > 166.0
                     +--yes: cpi_9606.ENSP00000414303 > 480.0
                     |      +--yes: [0] [5.0]: 5
                     |      +--no:  cpi_9606.ENSP00000222390 > 825.0
                     |             +--yes: [0] [2.0]: 2
                     |             +--no:  cpi_9606.ENSP00000356198 > 221.0
                     |                    +--yes: [0] [2.0]: 2
                     |                    +--no:  [1] [101.0]: 102
                     +--no:  cpi_9606.ENSP00000283916 > 151.0
                            +--yes: cpi_9606.ENSP00000236850 > 202.0
                            |      +--yes: [0] [4.0]: 4
                            |      +--no:  cpi_9606.ENSP00000354532 > 150.0
                            |             +--yes: cpi_9606.ENSP00000164139 > 183.0
                            |             |      +--yes: [1] [1.0]: 2
                            |             |      +--no:  [0] [4.0]: 4
                            |             +--no:  cpi_9606.ENSP00000229264 > 442.0
                            |                    +--yes: [0] [2.0]: 2
                            |                    +--no:  cpi_9606.ENSP00000251849 > 222.0
                            |                           +--yes: [0] [2.0]: 2
                            |                           +--no:  cpi_9606.ENSP00000260191 > 502.0
                            |                                  +--yes: [0] [2.0]: 2
                            |                                  +--no:  cpi_9606.ENSP00000356022 > 700.0
                            |                                         +--yes: [0] [2.0]: 2
                            |                                         +--no:  cpi_9606.ENSP00000228476 > 150.0
                            |                                                +--yes: cpi_9606.ENSP00000216341 > 0.0
                            |                                                |      +--yes: [1] [2.0]: 2
                            |                                                |      +--no:  [0] [3.0]: 3
                            |                                                +--no:  cpi_9606.ENSP00000263980 > 200.0
                            |                                                       +--yes: cpi_9606.ENSP00000216341 > 0.0
                            |                                                       |      +--yes: [1] [2.0]: 2
                            |                                                       |      +--no:  [0] [3.0]: 3
                            |                                                       +--no:  cpi_9606.ENSP00000222381 > 324.0
                            |                                                              +--yes: cpi_9606.ENSP00000295897 > 0.0
                            |                                                              |      +--yes: [1] [3.0]: 3
                            |                                                              |      +--no:  [0] [3.0]: 3
                            |                                                              +--no:  cpi_9606.ENSP00000353820 > 312.0
                            |                                                                     +--yes: cpi_9606.ENSP00000270349 > 176.0
                            |                                                                     |      +--yes: [1] [7.0]: 7
                            |                                                                     |      +--no:  cpi_9606.ENSP00000316244 > 0.0
                            |                                                                     |             +--yes: [1] [2.0]: 3
                            |                                                                     |             +--no:  [0] [4.0]: 4
                            |                                                                     +--no:  cpi_9606.ENSP00000383365 > 0.0
                            |                                                                            +--yes: cpi_9606.ENSP00000366506 > 0.0
                            |                                                                            |      +--yes: [0] [3.0]: 3
                            |                                                                            |      +--no:  [1] [4.0]: 4
                            |                                                                            +--no:  cpi_9606.ENSP00000314949 > 150.0
                            |                                                                                   +--yes: cpi_9606.ENSP00000270349 > 0.0
                            |                                                                                   |      +--yes: [1] [3.0]: 3
                            |                                                                                   |      +--no:  [0] [2.0]: 2
                            |                                                                                   +--no:  cpi_9606.ENSP00000362401 > 232.0
                            |                                                                                          +--yes: cpi_9606.ENSP00000216341 > 0.0
                            |                                                                                          |      +--yes: [0] [2.0]: 2
                            |                                                                                          |      +--no:  [1] [3.0]: 3
                            |                                                                                          +--no:  cpi_9606.ENSP00000226413 > 436.0
                            |                                                                                                 +--yes: cpi_9606.ENSP00000206249 > 0.0
                            |                                                                                                 |      +--yes: [1] [3.0]: 3
                            |                                                                                                 |      +--no:  [0] [2.0]: 3
                            |                                                                                                 +--no:  [1] [164.0]: 169
                            +--no:  cpi_9606.ENSP00000416293 > 206.0
                                   +--yes: [0] [7.0]: 7
                                   +--no:  cpi_9606.ENSP00000364035 > 0.0
                                          +--yes: cpi_9606.ENSP00000222381 > 0.0
                                          |      +--yes: [1] [1.0]: 2
                                          |      +--no:  [0] [6.0]: 6
                                          +--no:  cpi_9606.ENSP00000380247 > 381.0
                                                 +--yes: cpi_9606.ENSP00000219833 > 179.0
                                                 |      +--yes: [1] [8.0]: 9
                                                 |      +--no:  cpi_9606.ENSP00000255380 > 961.0
                                                 |             +--yes: [1] [3.0]: 3
                                                 |             +--no:  cpi_9606.ENSP00000342560 > 209.0
                                                 |                    +--yes: cpi_9606.ENSP00000277010 > 0.0
                                                 |                    |      +--yes: [0] [4.0]: 4
                                                 |                    |      +--no:  [1] [6.0]: 6
                                                 |                    +--no:  cpi_9606.ENSP00000306490 > 869.0
                                                 |                           +--yes: [1] [1.0]: 2
                                                 |                           +--no:  [0] [16.0]: 16
                                                 +--no:  cpi_9606.ENSP00000212015 > 0.0
                                                        +--yes: cpi_9606.ENSP00000176183 > 0.0
                                                        |      +--yes: [1] [1.0]: 2
                                                        |      +--no:  [0] [6.0]: 6
                                                        +--no:  cpi_9606.ENSP00000299855 > 150.0
                                                               +--yes: cpi_9606.ENSP00000226299 > 0.0
                                                               |      +--yes: [1] [1.0]: 2
                                                               |      +--no:  [0] [6.0]: 6
                                                               +--no:  cpi_9606.ENSP00000367959 > 347.0
                                                                      +--yes: [1] [40.0]: 41
                                                                      +--no:  cpi_9606.ENSP00000280155 > 170.0
                                                                             +--yes: cpi_9606.ENSP00000367959 > 186.0
                                                                             |      +--yes: cpi_9606.ENSP00000358511 > 274.0
                                                                             |      |      +--yes: cpi_9606.ENSP00000176183 > 279.0
                                                                             |      |      |      +--yes: [1] [1.0]: 2
                                                                             |      |      |      +--no:  [0] [3.0]: 3
                                                                             |      |      +--no:  cpi_9606.ENSP00000256119 > 0.0
                                                                             |      |             +--yes: [0] [2.0]: 2
                                                                             |      |             +--no:  [1] [14.0]: 14
                                                                             |      +--no:  cpi_9606.ENSP00000217270 > 171.0
                                                                             |             +--yes: cpi_9606.ENSP00000176183 > 180.0
                                                                             |             |      +--yes: [0] [3.0]: 3
                                                                             |             |      +--no:  cpi_9606.ENSP00000343782 > 402.0
                                                                             |             |             +--yes: [0] [2.0]: 2
                                                                             |             |             +--no:  [1] [2.0]: 2
                                                                             |             +--no:  [0] [10.0]: 10
                                                                             +--no:  cpi_9606.ENSP00000231509 > 0.0
                                                                                    +--yes: cpi_9606.ENSP00000419692 > 0.0
                                                                                    |      +--yes: cpi_9606.ENSP00000231509 > 635.0
                                                                                    |      |      +--yes: [0] [2.0]: 3
                                                                                    |      |      +--no:  [1] [6.0]: 6
                                                                                    |      +--no:  cpi_9606.ENSP00000260433 > 0.0
                                                                                    |             +--yes: [1] [1.0]: 2
                                                                                    |             +--no:  [0] [11.0]: 11
                                                                                    +--no:  cpi_9606.ENSP00000263321 > 166.0
                                                                                           +--yes: cpi_9606.ENSP00000216465 > 0.0
                                                                                           |      +--yes: [1] [1.0]: 2
                                                                                           |      +--no:  [0] [5.0]: 5
                                                                                           +--no:  cpi_9606.ENSP00000262186 > 949.0
                                                                                                  +--yes: [0] [3.0]: 3
                                                                                                  +--no:  cpi_9606.ENSP00000262545 > 150.0
                                                                                                         +--yes: [0] [3.0]: 3
                                                                                                         +--no:  cpi_9606.ENSP00000304767 > 301.0
                                                                                                                +--yes: [0] [3.0]: 3
                                                                                                                +--no:  cpi_9606.ENSP00000385026 > 800.0
                                                                                                                       +--yes: [0] [3.0]: 3
                                                                                                                       +--no:  cpi_9606.ENSP00000277010 > 182.0
                                                                                                                              +--yes: cpi_9606.ENSP00000277010 > 346.0
                                                                                                                              |      +--yes: [1] [1.0]: 2
                                                                                                                              |      +--no:  [0] [3.0]: 3
                                                                                                                              +--no:  cpi_9606.ENSP00000357204 > 158.0
                                                                                                                                     +--yes: cpi_9606.ENSP00000232219 > 0.0
                                                                                                                                     |      +--yes: [1] [1.0]: 2
                                                                                                                                     |      +--no:  [0] [3.0]: 3
                                                                                                                                     +--no:  cpi_9606.ENSP00000003100 > 700.0
                                                                                                                                            +--yes: [0] [2.0]: 2
                                                                                                                                            +--no:  cpi_9606.ENSP00000206249 > 844.0
                                                                                                                                                   +--yes: [0] [2.0]: 2
                                                                                                                                                   +--no:  cpi_9606.ENSP00000216540 > 0.0
                                                                                                                                                          +--yes: [0] [2.0]: 2
                                                                                                                                                          +--no:  cpi_9606.ENSP00000257068 > 272.0
                                                                                                                                                                 +--yes: [0] [2.0]: 2
                                                                                                                                                                 +--no:  cpi_9606.ENSP00000280706 > 178.0
                                                                                                                                                                        +--yes: [0] [2.0]: 2
                                                                                                                                                                        +--no:  cpi_9606.ENSP00000301420 > 177.0
                                                                                                                                                                               +--yes: [0] [2.0]: 2
                                                                                                                                                                               +--no:  cpi_9606.ENSP00000301974 > 0.0
                                                                                                                                                                                      +--yes: [0] [2.0]: 2
                                                                                                                                                                                      +--no:  cpi_9606.ENSP00000307697 > 0.0
                                                                                                                                                                                             +--yes: [0] [2.0]: 2
                                                                                                                                                                                             +--no:  cpi_9606.ENSP00000324648 > 222.0
                                                                                                                                                                                                    +--yes: [0] [2.0]: 2
                                                                                                                                                                                                    +--no:  cpi_9606.ENSP00000338345 > 359.0
                                                                                                                                                                                                           +--yes: [0] [2.0]: 2
                                                                                                                                                                                                           +--no:  cpi_9606.ENSP00000362403 > 152.0
                                                                                                                                                                                                                  +--yes: [0] [2.0]: 2
                                                                                                                                                                                                                  +--no:  cpi_9606.ENSP00000355930 > 180.0
                                                                                                                                                                                                                         +--yes: cpi_9606.ENSP00000320935 > 0.0
                                                                                                                                                                                                                         |      +--yes: [1] [2.0]: 2
                                                                                                                                                                                                                         |      +--no:  [0] [3.0]: 3
                                                                                                                                                                                                                         +--no:  cpi_9606.ENSP00000220616 > 211.0
                                                                                                                                                                                                                                +--yes: [0] [2.0]: 3
                                                                                                                                                                                                                                +--no:  cpi_9606.ENSP00000428864 > 0.0
                                                                                                                                                                                                                                       +--yes: [0] [2.0]: 2
                                                                                                                                                                                                                                       +--no:  cpi_9606.ENSP00000242152 > 0.0
                                                                                                                                                                                                                                              +--yes: [0] [2.0]: 3
                                                                                                                                                                                                                                              +--no:  cpi_9606.ENSP00000253792 > 186.0
                                                                                                                                                                                                                                                     +--yes: [0] [2.0]: 3
                                                                                                                                                                                                                                                     +--no:  cpi_9606.ENSP00000280701 > 222.0
                                                                                                                                                                                                                                                            +--yes: [0] [2.0]: 3
                                                                                                                                                                                                                                                            +--no:  cpi_9606.ENSP00000328973 > 314.0
                                                                                                                                                                                                                                                                   +--yes: [0] [2.0]: 3
                                                                                                                                                                                                                                                                   +--no:  cpi_9606.ENSP00000350005 > 168.0
                                                                                                                                                                                                                                                                          +--yes: [0] [2.0]: 3
                                                                                                                                                                                                                                                                          +--no:  cpi_9606.ENSP00000357981 > 172.0
                                                                                                                                                                                                                                                                                 +--yes: [0] [2.0]: 3
                                                                                                                                                                                                                                                                                 +--no:  cpi_9606.ENSP00000252486 > 0.0
                                                                                                                                                                                                                                                                                        +--yes: cpi_9606.ENSP00000356198 > 0.0
                                                                                                                                                                                                                                                                                        |      +--yes: [0] [2.0]: 2
                                                                                                                                                                                                                                                                                        |      +--no:  [1] [4.0]: 5
                                                                                                                                                                                                                                                                                        +--no:  cpi_9606.ENSP00000274026 > 151.0
                                                                                                                                                                                                                                                                                               +--yes: cpi_9606.ENSP00000269571 > 0.0
                                                                                                                                                                                                                                                                                               |      +--yes: [1] [2.0]: 2
                                                                                                                                                                                                                                                                                               |      +--no:  cpi_9606.ENSP00000255465 > 188.0
                                                                                                                                                                                                                                                                                               |             +--yes: [1] [1.0]: 2
                                                                                                                                                                                                                                                                                               |             +--no:  [0] [2.0]: 3
                                                                                                                                                                                                                                                                                               +--no:  cpi_9606.ENSP00000378699 > 238.0
                                                                                                                                                                                                                                                                                                      +--yes: [0] [2.0]: 3
                                                                                                                                                                                                                                                                                                      +--no:  cpi_9606.ENSP00000216862 > 171.0
                                                                                                                                                                                                                                                                                                             +--yes: [1] [2.0]: 4
                                                                                                                                                                                                                                                                                                             +--no:  cpi_9606.ENSP00000369050 > 0.0
                                                                                                                                                                                                                                                                                                                    +--yes: cpi_9606.ENSP00000241052 > 0.0
                                                                                                                                                                                                                                                                                                                    |      +--yes: [1] [2.0]: 2
                                                                                                                                                                                                                                                                                                                    |      +--no:  [0] [2.0]: 2
                                                                                                                                                                                                                                                                                                                    +--no:  cpi_9606.ENSP00000241052 > 283.0
                                                                                                                                                                                                                                                                                                                           +--yes: cpi_9606.ENSP00000220764 > 0.0
                                                                                                                                                                                                                                                                                                                           |      +--yes: [1] [2.0]: 2
                                                                                                                                                                                                                                                                                                                           |      +--no:  [0] [2.0]: 2
                                                                                                                                                                                                                                                                                                                           +--no:  cpi_9606.ENSP00000265023 > 240.0
                                                                                                                                                                                                                                                                                                                                  +--yes: cpi_9606.ENSP00000272190 > 185.0
                                                                                                                                                                                                                                                                                                                                  |      +--yes: [1] [3.0]: 3
                                                                                                                                                                                                                                                                                                                                  |      +--no:  [0] [2.0]: 2
                                                                                                                                                                                                                                                                                                                                  +--no:  cpi_9606.ENSP00000359793 > 170.0
                                                                                                                                                                                                                                                                                                                                         +--yes: cpi_9606.ENSP00000305372 > 0.0
                                                                                                                                                                                                                                                                                                                                         |      +--yes: [1] [2.0]: 2
                                                                                                                                                                                                                                                                                                                                         |      +--no:  [0] [2.0]: 3
                                                                                                                                                                                                                                                                                                                                         +--no:  cpi_9606.ENSP00000305372 > 800.0
                                                                                                                                                                                                                                                                                                                                                +--yes: cpi_9606.ENSP00000305372 > 865.0
                                                                                                                                                                                                                                                                                                                                                |      +--yes: [1] [3.0]: 3
                                                                                                                                                                                                                                                                                                                                                |      +--no:  [0] [2.0]: 2
                                                                                                                                                                                                                                                                                                                                                +--no:  cpi_9606.ENSP00000363822 > 212.0
                                                                                                                                                                                                                                                                                                                                                       +--yes: cpi_9606.ENSP00000363822 > 856.0
                                                                                                                                                                                                                                                                                                                                                       |      +--yes: [1] [3.0]: 3
                                                                                                                                                                                                                                                                                                                                                       |      +--no:  [0] [2.0]: 2
                                                                                                                                                                                                                                                                                                                                                       +--no:  cpi_9606.ENSP00000176183 > 179.0
                                                                                                                                                                                                                                                                                                                                                              +--yes: [1] [1.0]: 2
                                                                                                                                                                                                                                                                                                                                                              +--no:  cpi_9606.ENSP00000229277 > 0.0
                                                                                                                                                                                                                                                                                                                                                                     +--yes: [1] [1.0]: 2
                                                                                                                                                                                                                                                                                                                                                                     +--no:  cpi_9606.ENSP00000262178 > 434.0
                                                                                                                                                                                                                                                                                                                                                                            +--yes: [1] [1.0]: 2
                                                                                                                                                                                                                                                                                                                                                                            +--no:  cpi_9606.ENSP00000263464 > 156.0
                                                                                                                                                                                                                                                                                                                                                                                   +--yes: [1] [1.0]: 2
                                                                                                                                                                                                                                                                                                                                                                                   +--no:  cpi_9606.ENSP00000265643 > 0.0
                                                                                                                                                                                                                                                                                                                                                                                          +--yes: [1] [1.0]: 2
                                                                                                                                                                                                                                                                                                                                                                                          +--no:  cpi_9606.ENSP00000268035 > 417.0
                                                                                                                                                                                                                                                                                                                                                                                                 +--yes: [1] [1.0]: 2
                                                                                                                                                                                                                                                                                                                                                                                                 +--no:  cpi_9606.ENSP00000287766 > 0.0
                                                                                                                                                                                                                                                                                                                                                                                                        +--yes: cpi_9606.ENSP00000287766 > 156.0
                                                                                                                                                                                                                                                                                                                                                                                                        |      +--yes: [1] [5.0]: 5
                                                                                                                                                                                                                                                                                                                                                                                                        |      +--no:  [0] [2.0]: 2
                                                                                                                                                                                                                                                                                                                                                                                                        +--no:  [1] [287.0]: 298

Pruned Model
************

cpi_9606.ENSP00000337915 > 154.0
+--yes: cpi_9606.ENSP00000287713 > 662.0
|      +--yes: [0] [4.0]: 4
|      +--no:  cpi_9606.ENSP00000246553 > 0.0
|             +--yes: [0] [3.0]: 4
|             +--no:  cpi_9606.ENSP00000218099 > 575.0
|                    +--yes: [0] [2.0]: 2
|                    +--no:  cpi_9606.ENSP00000301146 > 868.0
|                           +--yes: cpi_9606.ENSP00000215832 > 150.0
|                           |      +--yes: [1] [5.0]: 5
|                           |      +--no:  [0] [4.0]: 4
|                           +--no:  cpi_9606.ENSP00000366927 > 282.0
|                                  +--yes: [0] [3.0]: 4
|                                  +--no:  cpi_9606.ENSP00000353720 > 150.0
|                                         +--yes: cpi_9606.ENSP00000337915 > 220.0
|                                         |      +--yes: [1] [10.0]: 11
|                                         |      +--no:  cpi_9606.ENSP00000225992 > 0.0
|                                         |             +--yes: [1] [2.0]: 2
|                                         |             +--no:  [0] [4.0]: 4
|                                         +--no:  [1] [296.0]: 315
+--no:  cpi_9606.ENSP00000231509 > 784.0
       +--yes: cpi_9606.ENSP00000352900 > 216.0
       |      +--yes: cpi_9606.ENSP00000264708 > 0.0
       |      |      +--yes: [1] [5.0]: 5
       |      |      +--no:  cpi_9606.ENSP00000325120 > 800.0
       |      |             +--yes: [1] [4.0]: 5
       |      |             +--no:  [0] [7.0]: 8
       |      +--no:  [0] [18.0]: 19
       +--no:  cpi_9606.ENSP00000352835 > 309.0
              +--yes: cpi_9606.ENSP00000252723 > 495.0
              |      +--yes: [1] [2.0]: 2
              |      +--no:  cpi_9606.ENSP00000293745 > 157.0
              |             +--yes: [1] [2.0]: 2
              |             +--no:  [0] [12.0]: 12
              +--no:  cpi_9606.ENSP00000011653 > 166.0
                     +--yes: cpi_9606.ENSP00000414303 > 480.0
                     |      +--yes: [0] [5.0]: 5
                     |      +--no:  cpi_9606.ENSP00000222390 > 825.0
                     |             +--yes: [0] [2.0]: 2
                     |             +--no:  cpi_9606.ENSP00000356198 > 221.0
                     |                    +--yes: [0] [2.0]: 2
                     |                    +--no:  [1] [101.0]: 102
                     +--no:  cpi_9606.ENSP00000283916 > 151.0
                            +--yes: cpi_9606.ENSP00000236850 > 202.0
                            |      +--yes: [0] [4.0]: 4
                            |      +--no:  cpi_9606.ENSP00000354532 > 150.0
                            |             +--yes: [0] [5.0]: 6
                            |             +--no:  cpi_9606.ENSP00000229264 > 442.0
                            |                    +--yes: [0] [2.0]: 2
                            |                    +--no:  cpi_9606.ENSP00000251849 > 222.0
                            |                           +--yes: [0] [2.0]: 2
                            |                           +--no:  cpi_9606.ENSP00000260191 > 502.0
                            |                                  +--yes: [0] [2.0]: 2
                            |                                  +--no:  cpi_9606.ENSP00000356022 > 700.0
                            |                                         +--yes: [0] [2.0]: 2
                            |                                         +--no:  cpi_9606.ENSP00000228476 > 150.0
                            |                                                +--yes: cpi_9606.ENSP00000216341 > 0.0
                            |                                                |      +--yes: [1] [2.0]: 2
                            |                                                |      +--no:  [0] [3.0]: 3
                            |                                                +--no:  cpi_9606.ENSP00000263980 > 200.0
                            |                                                       +--yes: cpi_9606.ENSP00000216341 > 0.0
                            |                                                       |      +--yes: [1] [2.0]: 2
                            |                                                       |      +--no:  [0] [3.0]: 3
                            |                                                       +--no:  cpi_9606.ENSP00000222381 > 324.0
                            |                                                              +--yes: cpi_9606.ENSP00000295897 > 0.0
                            |                                                              |      +--yes: [1] [3.0]: 3
                            |                                                              |      +--no:  [0] [3.0]: 3
                            |                                                              +--no:  cpi_9606.ENSP00000353820 > 312.0
                            |                                                                     +--yes: cpi_9606.ENSP00000270349 > 176.0
                            |                                                                     |      +--yes: [1] [7.0]: 7
                            |                                                                     |      +--no:  cpi_9606.ENSP00000316244 > 0.0
                            |                                                                     |             +--yes: [1] [2.0]: 3
                            |                                                                     |             +--no:  [0] [4.0]: 4
                            |                                                                     +--no:  cpi_9606.ENSP00000383365 > 0.0
                            |                                                                            +--yes: cpi_9606.ENSP00000366506 > 0.0
                            |                                                                            |      +--yes: [0] [3.0]: 3
                            |                                                                            |      +--no:  [1] [4.0]: 4
                            |                                                                            +--no:  [1] [174.0]: 185
                            +--no:  cpi_9606.ENSP00000416293 > 206.0
                                   +--yes: [0] [7.0]: 7
                                   +--no:  cpi_9606.ENSP00000364035 > 0.0
                                          +--yes: [0] [7.0]: 8
                                          +--no:  cpi_9606.ENSP00000380247 > 381.0
                                                 +--yes: cpi_9606.ENSP00000219833 > 179.0
                                                 |      +--yes: [1] [8.0]: 9
                                                 |      +--no:  cpi_9606.ENSP00000255380 > 961.0
                                                 |             +--yes: [1] [3.0]: 3
                                                 |             +--no:  cpi_9606.ENSP00000342560 > 209.0
                                                 |                    +--yes: cpi_9606.ENSP00000277010 > 0.0
                                                 |                    |      +--yes: [0] [4.0]: 4
                                                 |                    |      +--no:  [1] [6.0]: 6
                                                 |                    +--no:  [0] [17.0]: 18
                                                 +--no:  cpi_9606.ENSP00000212015 > 0.0
                                                        +--yes: [0] [7.0]: 8
                                                        +--no:  cpi_9606.ENSP00000299855 > 150.0
                                                               +--yes: [0] [7.0]: 8
                                                               +--no:  cpi_9606.ENSP00000367959 > 347.0
                                                                      +--yes: [1] [40.0]: 41
                                                                      +--no:  cpi_9606.ENSP00000280155 > 170.0
                                                                             +--yes: cpi_9606.ENSP00000367959 > 186.0
                                                                             |      +--yes: cpi_9606.ENSP00000358511 > 274.0
                                                                             |      |      +--yes: [0] [4.0]: 5
                                                                             |      |      +--no:  cpi_9606.ENSP00000256119 > 0.0
                                                                             |      |             +--yes: [0] [2.0]: 2
                                                                             |      |             +--no:  [1] [14.0]: 14
                                                                             |      +--no:  [0] [15.0]: 17
                                                                             +--no:  cpi_9606.ENSP00000231509 > 0.0
                                                                                    +--yes: cpi_9606.ENSP00000419692 > 0.0
                                                                                    |      +--yes: cpi_9606.ENSP00000231509 > 635.0
                                                                                    |      |      +--yes: [0] [2.0]: 3
                                                                                    |      |      +--no:  [1] [6.0]: 6
                                                                                    |      +--no:  [0] [12.0]: 13
                                                                                    +--no:  cpi_9606.ENSP00000263321 > 166.0
                                                                                           +--yes: [0] [6.0]: 7
                                                                                           +--no:  cpi_9606.ENSP00000262186 > 949.0
                                                                                                  +--yes: [0] [3.0]: 3
                                                                                                  +--no:  cpi_9606.ENSP00000262545 > 150.0
                                                                                                         +--yes: [0] [3.0]: 3
                                                                                                         +--no:  cpi_9606.ENSP00000304767 > 301.0
                                                                                                                +--yes: [0] [3.0]: 3
                                                                                                                +--no:  cpi_9606.ENSP00000385026 > 800.0
                                                                                                                       +--yes: [0] [3.0]: 3
                                                                                                                       +--no:  cpi_9606.ENSP00000277010 > 182.0
                                                                                                                              +--yes: [0] [4.0]: 5
                                                                                                                              +--no:  cpi_9606.ENSP00000357204 > 158.0
                                                                                                                                     +--yes: [0] [4.0]: 5
                                                                                                                                     +--no:  cpi_9606.ENSP00000003100 > 700.0
                                                                                                                                            +--yes: [0] [2.0]: 2
                                                                                                                                            +--no:  cpi_9606.ENSP00000206249 > 844.0
                                                                                                                                                   +--yes: [0] [2.0]: 2
                                                                                                                                                   +--no:  cpi_9606.ENSP00000216540 > 0.0
                                                                                                                                                          +--yes: [0] [2.0]: 2
                                                                                                                                                          +--no:  cpi_9606.ENSP00000257068 > 272.0
                                                                                                                                                                 +--yes: [0] [2.0]: 2
                                                                                                                                                                 +--no:  cpi_9606.ENSP00000280706 > 178.0
                                                                                                                                                                        +--yes: [0] [2.0]: 2
                                                                                                                                                                        +--no:  cpi_9606.ENSP00000301420 > 177.0
                                                                                                                                                                               +--yes: [0] [2.0]: 2
                                                                                                                                                                               +--no:  cpi_9606.ENSP00000301974 > 0.0
                                                                                                                                                                                      +--yes: [0] [2.0]: 2
                                                                                                                                                                                      +--no:  cpi_9606.ENSP00000307697 > 0.0
                                                                                                                                                                                             +--yes: [0] [2.0]: 2
                                                                                                                                                                                             +--no:  cpi_9606.ENSP00000324648 > 222.0
                                                                                                                                                                                                    +--yes: [0] [2.0]: 2
                                                                                                                                                                                                    +--no:  cpi_9606.ENSP00000338345 > 359.0
                                                                                                                                                                                                           +--yes: [0] [2.0]: 2
                                                                                                                                                                                                           +--no:  cpi_9606.ENSP00000362403 > 152.0
                                                                                                                                                                                                                  +--yes: [0] [2.0]: 2
                                                                                                                                                                                                                  +--no:  cpi_9606.ENSP00000355930 > 180.0
                                                                                                                                                                                                                         +--yes: cpi_9606.ENSP00000320935 > 0.0
                                                                                                                                                                                                                         |      +--yes: [1] [2.0]: 2
                                                                                                                                                                                                                         |      +--no:  [0] [3.0]: 3
                                                                                                                                                                                                                         +--no:  cpi_9606.ENSP00000220616 > 211.0
                                                                                                                                                                                                                                +--yes: [0] [2.0]: 3
                                                                                                                                                                                                                                +--no:  cpi_9606.ENSP00000428864 > 0.0
                                                                                                                                                                                                                                       +--yes: [0] [2.0]: 2
                                                                                                                                                                                                                                       +--no:  [1] [331.0]: 384

