Clus run ['se_C0042963']
************************

Date: 27/04/2025, 10:45
File: fingerprint_dataset_se_C0042963_settings.out
Attributes: 541 (input: 540, output: 1)
Missing values: No

[General]
Verbose = 1
RandomSeed = 43
ResourceInfoLoaded = No
DoNotInduce = No
LoggingProperties = logging.properties

[Data]
File = C:\Users\KostasVoror\Projects\sep\SIDER_dataset\binary_datasets\fingerprint_dataset_se_C0042963.arff
TestSet = None
PruneSet = None
XVal = 10
RemoveMissingTarget = No
NormalizeData = None

[Attributes]
Target = 541
Clustering = 541
Descriptive = 1-540
Key = None
Disable = None
Weights = Normalize
ClusteringWeights = 1.0
ReduceMemoryNominalAttrs = No
GIS = None

[Constraints]
Syntactic = None
MaxSize = Infinity
MaxError = 0.0
MaxDepth = Infinity

[Nominal]
MEstimate = 1.0

[Model]
MinimalWeight = 2.0
MinimalNumberExamples = 0
MinimalKnownWeight = 0.0
ParamTuneNumberFolds = 3
NominalSubsetTests = Yes
LoadFromModelFile = No

[Tree]
Heuristic = VarianceReduction
HeuristicComplexity = N2
SetDistance = GSMDistance
TupleDistance = Euclidean
TSDistance = DTW
PruningMethod = C45
FTest = 1.0
BinarySplit = Yes
ConvertToRules = No
AlternativeSplits = No
Optimize = []
MSENominal = No
SplitSampling = None
MissingClusteringAttrHandling = EstimateFromParentNode
MissingTargetAttrHandling = ParentNode
InductionOrder = DepthFirst
EntropyType = StandardEntropy
ConsiderUnlableInstancesInIGCalc = No
SpatialMatrix = Binary
SpatialMeasure = GlobalMoran
Bandwidth = 0.001
Longlat = No
NumNeightbours = 0.0
Alpha = 1.0
SplitPosition = Exact

[SemiSupervised]
SemiSupervisedMethod = PCT
StoppingCriteria = NoneAdded
UnlabeledCriteria = Threshold
ConfidenceThreshold = 0.8
ConfidenceMeasure = Variance
Iterations = 10
K = 5
UnlabeledData = 
PercentageLabeled = 5
UseWeights = No
AirbagTrials = 0
ExhaustiveSearchThresholds = [0.5,0.6,0.7,0.8,0.9,0.99]
OOBErrorCalculation = LabeledOnly
Normalization = MinMaxNormalization
Aggregation = Average
CalibrateHmcThreshold = No
PruningWhenTuning = No
InternalFolds = 5
WeightScoresFile = NO
PossibleWeights = [0.0,0.1,0.2,0.3,0.4,0.5,0.6,0.7,0.8,0.9,1.0]
IterationsSupervisionOptimisation = 0
ForceInternalXValOptimisation = No
ImputeMissingTargetValues = No
InternalFold = -1234
ProceedToMain = Yes

[Output]
ShowModels = [Default, Pruned, Others]
TrainErrors = Yes
ValidErrors = Yes
TestErrors = Yes
AllFoldModels = Yes
AllFoldErrors = No
AllFoldDatasets = No
UnknownFrequency = No
BranchFrequency = No
ShowInfo = [Count]
PrintModelAndExamples = No
WriteErrorFile = No
WriteModelFile = No
WritePerBagModelFile = Yes
WriteOOBFile = No
WritePredictions = []
GzipOutput = No
ModelIDFiles = No
WriteCurves = No
OutputPythonModel = No
PythonModelType = Object
OutputROSSubspaces = No
OutputJSONModel = No
OutputDatabaseQueries = No
OutputClowdFlowsJSON = No
ComputeSpearman = No

Run: 01
*******

Statistics
----------

FTValue (FTest): 1.0
Induction Time: 1.5400E-1 sec
Pruning Time: 0 sec
Prediction Time (total for ClusModel.Original): 
	0 microsecs
	0 millisecs
	0 secs
Prediction Time (average for ClusModel.Original): 0 microsecs
Model information:
     Default: Nodes = 1; Leaves = 1; Depth = 1
     Original: Nodes = 373; Leaves = 187; Depth = 24
     Pruned: Nodes = 199; Leaves = 100; Depth = 21

Training error
--------------

Number of examples: 1330
Classification Error
   Default: 
   Attribute: se_C0042963
     REAL\PRED |    1 | 0 |
     ---------------------------
             1 | 1015 | 0 | 1015
             0 |  315 | 0 |  315
     ---------------------------
               | 1330 | 0 | 1330
     Accuracy: 7.631579E-1
     Cramer's coefficient: 0

   Original: 
   Attribute: se_C0042963
     REAL\PRED |    1 |   0 |
     -----------------------------
             1 | 1003 |  12 | 1015
             0 |   65 | 250 |  315
     -----------------------------
               | 1068 | 262 | 1330
     Accuracy: 9.421053E-1
     Cramer's coefficient: 8.357249E-1

   Pruned: 
   Attribute: se_C0042963
     REAL\PRED |    1 |   0 |
     -----------------------------
             1 |  984 |  31 | 1015
             0 |   98 | 217 |  315
     -----------------------------
               | 1082 | 248 | 1330
     Accuracy: 9.030075E-1
     Cramer's coefficient: 7.186273E-1

Weighted mean squared error (MSE) for Nominal Attributes (Weights [2.766])
   Default        : [1.0000E0]
   Original       : [2.3101E-1]
   Pruned         : [4.5119E-1]
averageAUROC
   Default        : 5.000000E-1
   Original       : 9.782282E-1
   Pruned         : 8.936008E-1
averageAUPRC
   Default        : 7.631579E-1
   Original       : 9.925744E-1
   Pruned         : 9.559202E-1

Testing error
-------------

Number of examples: 1330
Classification Error
   Default: 
   Attribute: se_C0042963
     REAL\PRED |    1 | 0 |
     ---------------------------
             1 | 1015 | 0 | 1015
             0 |  315 | 0 |  315
     ---------------------------
               | 1330 | 0 | 1330
     Accuracy: 7.631579E-1
     Cramer's coefficient: 0

   Original: 
   Attribute: se_C0042963
     REAL\PRED |    1 |   0 |
     -----------------------------
             1 |  826 | 189 | 1015
             0 |  221 |  94 |  315
     -----------------------------
               | 1047 | 283 | 1330
     Accuracy: 6.917293E-1
     Cramer's coefficient: 1.165566E-1

   Pruned: 
   Attribute: se_C0042963
     REAL\PRED |    1 |   0 |
     -----------------------------
             1 |  854 | 161 | 1015
             0 |  229 |  86 |  315
     -----------------------------
               | 1083 | 247 | 1330
     Accuracy: 7.067669E-1
     Cramer's coefficient: 1.250643E-1

Weighted mean squared error (MSE) for Nominal Attributes (Weights [2.766])
   Default        : [1.0032]
   Original       : [1.5602]
   Pruned         : [1.3947]
averageAUROC
   Default        : 4.240832E-1
   Original       : 5.627555E-1
   Pruned         : 5.603659E-1
averageAUPRC
   Default        : 7.254325E-1
   Original       : 7.858109E-1
   Pruned         : 7.819874E-1

Default Model
*************

[1] [1015.0]: 1330

Original Model
**************

f_351 > 0.0
+--yes: f_860 > 0.0
|      +--yes: f_614 > 0.0
|      |      +--yes: f_43 > 0.0
|      |      |      +--yes: [1] [1.0]: 2
|      |      |      +--no:  [0] [7.0]: 7
|      |      +--no:  f_758 > 0.0
|      |             +--yes: [0] [2.0]: 2
|      |             +--no:  [1] [15.0]: 18
|      +--no:  f_646 > 0.0
|             +--yes: f_707 > 0.0
|             |      +--yes: f_571 > 0.0
|             |      |      +--yes: f_30 > 0.0
|             |      |      |      +--yes: [1] [1.0]: 2
|             |      |      |      +--no:  [0] [4.0]: 4
|             |      |      +--no:  f_614 > 0.0
|             |      |             +--yes: [1] [11.0]: 11
|             |      |             +--no:  f_250 > 0.0
|             |      |                    +--yes: [1] [4.0]: 4
|             |      |                    +--no:  f_485 > 0.0
|             |      |                           +--yes: [0] [2.0]: 2
|             |      |                           +--no:  f_516 > 0.0
|             |      |                                  +--yes: [1] [6.0]: 8
|             |      |                                  +--no:  [0] [2.0]: 3
|             |      +--no:  f_340 > 0.0
|             |             +--yes: f_676 > 0.0
|             |             |      +--yes: f_535 > 0.0
|             |             |      |      +--yes: [1] [2.0]: 2
|             |             |      |      +--no:  [0] [2.0]: 2
|             |             |      +--no:  f_477 > 0.0
|             |             |             +--yes: f_385 > 0.0
|             |             |             |      +--yes: [1] [4.0]: 4
|             |             |             |      +--no:  f_20 > 0.0
|             |             |             |             +--yes: [1] [1.0]: 2
|             |             |             |             +--no:  [0] [2.0]: 2
|             |             |             +--no:  f_717 > 0.0
|             |             |                    +--yes: f_249 > 0.0
|             |             |                    |      +--yes: f_22 > 0.0
|             |             |                    |      |      +--yes: [1] [1.0]: 2
|             |             |                    |      |      +--no:  [0] [2.0]: 2
|             |             |                    |      +--no:  [1] [6.0]: 6
|             |             |                    +--no:  f_485 > 0.0
|             |             |                           +--yes: f_373 > 0.0
|             |             |                           |      +--yes: f_464 > 0.0
|             |             |                           |      |      +--yes: [1] [30.0]: 31
|             |             |                           |      |      +--no:  f_258 > 0.0
|             |             |                           |      |             +--yes: f_639 > 0.0
|             |             |                           |      |             |      +--yes: [1] [2.0]: 3
|             |             |                           |      |             |      +--no:  [0] [2.0]: 3
|             |             |                           |      |             +--no:  [1] [7.0]: 8
|             |             |                           |      +--no:  [0] [2.0]: 2
|             |             |                           +--no:  f_202 > 0.0
|             |             |                                  +--yes: [1] [2.0]: 3
|             |             |                                  +--no:  f_401 > 0.0
|             |             |                                         +--yes: [1] [3.0]: 4
|             |             |                                         +--no:  f_185 > 0.0
|             |             |                                                +--yes: [1] [119.0]: 121
|             |             |                                                +--no:  f_445 > 0.0
|             |             |                                                       +--yes: f_3 > 0.0
|             |             |                                                       |      +--yes: [0] [2.0]: 2
|             |             |                                                       |      +--no:  [1] [3.0]: 3
|             |             |                                                       +--no:  f_19 > 0.0
|             |             |                                                              +--yes: f_305 > 0.0
|             |             |                                                              |      +--yes: [1] [2.0]: 3
|             |             |                                                              |      +--no:  f_593 > 0.0
|             |             |                                                              |             +--yes: f_391 > 0.0
|             |             |                                                              |             |      +--yes: [1] [17.0]: 17
|             |             |                                                              |             |      +--no:  [0] [2.0]: 3
|             |             |                                                              |             +--no:  [1] [50.0]: 50
|             |             |                                                              +--no:  [1] [1.0]: 2
|             |             +--no:  f_430 > 0.0
|             |                    +--yes: f_16 > 0.0
|             |                    |      +--yes: [0] [2.0]: 2
|             |                    |      +--no:  f_575 > 0.0
|             |                    |             +--yes: [0] [2.0]: 2
|             |                    |             +--no:  f_186 > 0.0
|             |                    |                    +--yes: f_259 > 0.0
|             |                    |                    |      +--yes: [1] [2.0]: 2
|             |                    |                    |      +--no:  [0] [3.0]: 3
|             |                    |                    +--no:  f_579 > 0.0
|             |                    |                           +--yes: [1] [8.0]: 8
|             |                    |                           +--no:  f_2 > 0.0
|             |                    |                                  +--yes: [0] [2.0]: 2
|             |                    |                                  +--no:  [1] [3.0]: 4
|             |                    +--no:  [1] [26.0]: 28
|             +--no:  f_337 > 0.0
|                    +--yes: [1] [59.0]: 62
|                    +--no:  f_299 > 0.0
|                           +--yes: f_509 > 0.0
|                           |      +--yes: f_20 > 0.0
|                           |      |      +--yes: [0] [3.0]: 3
|                           |      |      +--no:  f_2 > 0.0
|                           |      |             +--yes: [1] [2.0]: 2
|                           |      |             +--no:  [0] [2.0]: 3
|                           |      +--no:  f_346 > 0.0
|                           |             +--yes: f_389 > 0.0
|                           |             |      +--yes: f_301 > 0.0
|                           |             |      |      +--yes: [0] [2.0]: 2
|                           |             |      |      +--no:  f_19 > 0.0
|                           |             |      |             +--yes: [1] [35.0]: 35
|                           |             |      |             +--no:  f_655 > 0.0
|                           |             |      |                    +--yes: [0] [2.0]: 2
|                           |             |      |                    +--no:  [1] [3.0]: 3
|                           |             |      +--no:  f_779 > 0.0
|                           |             |             +--yes: f_185 > 0.0
|                           |             |             |      +--yes: [0] [7.0]: 7
|                           |             |             |      +--no:  f_15 > 0.0
|                           |             |             |             +--yes: [1] [5.0]: 5
|                           |             |             |             +--no:  [0] [2.0]: 2
|                           |             |             +--no:  f_1 > 0.0
|                           |             |                    +--yes: f_489 > 0.0
|                           |             |                    |      +--yes: [0] [2.0]: 2
|                           |             |                    |      +--no:  f_336 > 0.0
|                           |             |                    |             +--yes: f_690 > 0.0
|                           |             |                    |             |      +--yes: [1] [5.0]: 5
|                           |             |                    |             |      +--no:  f_145 > 0.0
|                           |             |                    |             |             +--yes: [1] [2.0]: 3
|                           |             |                    |             |             +--no:  f_11 > 0.0
|                           |             |                    |             |                    +--yes: [0] [6.0]: 6
|                           |             |                    |             |                    +--no:  [1] [1.0]: 2
|                           |             |                    |             +--no:  f_622 > 0.0
|                           |             |                    |                    +--yes: [0] [2.0]: 2
|                           |             |                    |                    +--no:  f_756 > 0.0
|                           |             |                    |                           +--yes: [1] [22.0]: 22
|                           |             |                    |                           +--no:  f_672 > 0.0
|                           |             |                    |                                  +--yes: f_691 > 0.0
|                           |             |                    |                                  |      +--yes: [1] [3.0]: 4
|                           |             |                    |                                  |      +--no:  [0] [4.0]: 4
|                           |             |                    |                                  +--no:  f_596 > 0.0
|                           |             |                    |                                         +--yes: [0] [2.0]: 2
|                           |             |                    |                                         +--no:  f_812 > 0.0
|                           |             |                    |                                                +--yes: [0] [2.0]: 3
|                           |             |                    |                                                +--no:  f_536 > 0.0
|                           |             |                    |                                                       +--yes: f_602 > 0.0
|                           |             |                    |                                                       |      +--yes: [1] [5.0]: 5
|                           |             |                    |                                                       |      +--no:  f_186 > 0.0
|                           |             |                    |                                                       |             +--yes: [1] [1.0]: 2
|                           |             |                    |                                                       |             +--no:  [0] [3.0]: 3
|                           |             |                    |                                                       +--no:  f_30 > 0.0
|                           |             |                    |                                                              +--yes: f_528 > 0.0
|                           |             |                    |                                                              |      +--yes: [1] [3.0]: 3
|                           |             |                    |                                                              |      +--no:  [0] [2.0]: 2
|                           |             |                    |                                                              +--no:  f_559 > 0.0
|                           |             |                    |                                                                     +--yes: [1] [1.0]: 2
|                           |             |                    |                                                                     +--no:  f_597 > 0.0
|                           |             |                    |                                                                            +--yes: [1] [1.0]: 2
|                           |             |                    |                                                                            +--no:  f_544 > 0.0
|                           |             |                    |                                                                                   +--yes: f_338 > 0.0
|                           |             |                    |                                                                                   |      +--yes: [0] [2.0]: 3
|                           |             |                    |                                                                                   |      +--no:  [1] [5.0]: 5
|                           |             |                    |                                                                                   +--no:  [1] [41.0]: 42
|                           |             |                    +--no:  [0] [2.0]: 2
|                           |             +--no:  f_612 > 0.0
|                           |                    +--yes: [0] [2.0]: 3
|                           |                    +--no:  f_181 > 0.0
|                           |                           +--yes: f_419 > 0.0
|                           |                           |      +--yes: f_179 > 0.0
|                           |                           |      |      +--yes: [1] [2.0]: 2
|                           |                           |      |      +--no:  [0] [2.0]: 2
|                           |                           |      +--no:  f_333 > 0.0
|                           |                           |             +--yes: [1] [58.0]: 58
|                           |                           |             +--no:  f_389 > 0.0
|                           |                           |                    +--yes: f_145 > 0.0
|                           |                           |                    |      +--yes: [1] [2.0]: 2
|                           |                           |                    |      +--no:  [0] [2.0]: 3
|                           |                           |                    +--no:  [1] [12.0]: 12
|                           |                           +--no:  f_695 > 0.0
|                           |                                  +--yes: f_699 > 0.0
|                           |                                  |      +--yes: [0] [3.0]: 3
|                           |                                  |      +--no:  f_23 > 0.0
|                           |                                  |             +--yes: [0] [2.0]: 2
|                           |                                  |             +--no:  f_366 > 0.0
|                           |                                  |                    +--yes: [0] [2.0]: 3
|                           |                                  |                    +--no:  [1] [7.0]: 7
|                           |                                  +--no:  f_364 > 0.0
|                           |                                         +--yes: [0] [2.0]: 3
|                           |                                         +--no:  f_249 > 0.0
|                           |                                                +--yes: f_12 > 0.0
|                           |                                                |      +--yes: [1] [3.0]: 3
|                           |                                                |      +--no:  [0] [3.0]: 3
|                           |                                                +--no:  f_692 > 0.0
|                           |                                                       +--yes: [1] [41.0]: 42
|                           |                                                       +--no:  f_518 > 0.0
|                           |                                                              +--yes: [0] [2.0]: 2
|                           |                                                              +--no:  f_146 > 0.0
|                           |                                                                     +--yes: [1] [27.0]: 27
|                           |                                                                     +--no:  f_305 > 0.0
|                           |                                                                            +--yes: f_185 > 0.0
|                           |                                                                            |      +--yes: [1] [3.0]: 3
|                           |                                                                            |      +--no:  [0] [3.0]: 3
|                           |                                                                            +--no:  f_380 > 0.0
|                           |                                                                                   +--yes: f_11 > 0.0
|                           |                                                                                   |      +--yes: [0] [2.0]: 2
|                           |                                                                                   |      +--no:  [1] [3.0]: 4
|                           |                                                                                   +--no:  f_390 > 0.0
|                           |                                                                                          +--yes: f_420 > 0.0
|                           |                                                                                          |      +--yes: [1] [12.0]: 12
|                           |                                                                                          |      +--no:  f_392 > 0.0
|                           |                                                                                          |             +--yes: f_338 > 0.0
|                           |                                                                                          |             |      +--yes: f_15 > 0.0
|                           |                                                                                          |             |      |      +--yes: [1] [2.0]: 2
|                           |                                                                                          |             |      |      +--no:  [0] [2.0]: 2
|                           |                                                                                          |             |      +--no:  [1] [12.0]: 14
|                           |                                                                                          |             +--no:  [0] [3.0]: 3
|                           |                                                                                          +--no:  [1] [15.0]: 15
|                           +--no:  f_3 > 0.0
|                                  +--yes: f_682 > 0.0
|                                  |      +--yes: [0] [5.0]: 5
|                                  |      +--no:  f_19 > 0.0
|                                  |             +--yes: f_366 > 0.0
|                                  |             |      +--yes: [1] [6.0]: 7
|                                  |             |      +--no:  [0] [2.0]: 2
|                                  |             +--no:  [0] [2.0]: 2
|                                  +--no:  f_23 > 0.0
|                                         +--yes: f_445 > 0.0
|                                         |      +--yes: [1] [3.0]: 3
|                                         |      +--no:  f_259 > 0.0
|                                         |             +--yes: [1] [2.0]: 3
|                                         |             +--no:  [0] [8.0]: 8
|                                         +--no:  f_752 > 0.0
|                                                +--yes: f_2 > 0.0
|                                                |      +--yes: [1] [1.0]: 2
|                                                |      +--no:  [0] [5.0]: 5
|                                                +--no:  f_698 > 0.0
|                                                       +--yes: f_374 > 0.0
|                                                       |      +--yes: f_620 > 0.0
|                                                       |      |      +--yes: [1] [20.0]: 20
|                                                       |      |      +--no:  f_662 > 0.0
|                                                       |      |             +--yes: f_432 > 0.0
|                                                       |      |             |      +--yes: [1] [2.0]: 2
|                                                       |      |             |      +--no:  [0] [2.0]: 2
|                                                       |      |             +--no:  f_338 > 0.0
|                                                       |      |                    +--yes: f_192 > 0.0
|                                                       |      |                    |      +--yes: [1] [6.0]: 6
|                                                       |      |                    |      +--no:  f_143 > 0.0
|                                                       |      |                    |             +--yes: [1] [4.0]: 4
|                                                       |      |                    |             +--no:  [0] [2.0]: 2
|                                                       |      |                    +--no:  [1] [16.0]: 16
|                                                       |      +--no:  f_684 > 0.0
|                                                       |             +--yes: [1] [4.0]: 4
|                                                       |             +--no:  [0] [2.0]: 2
|                                                       +--no:  f_250 > 0.0
|                                                              +--yes: f_688 > 0.0
|                                                              |      +--yes: [1] [2.0]: 3
|                                                              |      +--no:  [0] [5.0]: 5
|                                                              +--no:  f_366 > 0.0
|                                                                     +--yes: f_420 > 0.0
|                                                                     |      +--yes: f_613 > 0.0
|                                                                     |      |      +--yes: [1] [9.0]: 10
|                                                                     |      |      +--no:  [0] [2.0]: 2
|                                                                     |      +--no:  f_383 > 0.0
|                                                                     |             +--yes: [1] [2.0]: 2
|                                                                     |             +--no:  f_355 > 0.0
|                                                                     |                    +--yes: [0] [5.0]: 5
|                                                                     |                    +--no:  f_656 > 0.0
|                                                                     |                           +--yes: [1] [2.0]: 3
|                                                                     |                           +--no:  [0] [2.0]: 2
|                                                                     +--no:  f_193 > 0.0
|                                                                            +--yes: f_15 > 0.0
|                                                                            |      +--yes: [1] [1.0]: 2
|                                                                            |      +--no:  [0] [2.0]: 2
|                                                                            +--no:  f_301 > 0.0
|                                                                                   +--yes: f_179 > 0.0
|                                                                                   |      +--yes: [0] [2.0]: 2
|                                                                                   |      +--no:  [1] [1.0]: 2
|                                                                                   +--no:  f_338 > 0.0
|                                                                                          +--yes: f_186 > 0.0
|                                                                                          |      +--yes: f_656 > 0.0
|                                                                                          |      |      +--yes: [0] [3.0]: 3
|                                                                                          |      |      +--no:  [1] [2.0]: 2
|                                                                                          |      +--no:  [1] [5.0]: 5
|                                                                                          +--no:  f_421 > 0.0
|                                                                                                 +--yes: f_2 > 0.0
|                                                                                                 |      +--yes: f_18 > 0.0
|                                                                                                 |      |      +--yes: [1] [2.0]: 2
|                                                                                                 |      |      +--no:  [0] [2.0]: 2
|                                                                                                 |      +--no:  [1] [3.0]: 3
|                                                                                                 +--no:  [1] [32.0]: 32
+--no:  f_571 > 0.0
       +--yes: f_671 > 0.0
       |      +--yes: f_840 > 0.0
       |      |      +--yes: f_21 > 0.0
       |      |      |      +--yes: [1] [5.0]: 6
       |      |      |      +--no:  f_337 > 0.0
       |      |      |             +--yes: f_38 > 0.0
       |      |      |             |      +--yes: [1] [2.0]: 2
       |      |      |             |      +--no:  f_440 > 0.0
       |      |      |             |             +--yes: f_33 > 0.0
       |      |      |             |             |      +--yes: [1] [1.0]: 2
       |      |      |             |             |      +--no:  [0] [13.0]: 13
       |      |      |             |             +--no:  f_37 > 0.0
       |      |      |             |                    +--yes: [0] [5.0]: 5
       |      |      |             |                    +--no:  f_516 > 0.0
       |      |      |             |                           +--yes: [1] [7.0]: 11
       |      |      |             |                           +--no:  f_23 > 0.0
       |      |      |             |                                  +--yes: [0] [3.0]: 3
       |      |      |             |                                  +--no:  [1] [1.0]: 2
       |      |      |             +--no:  [1] [3.0]: 3
       |      |      +--no:  [0] [9.0]: 9
       |      +--no:  f_150 > 0.0
       |             +--yes: [1] [10.0]: 10
       |             +--no:  f_356 > 0.0
       |                    +--yes: f_241 > 0.0
       |                    |      +--yes: [1] [4.0]: 5
       |                    |      +--no:  [0] [9.0]: 9
       |                    +--no:  f_23 > 0.0
       |                           +--yes: [0] [2.0]: 2
       |                           +--no:  f_20 > 0.0
       |                                  +--yes: f_641 > 0.0
       |                                  |      +--yes: [1] [10.0]: 11
       |                                  |      +--no:  f_380 > 0.0
       |                                  |             +--yes: f_610 > 0.0
       |                                  |             |      +--yes: [1] [4.0]: 5
       |                                  |             |      +--no:  f_405 > 0.0
       |                                  |             |             +--yes: [0] [2.0]: 2
       |                                  |             |             +--no:  [1] [2.0]: 3
       |                                  |             +--no:  [1] [3.0]: 3
       |                                  +--no:  f_337 > 0.0
       |                                         +--yes: [1] [3.0]: 3
       |                                         +--no:  f_374 > 0.0
       |                                                +--yes: [0] [6.0]: 6
       |                                                +--no:  [1] [3.0]: 4
       +--no:  f_286 > 0.0
              +--yes: f_258 > 0.0
              |      +--yes: [0] [2.0]: 2
              |      +--no:  f_719 > 0.0
              |             +--yes: [0] [2.0]: 2
              |             +--no:  f_752 > 0.0
              |                    +--yes: [0] [2.0]: 2
              |                    +--no:  f_672 > 0.0
              |                           +--yes: f_3 > 0.0
              |                           |      +--yes: [0] [2.0]: 2
              |                           |      +--no:  f_257 > 0.0
              |                           |             +--yes: f_696 > 0.0
              |                           |             |      +--yes: f_713 > 0.0
              |                           |             |      |      +--yes: [0] [2.0]: 3
              |                           |             |      |      +--no:  [1] [6.0]: 7
              |                           |             |      +--no:  [0] [3.0]: 3
              |                           |             +--no:  [1] [6.0]: 6
              |                           +--no:  f_251 > 0.0
              |                                  +--yes: [0] [2.0]: 3
              |                                  +--no:  f_341 > 0.0
              |                                         +--yes: [1] [41.0]: 44
              |                                         +--no:  f_283 > 0.0
              |                                                +--yes: f_333 > 0.0
              |                                                |      +--yes: [1] [10.0]: 11
              |                                                |      +--no:  f_380 > 0.0
              |                                                |             +--yes: f_20 > 0.0
              |                                                |             |      +--yes: f_2 > 0.0
              |                                                |             |      |      +--yes: f_3 > 0.0
              |                                                |             |      |      |      +--yes: [1] [2.0]: 2
              |                                                |             |      |      |      +--no:  [0] [2.0]: 2
              |                                                |             |      |      +--no:  [1] [4.0]: 4
              |                                                |             |      +--no:  [0] [4.0]: 4
              |                                                |             +--no:  [1] [7.0]: 7
              |                                                +--no:  [1] [6.0]: 6
              +--no:  f_1 > 0.0
                     +--yes: [1] [5.0]: 6
                     +--no:  f_458 > 0.0
                            +--yes: [1] [3.0]: 3
                            +--no:  f_10 > 0.0
                                   +--yes: [0] [5.0]: 5
                                   +--no:  f_308 > 0.0
                                          +--yes: [1] [3.0]: 3
                                          +--no:  f_33 > 0.0
                                                 +--yes: [0] [3.0]: 3
                                                 +--no:  f_14 > 0.0
                                                        +--yes: f_15 > 0.0
                                                        |      +--yes: f_285 > 0.0
                                                        |      |      +--yes: [0] [2.0]: 2
                                                        |      |      +--no:  [1] [2.0]: 2
                                                        |      +--no:  [0] [4.0]: 4
                                                        +--no:  [1] [5.0]: 9

Pruned Model
************

f_351 > 0.0
+--yes: f_860 > 0.0
|      +--yes: f_614 > 0.0
|      |      +--yes: [0] [8.0]: 9
|      |      +--no:  f_758 > 0.0
|      |             +--yes: [0] [2.0]: 2
|      |             +--no:  [1] [15.0]: 18
|      +--no:  f_646 > 0.0
|             +--yes: f_707 > 0.0
|             |      +--yes: f_571 > 0.0
|             |      |      +--yes: [0] [5.0]: 6
|             |      |      +--no:  [1] [22.0]: 28
|             |      +--no:  f_340 > 0.0
|             |             +--yes: f_676 > 0.0
|             |             |      +--yes: f_535 > 0.0
|             |             |      |      +--yes: [1] [2.0]: 2
|             |             |      |      +--no:  [0] [2.0]: 2
|             |             |      +--no:  [1] [250.0]: 273
|             |             +--no:  f_430 > 0.0
|             |                    +--yes: f_16 > 0.0
|             |                    |      +--yes: [0] [2.0]: 2
|             |                    |      +--no:  f_186 > 0.0
|             |                    |             +--yes: f_259 > 0.0
|             |                    |             |      +--yes: [1] [2.0]: 2
|             |                    |             |      +--no:  [0] [4.0]: 4
|             |                    |             +--no:  f_579 > 0.0
|             |                    |                    +--yes: [1] [8.0]: 8
|             |                    |                    +--no:  f_2 > 0.0
|             |                    |                           +--yes: [0] [3.0]: 3
|             |                    |                           +--no:  [1] [3.0]: 4
|             |                    +--no:  [1] [26.0]: 28
|             +--no:  f_337 > 0.0
|                    +--yes: [1] [59.0]: 62
|                    +--no:  f_299 > 0.0
|                           +--yes: f_509 > 0.0
|                           |      +--yes: f_20 > 0.0
|                           |      |      +--yes: [0] [3.0]: 3
|                           |      |      +--no:  f_2 > 0.0
|                           |      |             +--yes: [1] [2.0]: 2
|                           |      |             +--no:  [0] [2.0]: 3
|                           |      +--no:  f_346 > 0.0
|                           |             +--yes: f_389 > 0.0
|                           |             |      +--yes: f_301 > 0.0
|                           |             |      |      +--yes: [0] [2.0]: 2
|                           |             |      |      +--no:  f_19 > 0.0
|                           |             |      |             +--yes: [1] [35.0]: 35
|                           |             |      |             +--no:  f_655 > 0.0
|                           |             |      |                    +--yes: [0] [2.0]: 2
|                           |             |      |                    +--no:  [1] [3.0]: 3
|                           |             |      +--no:  f_779 > 0.0
|                           |             |             +--yes: f_185 > 0.0
|                           |             |             |      +--yes: [0] [7.0]: 7
|                           |             |             |      +--no:  f_15 > 0.0
|                           |             |             |             +--yes: [1] [5.0]: 5
|                           |             |             |             +--no:  [0] [2.0]: 2
|                           |             |             +--no:  f_1 > 0.0
|                           |             |                    +--yes: f_489 > 0.0
|                           |             |                    |      +--yes: [0] [2.0]: 2
|                           |             |                    |      +--no:  f_336 > 0.0
|                           |             |                    |             +--yes: f_690 > 0.0
|                           |             |                    |             |      +--yes: [1] [5.0]: 5
|                           |             |                    |             |      +--no:  f_145 > 0.0
|                           |             |                    |             |             +--yes: [1] [2.0]: 3
|                           |             |                    |             |             +--no:  [0] [7.0]: 8
|                           |             |                    |             +--no:  f_622 > 0.0
|                           |             |                    |                    +--yes: [0] [2.0]: 2
|                           |             |                    |                    +--no:  f_756 > 0.0
|                           |             |                    |                           +--yes: [1] [22.0]: 22
|                           |             |                    |                           +--no:  f_672 > 0.0
|                           |             |                    |                                  +--yes: f_691 > 0.0
|                           |             |                    |                                  |      +--yes: [1] [3.0]: 4
|                           |             |                    |                                  |      +--no:  [0] [4.0]: 4
|                           |             |                    |                                  +--no:  f_596 > 0.0
|                           |             |                    |                                         +--yes: [0] [2.0]: 2
|                           |             |                    |                                         +--no:  f_812 > 0.0
|                           |             |                    |                                                +--yes: [0] [2.0]: 3
|                           |             |                    |                                                +--no:  f_536 > 0.0
|                           |             |                    |                                                       +--yes: f_602 > 0.0
|                           |             |                    |                                                       |      +--yes: [1] [5.0]: 5
|                           |             |                    |                                                       |      +--no:  [0] [4.0]: 5
|                           |             |                    |                                                       +--no:  f_30 > 0.0
|                           |             |                    |                                                              +--yes: f_528 > 0.0
|                           |             |                    |                                                              |      +--yes: [1] [3.0]: 3
|                           |             |                    |                                                              |      +--no:  [0] [2.0]: 2
|                           |             |                    |                                                              +--no:  [1] [49.0]: 54
|                           |             |                    +--no:  [0] [2.0]: 2
|                           |             +--no:  f_612 > 0.0
|                           |                    +--yes: [0] [2.0]: 3
|                           |                    +--no:  f_181 > 0.0
|                           |                           +--yes: f_419 > 0.0
|                           |                           |      +--yes: f_179 > 0.0
|                           |                           |      |      +--yes: [1] [2.0]: 2
|                           |                           |      |      +--no:  [0] [2.0]: 2
|                           |                           |      +--no:  [1] [73.0]: 75
|                           |                           +--no:  f_695 > 0.0
|                           |                                  +--yes: f_699 > 0.0
|                           |                                  |      +--yes: [0] [3.0]: 3
|                           |                                  |      +--no:  f_23 > 0.0
|                           |                                  |             +--yes: [0] [2.0]: 2
|                           |                                  |             +--no:  f_366 > 0.0
|                           |                                  |                    +--yes: [0] [2.0]: 3
|                           |                                  |                    +--no:  [1] [7.0]: 7
|                           |                                  +--no:  f_249 > 0.0
|                           |                                         +--yes: f_12 > 0.0
|                           |                                         |      +--yes: [1] [3.0]: 3
|                           |                                         |      +--no:  [0] [3.0]: 3
|                           |                                         +--no:  [1] [116.0]: 134
|                           +--no:  f_3 > 0.0
|                                  +--yes: f_682 > 0.0
|                                  |      +--yes: [0] [5.0]: 5
|                                  |      +--no:  f_19 > 0.0
|                                  |             +--yes: f_366 > 0.0
|                                  |             |      +--yes: [1] [6.0]: 7
|                                  |             |      +--no:  [0] [2.0]: 2
|                                  |             +--no:  [0] [2.0]: 2
|                                  +--no:  f_23 > 0.0
|                                         +--yes: f_445 > 0.0
|                                         |      +--yes: [1] [3.0]: 3
|                                         |      +--no:  f_259 > 0.0
|                                         |             +--yes: [1] [2.0]: 3
|                                         |             +--no:  [0] [8.0]: 8
|                                         +--no:  f_752 > 0.0
|                                                +--yes: [0] [6.0]: 7
|                                                +--no:  f_698 > 0.0
|                                                       +--yes: [1] [52.0]: 58
|                                                       +--no:  f_250 > 0.0
|                                                              +--yes: f_688 > 0.0
|                                                              |      +--yes: [1] [2.0]: 3
|                                                              |      +--no:  [0] [5.0]: 5
|                                                              +--no:  f_366 > 0.0
|                                                                     +--yes: f_420 > 0.0
|                                                                     |      +--yes: f_613 > 0.0
|                                                                     |      |      +--yes: [1] [9.0]: 10
|                                                                     |      |      +--no:  [0] [2.0]: 2
|                                                                     |      +--no:  f_383 > 0.0
|                                                                     |             +--yes: [1] [2.0]: 2
|                                                                     |             +--no:  [0] [8.0]: 10
|                                                                     +--no:  f_193 > 0.0
|                                                                            +--yes: [0] [3.0]: 4
|                                                                            +--no:  f_301 > 0.0
|                                                                                   +--yes: [0] [3.0]: 4
|                                                                                   +--no:  f_338 > 0.0
|                                                                                          +--yes: f_186 > 0.0
|                                                                                          |      +--yes: f_656 > 0.0
|                                                                                          |      |      +--yes: [0] [3.0]: 3
|                                                                                          |      |      +--no:  [1] [2.0]: 2
|                                                                                          |      +--no:  [1] [5.0]: 5
|                                                                                          +--no:  [1] [37.0]: 39
+--no:  f_571 > 0.0
       +--yes: f_671 > 0.0
       |      +--yes: f_840 > 0.0
       |      |      +--yes: f_21 > 0.0
       |      |      |      +--yes: [1] [5.0]: 6
       |      |      |      +--no:  f_337 > 0.0
       |      |      |             +--yes: f_38 > 0.0
       |      |      |             |      +--yes: [1] [2.0]: 2
       |      |      |             |      +--no:  [0] [27.0]: 36
       |      |      |             +--no:  [1] [3.0]: 3
       |      |      +--no:  [0] [9.0]: 9
       |      +--no:  f_356 > 0.0
       |             +--yes: f_241 > 0.0
       |             |      +--yes: [1] [9.0]: 10
       |             |      +--no:  [0] [9.0]: 9
       |             +--no:  f_23 > 0.0
       |                    +--yes: [0] [2.0]: 2
       |                    +--no:  f_20 > 0.0
       |                           +--yes: [1] [24.0]: 29
       |                           +--no:  f_337 > 0.0
       |                                  +--yes: [1] [3.0]: 3
       |                                  +--no:  f_374 > 0.0
       |                                         +--yes: [0] [6.0]: 6
       |                                         +--no:  [1] [3.0]: 4
       +--no:  f_286 > 0.0
              +--yes: f_258 > 0.0
              |      +--yes: [0] [2.0]: 2
              |      +--no:  f_719 > 0.0
              |             +--yes: [0] [2.0]: 2
              |             +--no:  f_752 > 0.0
              |                    +--yes: [0] [2.0]: 2
              |                    +--no:  f_672 > 0.0
              |                           +--yes: f_3 > 0.0
              |                           |      +--yes: [0] [2.0]: 2
              |                           |      +--no:  f_257 > 0.0
              |                           |             +--yes: f_696 > 0.0
              |                           |             |      +--yes: f_713 > 0.0
              |                           |             |      |      +--yes: [0] [2.0]: 3
              |                           |             |      |      +--no:  [1] [6.0]: 7
              |                           |             |      +--no:  [0] [3.0]: 3
              |                           |             +--no:  [1] [6.0]: 6
              |                           +--no:  f_251 > 0.0
              |                                  +--yes: [0] [2.0]: 3
              |                                  +--no:  [1] [70.0]: 80
              +--no:  f_1 > 0.0
                     +--yes: [1] [5.0]: 6
                     +--no:  f_458 > 0.0
                            +--yes: [1] [3.0]: 3
                            +--no:  f_308 > 0.0
                                   +--yes: [1] [3.0]: 4
                                   +--no:  [0] [17.0]: 24

