Clus run ['se_C0012833']
************************

Date: 27/04/2025, 10:44
File: fingerprint_dataset_se_C0012833_settings.out
Attributes: 541 (input: 540, output: 1)
Missing values: No

[General]
Verbose = 1
RandomSeed = 43
ResourceInfoLoaded = No
DoNotInduce = No
LoggingProperties = logging.properties

[Data]
File = C:\Users\KostasVoror\Projects\sep\SIDER_dataset\binary_datasets\fingerprint_dataset_se_C0012833.arff
TestSet = None
PruneSet = None
XVal = 10
RemoveMissingTarget = No
NormalizeData = None

[Attributes]
Target = 541
Clustering = 541
Descriptive = 1-540
Key = None
Disable = None
Weights = Normalize
ClusteringWeights = 1.0
ReduceMemoryNominalAttrs = No
GIS = None

[Constraints]
Syntactic = None
MaxSize = Infinity
MaxError = 0.0
MaxDepth = Infinity

[Nominal]
MEstimate = 1.0

[Model]
MinimalWeight = 2.0
MinimalNumberExamples = 0
MinimalKnownWeight = 0.0
ParamTuneNumberFolds = 3
NominalSubsetTests = Yes
LoadFromModelFile = No

[Tree]
Heuristic = VarianceReduction
HeuristicComplexity = N2
SetDistance = GSMDistance
TupleDistance = Euclidean
TSDistance = DTW
PruningMethod = C45
FTest = 1.0
BinarySplit = Yes
ConvertToRules = No
AlternativeSplits = No
Optimize = []
MSENominal = No
SplitSampling = None
MissingClusteringAttrHandling = EstimateFromParentNode
MissingTargetAttrHandling = ParentNode
InductionOrder = DepthFirst
EntropyType = StandardEntropy
ConsiderUnlableInstancesInIGCalc = No
SpatialMatrix = Binary
SpatialMeasure = GlobalMoran
Bandwidth = 0.001
Longlat = No
NumNeightbours = 0.0
Alpha = 1.0
SplitPosition = Exact

[SemiSupervised]
SemiSupervisedMethod = PCT
StoppingCriteria = NoneAdded
UnlabeledCriteria = Threshold
ConfidenceThreshold = 0.8
ConfidenceMeasure = Variance
Iterations = 10
K = 5
UnlabeledData = 
PercentageLabeled = 5
UseWeights = No
AirbagTrials = 0
ExhaustiveSearchThresholds = [0.5,0.6,0.7,0.8,0.9,0.99]
OOBErrorCalculation = LabeledOnly
Normalization = MinMaxNormalization
Aggregation = Average
CalibrateHmcThreshold = No
PruningWhenTuning = No
InternalFolds = 5
WeightScoresFile = NO
PossibleWeights = [0.0,0.1,0.2,0.3,0.4,0.5,0.6,0.7,0.8,0.9,1.0]
IterationsSupervisionOptimisation = 0
ForceInternalXValOptimisation = No
ImputeMissingTargetValues = No
InternalFold = -1234
ProceedToMain = Yes

[Output]
ShowModels = [Default, Pruned, Others]
TrainErrors = Yes
ValidErrors = Yes
TestErrors = Yes
AllFoldModels = Yes
AllFoldErrors = No
AllFoldDatasets = No
UnknownFrequency = No
BranchFrequency = No
ShowInfo = [Count]
PrintModelAndExamples = No
WriteErrorFile = No
WriteModelFile = No
WritePerBagModelFile = Yes
WriteOOBFile = No
WritePredictions = []
GzipOutput = No
ModelIDFiles = No
WriteCurves = No
OutputPythonModel = No
PythonModelType = Object
OutputROSSubspaces = No
OutputJSONModel = No
OutputDatabaseQueries = No
OutputClowdFlowsJSON = No
ComputeSpearman = No

Run: 01
*******

Statistics
----------

FTValue (FTest): 1.0
Induction Time: 1.7400E-1 sec
Pruning Time: 0 sec
Prediction Time (total for ClusModel.Original): 
	0 microsecs
	0 millisecs
	0 secs
Prediction Time (average for ClusModel.Original): 0 microsecs
Model information:
     Default: Nodes = 1; Leaves = 1; Depth = 1
     Original: Nodes = 373; Leaves = 187; Depth = 26
     Pruned: Nodes = 213; Leaves = 107; Depth = 18

Training error
--------------

Number of examples: 1327
Classification Error
   Default: 
   Attribute: se_C0012833
     REAL\PRED |    1 | 0 |
     ---------------------------
             1 |  978 | 0 |  978
             0 |  349 | 0 |  349
     ---------------------------
               | 1327 | 0 | 1327
     Accuracy: 7.370008E-1
     Cramer's coefficient: 0

   Original: 
   Attribute: se_C0012833
     REAL\PRED |    1 |   0 |
     -----------------------------
             1 |  962 |  16 |  978
             0 |   79 | 270 |  349
     -----------------------------
               | 1041 | 286 | 1327
     Accuracy: 9.284099E-1
     Cramer's coefficient: 8.108298E-1

   Pruned: 
   Attribute: se_C0012833
     REAL\PRED |    1 |   0 |
     -----------------------------
             1 |  942 |  36 |  978
             0 |  104 | 245 |  349
     -----------------------------
               | 1046 | 281 | 1327
     Accuracy: 8.944989E-1
     Cramer's coefficient: 7.168243E-1

Weighted mean squared error (MSE) for Nominal Attributes (Weights [2.58])
   Default        : [1]
   Original       : [2.7367E-1]
   Pruned         : [4.5585E-1]
averageAUROC
   Default        : 5.000000E-1
   Original       : 9.620432E-1
   Pruned         : 8.886037E-1
averageAUPRC
   Default        : 7.370008E-1
   Original       : 9.836943E-1
   Pruned         : 9.470401E-1

Testing error
-------------

Number of examples: 1327
Classification Error
   Default: 
   Attribute: se_C0012833
     REAL\PRED |    1 | 0 |
     ---------------------------
             1 |  978 | 0 |  978
             0 |  349 | 0 |  349
     ---------------------------
               | 1327 | 0 | 1327
     Accuracy: 7.370008E-1
     Cramer's coefficient: 0

   Original: 
   Attribute: se_C0012833
     REAL\PRED |    1 |   0 |
     -----------------------------
             1 |  776 | 202 |  978
             0 |  229 | 120 |  349
     -----------------------------
               | 1005 | 322 | 1327
     Accuracy: 6.752072E-1
     Cramer's coefficient: 1.410028E-1

   Pruned: 
   Attribute: se_C0012833
     REAL\PRED |    1 |   0 |
     -----------------------------
             1 |  779 | 199 |  978
             0 |  231 | 118 |  349
     -----------------------------
               | 1010 | 317 | 1327
     Accuracy: 6.759608E-1
     Cramer's coefficient: 1.390085E-1

Weighted mean squared error (MSE) for Nominal Attributes (Weights [2.58])
   Default        : [1.0013]
   Original       : [1.5235]
   Pruned         : [1.3933]
averageAUROC
   Default        : 4.512425E-1
   Original       : 5.794191E-1
   Pruned         : 5.850033E-1
averageAUPRC
   Default        : 7.082295E-1
   Original       : 7.680637E-1
   Pruned         : 7.684036E-1

Default Model
*************

[1] [978.0]: 1327

Original Model
**************

f_255 > 0.0
+--yes: f_343 > 0.0
|      +--yes: f_689 > 0.0
|      |      +--yes: f_19 > 0.0
|      |      |      +--yes: [0] [7.0]: 7
|      |      |      +--no:  [1] [1.0]: 2
|      |      +--no:  [1] [4.0]: 4
|      +--no:  f_515 > 0.0
|             +--yes: f_679 > 0.0
|             |      +--yes: [1] [72.0]: 74
|             |      +--no:  f_467 > 0.0
|             |             +--yes: [1] [5.0]: 5
|             |             +--no:  [0] [2.0]: 2
|             +--no:  f_487 > 0.0
|                    +--yes: f_717 > 0.0
|                    |      +--yes: f_377 > 0.0
|                    |      |      +--yes: [1] [2.0]: 2
|                    |      |      +--no:  [0] [9.0]: 9
|                    |      +--no:  f_35 > 0.0
|                    |             +--yes: f_341 > 0.0
|                    |             |      +--yes: f_686 > 0.0
|                    |             |      |      +--yes: f_413 > 0.0
|                    |             |      |      |      +--yes: [0] [3.0]: 3
|                    |             |      |      |      +--no:  [1] [3.0]: 3
|                    |             |      |      +--no:  [0] [5.0]: 5
|                    |             |      +--no:  [1] [2.0]: 2
|                    |             +--no:  f_215 > 0.0
|                    |                    +--yes: f_577 > 0.0
|                    |                    |      +--yes: [1] [2.0]: 3
|                    |                    |      +--no:  [0] [4.0]: 4
|                    |                    +--no:  f_690 > 0.0
|                    |                           +--yes: f_145 > 0.0
|                    |                           |      +--yes: f_23 > 0.0
|                    |                           |      |      +--yes: [0] [2.0]: 3
|                    |                           |      |      +--no:  [1] [10.0]: 11
|                    |                           |      +--no:  f_712 > 0.0
|                    |                           |             +--yes: [0] [4.0]: 4
|                    |                           |             +--no:  f_389 > 0.0
|                    |                           |                    +--yes: [1] [3.0]: 3
|                    |                           |                    +--no:  f_257 > 0.0
|                    |                           |                           +--yes: [0] [3.0]: 3
|                    |                           |                           +--no:  [1] [1.0]: 2
|                    |                           +--no:  f_689 > 0.0
|                    |                                  +--yes: f_750 > 0.0
|                    |                                  |      +--yes: [0] [2.0]: 3
|                    |                                  |      +--no:  f_340 > 0.0
|                    |                                  |             +--yes: [1] [45.0]: 46
|                    |                                  |             +--no:  f_293 > 0.0
|                    |                                  |                    +--yes: [1] [4.0]: 4
|                    |                                  |                    +--no:  [0] [2.0]: 2
|                    |                                  +--no:  f_655 > 0.0
|                    |                                         +--yes: [0] [2.0]: 2
|                    |                                         +--no:  f_647 > 0.0
|                    |                                                +--yes: f_261 > 0.0
|                    |                                                |      +--yes: [0] [3.0]: 3
|                    |                                                |      +--no:  f_2 > 0.0
|                    |                                                |             +--yes: [1] [4.0]: 4
|                    |                                                |             +--no:  f_299 > 0.0
|                    |                                                |                    +--yes: [1] [3.0]: 4
|                    |                                                |                    +--no:  [0] [2.0]: 2
|                    |                                                +--no:  f_257 > 0.0
|                    |                                                       +--yes: f_341 > 0.0
|                    |                                                       |      +--yes: [1] [13.0]: 14
|                    |                                                       |      +--no:  f_21 > 0.0
|                    |                                                       |             +--yes: [0] [3.0]: 3
|                    |                                                       |             +--no:  f_357 > 0.0
|                    |                                                       |                    +--yes: f_405 > 0.0
|                    |                                                       |                    |      +--yes: f_576 > 0.0
|                    |                                                       |                    |      |      +--yes: [1] [2.0]: 2
|                    |                                                       |                    |      |      +--no:  [0] [3.0]: 3
|                    |                                                       |                    |      +--no:  [1] [16.0]: 17
|                    |                                                       |                    +--no:  f_688 > 0.0
|                    |                                                       |                           +--yes: [1] [4.0]: 5
|                    |                                                       |                           +--no:  [0] [5.0]: 5
|                    |                                                       +--no:  f_1 > 0.0
|                    |                                                              +--yes: f_338 > 0.0
|                    |                                                              |      +--yes: f_333 > 0.0
|                    |                                                              |      |      +--yes: [1] [9.0]: 10
|                    |                                                              |      |      +--no:  f_434 > 0.0
|                    |                                                              |      |             +--yes: [0] [2.0]: 2
|                    |                                                              |      |             +--no:  [1] [2.0]: 2
|                    |                                                              |      +--no:  [1] [21.0]: 21
|                    |                                                              +--no:  [1] [1.0]: 2
|                    +--no:  f_390 > 0.0
|                           +--yes: f_131 > 0.0
|                           |      +--yes: f_215 > 0.0
|                           |      |      +--yes: f_346 > 0.0
|                           |      |      |      +--yes: [0] [4.0]: 4
|                           |      |      |      +--no:  f_308 > 0.0
|                           |      |      |             +--yes: [1] [4.0]: 4
|                           |      |      |             +--no:  f_581 > 0.0
|                           |      |      |                    +--yes: [0] [3.0]: 3
|                           |      |      |                    +--no:  [1] [1.0]: 2
|                           |      |      +--no:  [1] [7.0]: 8
|                           |      +--no:  f_461 > 0.0
|                           |             +--yes: f_192 > 0.0
|                           |             |      +--yes: [0] [3.0]: 3
|                           |             |      +--no:  f_2 > 0.0
|                           |             |             +--yes: [1] [6.0]: 6
|                           |             |             +--no:  f_143 > 0.0
|                           |             |                    +--yes: [1] [1.0]: 2
|                           |             |                    +--no:  [0] [3.0]: 3
|                           |             +--no:  f_706 > 0.0
|                           |                    +--yes: f_376 > 0.0
|                           |                    |      +--yes: [1] [4.0]: 4
|                           |                    |      +--no:  f_528 > 0.0
|                           |                    |             +--yes: [1] [2.0]: 4
|                           |                    |             +--no:  [0] [4.0]: 4
|                           |                    +--no:  f_715 > 0.0
|                           |                           +--yes: f_366 > 0.0
|                           |                           |      +--yes: f_23 > 0.0
|                           |                           |      |      +--yes: [1] [1.0]: 2
|                           |                           |      |      +--no:  [0] [3.0]: 3
|                           |                           |      +--no:  f_451 > 0.0
|                           |                           |             +--yes: f_16 > 0.0
|                           |                           |             |      +--yes: [1] [2.0]: 2
|                           |                           |             |      +--no:  [0] [2.0]: 2
|                           |                           |             +--no:  [1] [7.0]: 7
|                           |                           +--no:  f_328 > 0.0
|                           |                                  +--yes: f_516 > 0.0
|                           |                                  |      +--yes: [1] [3.0]: 3
|                           |                                  |      +--no:  [0] [3.0]: 3
|                           |                                  +--no:  f_721 > 0.0
|                           |                                         +--yes: f_645 > 0.0
|                           |                                         |      +--yes: [1] [9.0]: 10
|                           |                                         |      +--no:  f_420 > 0.0
|                           |                                         |             +--yes: [0] [3.0]: 3
|                           |                                         |             +--no:  [1] [4.0]: 5
|                           |                                         +--no:  f_419 > 0.0
|                           |                                                +--yes: f_180 > 0.0
|                           |                                                |      +--yes: f_2 > 0.0
|                           |                                                |      |      +--yes: [0] [2.0]: 2
|                           |                                                |      |      +--no:  [1] [1.0]: 2
|                           |                                                |      +--no:  [1] [9.0]: 10
|                           |                                                +--no:  f_654 > 0.0
|                           |                                                       +--yes: [1] [39.0]: 39
|                           |                                                       +--no:  f_34 > 0.0
|                           |                                                              +--yes: f_250 > 0.0
|                           |                                                              |      +--yes: [0] [2.0]: 2
|                           |                                                              |      +--no:  f_374 > 0.0
|                           |                                                              |             +--yes: [1] [14.0]: 16
|                           |                                                              |             +--no:  [0] [2.0]: 3
|                           |                                                              +--no:  f_618 > 0.0
|                           |                                                                     +--yes: f_609 > 0.0
|                           |                                                                     |      +--yes: f_580 > 0.0
|                           |                                                                     |      |      +--yes: [0] [2.0]: 2
|                           |                                                                     |      |      +--no:  [1] [3.0]: 3
|                           |                                                                     |      +--no:  f_214 > 0.0
|                           |                                                                     |             +--yes: f_712 > 0.0
|                           |                                                                     |             |      +--yes: [1] [11.0]: 12
|                           |                                                                     |             |      +--no:  [0] [3.0]: 3
|                           |                                                                     |             +--no:  f_638 > 0.0
|                           |                                                                     |                    +--yes: f_708 > 0.0
|                           |                                                                     |                    |      +--yes: f_299 > 0.0
|                           |                                                                     |                    |      |      +--yes: [1] [77.0]: 77
|                           |                                                                     |                    |      |      +--no:  f_15 > 0.0
|                           |                                                                     |                    |      |             +--yes: f_437 > 0.0
|                           |                                                                     |                    |      |             |      +--yes: [1] [3.0]: 3
|                           |                                                                     |                    |      |             |      +--no:  [0] [2.0]: 3
|                           |                                                                     |                    |      |             +--no:  [1] [15.0]: 15
|                           |                                                                     |                    |      +--no:  f_19 > 0.0
|                           |                                                                     |                    |             +--yes: [1] [2.0]: 2
|                           |                                                                     |                    |             +--no:  [0] [2.0]: 2
|                           |                                                                     |                    +--no:  f_625 > 0.0
|                           |                                                                     |                           +--yes: f_15 > 0.0
|                           |                                                                     |                           |      +--yes: [0] [2.0]: 2
|                           |                                                                     |                           |      +--no:  [1] [2.0]: 2
|                           |                                                                     |                           +--no:  f_391 > 0.0
|                           |                                                                     |                                  +--yes: f_717 > 0.0
|                           |                                                                     |                                  |      +--yes: f_192 > 0.0
|                           |                                                                     |                                  |      |      +--yes: [0] [2.0]: 3
|                           |                                                                     |                                  |      |      +--no:  [1] [5.0]: 6
|                           |                                                                     |                                  |      +--no:  f_713 > 0.0
|                           |                                                                     |                                  |             +--yes: [1] [5.0]: 7
|                           |                                                                     |                                  |             +--no:  f_200 > 0.0
|                           |                                                                     |                                  |                    +--yes: [1] [1.0]: 2
|                           |                                                                     |                                  |                    +--no:  f_737 > 0.0
|                           |                                                                     |                                  |                           +--yes: f_381 > 0.0
|                           |                                                                     |                                  |                           |      +--yes: [0] [2.0]: 2
|                           |                                                                     |                                  |                           |      +--no:  [1] [13.0]: 14
|                           |                                                                     |                                  |                           +--no:  [1] [131.0]: 135
|                           |                                                                     |                                  +--no:  f_412 > 0.0
|                           |                                                                     |                                         +--yes: f_181 > 0.0
|                           |                                                                     |                                         |      +--yes: [1] [2.0]: 2
|                           |                                                                     |                                         |      +--no:  [0] [3.0]: 3
|                           |                                                                     |                                         +--no:  f_699 > 0.0
|                           |                                                                     |                                                +--yes: f_573 > 0.0
|                           |                                                                     |                                                |      +--yes: f_630 > 0.0
|                           |                                                                     |                                                |      |      +--yes: f_335 > 0.0
|                           |                                                                     |                                                |      |      |      +--yes: [1] [2.0]: 2
|                           |                                                                     |                                                |      |      |      +--no:  [0] [2.0]: 2
|                           |                                                                     |                                                |      |      +--no:  [1] [17.0]: 19
|                           |                                                                     |                                                |      +--no:  [0] [3.0]: 3
|                           |                                                                     |                                                +--no:  f_602 > 0.0
|                           |                                                                     |                                                       +--yes: f_338 > 0.0
|                           |                                                                     |                                                       |      +--yes: [1] [4.0]: 4
|                           |                                                                     |                                                       |      +--no:  [0] [2.0]: 2
|                           |                                                                     |                                                       +--no:  [1] [54.0]: 57
|                           |                                                                     +--no:  f_338 > 0.0
|                           |                                                                            +--yes: [1] [2.0]: 2
|                           |                                                                            +--no:  [0] [2.0]: 2
|                           +--no:  f_697 > 0.0
|                                  +--yes: f_213 > 0.0
|                                  |      +--yes: [0] [2.0]: 2
|                                  |      +--no:  f_563 > 0.0
|                                  |             +--yes: f_516 > 0.0
|                                  |             |      +--yes: f_299 > 0.0
|                                  |             |      |      +--yes: [1] [2.0]: 3
|                                  |             |      |      +--no:  [0] [4.0]: 4
|                                  |             |      +--no:  [1] [3.0]: 3
|                                  |             +--no:  f_599 > 0.0
|                                  |                    +--yes: f_758 > 0.0
|                                  |                    |      +--yes: [0] [2.0]: 3
|                                  |                    |      +--no:  [1] [53.0]: 57
|                                  |                    +--no:  [0] [2.0]: 3
|                                  +--no:  f_756 > 0.0
|                                         +--yes: [1] [8.0]: 9
|                                         +--no:  f_12 > 0.0
|                                                +--yes: f_571 > 0.0
|                                                |      +--yes: [0] [2.0]: 3
|                                                |      +--no:  [1] [6.0]: 6
|                                                +--no:  f_639 > 0.0
|                                                       +--yes: [1] [3.0]: 3
|                                                       +--no:  f_548 > 0.0
|                                                              +--yes: f_19 > 0.0
|                                                              |      +--yes: [0] [14.0]: 14
|                                                              |      +--no:  [1] [1.0]: 2
|                                                              +--no:  f_20 > 0.0
|                                                                     +--yes: [1] [3.0]: 3
|                                                                     +--no:  f_33 > 0.0
|                                                                            +--yes: [0] [5.0]: 5
|                                                                            +--no:  [1] [3.0]: 4
+--no:  f_611 > 0.0
       +--yes: f_581 > 0.0
       |      +--yes: f_178 > 0.0
       |      |      +--yes: [0] [2.0]: 2
       |      |      +--no:  [1] [4.0]: 5
       |      +--no:  [1] [25.0]: 27
       +--no:  f_37 > 0.0
              +--yes: f_116 > 0.0
              |      +--yes: [1] [2.0]: 2
              |      +--no:  f_180 > 0.0
              |             +--yes: [1] [2.0]: 3
              |             +--no:  f_405 > 0.0
              |                    +--yes: f_536 > 0.0
              |                    |      +--yes: [1] [1.0]: 2
              |                    |      +--no:  [0] [12.0]: 12
              |                    +--no:  f_9 > 0.0
              |                           +--yes: f_2 > 0.0
              |                           |      +--yes: f_337 > 0.0
              |                           |      |      +--yes: f_23 > 0.0
              |                           |      |      |      +--yes: [1] [1.0]: 2
              |                           |      |      |      +--no:  [0] [2.0]: 3
              |                           |      |      +--no:  [0] [3.0]: 3
              |                           |      +--no:  [1] [2.0]: 3
              |                           +--no:  [0] [4.0]: 4
              +--no:  f_709 > 0.0
                     +--yes: f_818 > 0.0
                     |      +--yes: f_671 > 0.0
                     |      |      +--yes: f_23 > 0.0
                     |      |      |      +--yes: f_516 > 0.0
                     |      |      |      |      +--yes: f_33 > 0.0
                     |      |      |      |      |      +--yes: [1] [2.0]: 2
                     |      |      |      |      |      +--no:  f_639 > 0.0
                     |      |      |      |      |             +--yes: f_3 > 0.0
                     |      |      |      |      |             |      +--yes: f_24 > 0.0
                     |      |      |      |      |             |      |      +--yes: [1] [1.0]: 2
                     |      |      |      |      |             |      |      +--no:  [0] [2.0]: 2
                     |      |      |      |      |             |      +--no:  f_24 > 0.0
                     |      |      |      |      |             |             +--yes: [0] [2.0]: 3
                     |      |      |      |      |             |             +--no:  [1] [4.0]: 4
                     |      |      |      |      |             +--no:  [0] [2.0]: 2
                     |      |      |      |      +--no:  [0] [4.0]: 4
                     |      |      |      +--no:  f_20 > 0.0
                     |      |      |             +--yes: f_639 > 0.0
                     |      |      |             |      +--yes: f_347 > 0.0
                     |      |      |             |      |      +--yes: [1] [3.0]: 3
                     |      |      |             |      |      +--no:  f_563 > 0.0
                     |      |      |             |      |             +--yes: [0] [2.0]: 2
                     |      |      |             |      |             +--no:  f_516 > 0.0
                     |      |      |             |      |                    +--yes: [1] [6.0]: 6
                     |      |      |             |      |                    +--no:  [0] [2.0]: 3
                     |      |      |             |      +--no:  [1] [5.0]: 5
                     |      |      |             +--no:  f_693 > 0.0
                     |      |      |                    +--yes: [0] [3.0]: 3
                     |      |      |                    +--no:  [1] [6.0]: 8
                     |      |      +--no:  f_186 > 0.0
                     |      |             +--yes: [0] [9.0]: 10
                     |      |             +--no:  [1] [2.0]: 3
                     |      +--no:  f_672 > 0.0
                     |             +--yes: f_13 > 0.0
                     |             |      +--yes: [0] [2.0]: 2
                     |             |      +--no:  [1] [1.0]: 2
                     |             +--no:  f_637 > 0.0
                     |                    +--yes: [1] [34.0]: 37
                     |                    +--no:  f_416 > 0.0
                     |                           +--yes: f_12 > 0.0
                     |                           |      +--yes: [1] [1.0]: 2
                     |                           |      +--no:  [0] [2.0]: 3
                     |                           +--no:  [1] [6.0]: 6
                     +--no:  f_423 > 0.0
                            +--yes: [1] [10.0]: 11
                            +--no:  f_688 > 0.0
                                   +--yes: [0] [6.0]: 6
                                   +--no:  f_21 > 0.0
                                          +--yes: f_459 > 0.0
                                          |      +--yes: [1] [4.0]: 6
                                          |      +--no:  f_656 > 0.0
                                          |             +--yes: [1] [1.0]: 2
                                          |             +--no:  [0] [10.0]: 10
                                          +--no:  f_339 > 0.0
                                                 +--yes: f_23 > 0.0
                                                 |      +--yes: f_690 > 0.0
                                                 |      |      +--yes: [0] [4.0]: 4
                                                 |      |      +--no:  [1] [2.0]: 2
                                                 |      +--no:  f_656 > 0.0
                                                 |             +--yes: [0] [2.0]: 3
                                                 |             +--no:  f_452 > 0.0
                                                 |                    +--yes: f_637 > 0.0
                                                 |                    |      +--yes: [1] [3.0]: 3
                                                 |                    |      +--no:  f_2 > 0.0
                                                 |                    |             +--yes: [1] [1.0]: 2
                                                 |                    |             +--no:  [0] [2.0]: 2
                                                 |                    +--no:  [1] [17.0]: 18
                                                 +--no:  f_341 > 0.0
                                                        +--yes: [0] [4.0]: 4
                                                        +--no:  f_16 > 0.0
                                                               +--yes: f_185 > 0.0
                                                               |      +--yes: [0] [3.0]: 3
                                                               |      +--no:  f_283 > 0.0
                                                               |             +--yes: f_340 > 0.0
                                                               |             |      +--yes: [0] [2.0]: 2
                                                               |             |      +--no:  [1] [2.0]: 2
                                                               |             +--no:  [0] [2.0]: 2
                                                               +--no:  f_683 > 0.0
                                                                      +--yes: [1] [6.0]: 6
                                                                      +--no:  f_374 > 0.0
                                                                             +--yes: f_3 > 0.0
                                                                             |      +--yes: [1] [2.0]: 2
                                                                             |      +--no:  f_458 > 0.0
                                                                             |             +--yes: [1] [2.0]: 2
                                                                             |             +--no:  f_656 > 0.0
                                                                             |                    +--yes: [1] [2.0]: 3
                                                                             |                    +--no:  f_0 > 0.0
                                                                             |                           +--yes: f_405 > 0.0
                                                                             |                           |      +--yes: f_440 > 0.0
                                                                             |                           |      |      +--yes: [0] [4.0]: 4
                                                                             |                           |      |      +--no:  [1] [2.0]: 3
                                                                             |                           |      +--no:  [0] [12.0]: 12
                                                                             |                           +--no:  [1] [1.0]: 2
                                                                             +--no:  f_566 > 0.0
                                                                                    +--yes: f_332 > 0.0
                                                                                    |      +--yes: [0] [3.0]: 3
                                                                                    |      +--no:  [1] [1.0]: 2
                                                                                    +--no:  f_9 > 0.0
                                                                                           +--yes: f_19 > 0.0
                                                                                           |      +--yes: [1] [12.0]: 13
                                                                                           |      +--no:  f_18 > 0.0
                                                                                           |             +--yes: [0] [2.0]: 3
                                                                                           |             +--no:  [1] [3.0]: 3
                                                                                           +--no:  f_15 > 0.0
                                                                                                  +--yes: [1] [2.0]: 2
                                                                                                  +--no:  f_30 > 0.0
                                                                                                         +--yes: [1] [3.0]: 4
                                                                                                         +--no:  f_34 > 0.0
                                                                                                                +--yes: [0] [2.0]: 2
                                                                                                                +--no:  f_26 > 0.0
                                                                                                                       +--yes: f_18 > 0.0
                                                                                                                       |      +--yes: [0] [2.0]: 2
                                                                                                                       |      +--no:  [1] [1.0]: 2
                                                                                                                       +--no:  f_18 > 0.0
                                                                                                                              +--yes: [1] [3.0]: 5
                                                                                                                              +--no:  [0] [2.0]: 3

Pruned Model
************

f_255 > 0.0
+--yes: f_343 > 0.0
|      +--yes: f_689 > 0.0
|      |      +--yes: [0] [8.0]: 9
|      |      +--no:  [1] [4.0]: 4
|      +--no:  f_515 > 0.0
|             +--yes: f_679 > 0.0
|             |      +--yes: [1] [72.0]: 74
|             |      +--no:  f_467 > 0.0
|             |             +--yes: [1] [5.0]: 5
|             |             +--no:  [0] [2.0]: 2
|             +--no:  f_487 > 0.0
|                    +--yes: f_717 > 0.0
|                    |      +--yes: f_377 > 0.0
|                    |      |      +--yes: [1] [2.0]: 2
|                    |      |      +--no:  [0] [9.0]: 9
|                    |      +--no:  f_35 > 0.0
|                    |             +--yes: f_341 > 0.0
|                    |             |      +--yes: f_686 > 0.0
|                    |             |      |      +--yes: f_413 > 0.0
|                    |             |      |      |      +--yes: [0] [3.0]: 3
|                    |             |      |      |      +--no:  [1] [3.0]: 3
|                    |             |      |      +--no:  [0] [5.0]: 5
|                    |             |      +--no:  [1] [2.0]: 2
|                    |             +--no:  f_215 > 0.0
|                    |                    +--yes: f_577 > 0.0
|                    |                    |      +--yes: [1] [2.0]: 3
|                    |                    |      +--no:  [0] [4.0]: 4
|                    |                    +--no:  f_690 > 0.0
|                    |                           +--yes: f_145 > 0.0
|                    |                           |      +--yes: f_23 > 0.0
|                    |                           |      |      +--yes: [0] [2.0]: 3
|                    |                           |      |      +--no:  [1] [10.0]: 11
|                    |                           |      +--no:  f_712 > 0.0
|                    |                           |             +--yes: [0] [4.0]: 4
|                    |                           |             +--no:  f_389 > 0.0
|                    |                           |                    +--yes: [1] [3.0]: 3
|                    |                           |                    +--no:  [0] [4.0]: 5
|                    |                           +--no:  f_689 > 0.0
|                    |                                  +--yes: f_750 > 0.0
|                    |                                  |      +--yes: [0] [2.0]: 3
|                    |                                  |      +--no:  f_340 > 0.0
|                    |                                  |             +--yes: [1] [45.0]: 46
|                    |                                  |             +--no:  f_293 > 0.0
|                    |                                  |                    +--yes: [1] [4.0]: 4
|                    |                                  |                    +--no:  [0] [2.0]: 2
|                    |                                  +--no:  f_655 > 0.0
|                    |                                         +--yes: [0] [2.0]: 2
|                    |                                         +--no:  f_647 > 0.0
|                    |                                                +--yes: f_261 > 0.0
|                    |                                                |      +--yes: [0] [3.0]: 3
|                    |                                                |      +--no:  f_2 > 0.0
|                    |                                                |             +--yes: [1] [4.0]: 4
|                    |                                                |             +--no:  f_299 > 0.0
|                    |                                                |                    +--yes: [1] [3.0]: 4
|                    |                                                |                    +--no:  [0] [2.0]: 2
|                    |                                                +--no:  f_257 > 0.0
|                    |                                                       +--yes: f_341 > 0.0
|                    |                                                       |      +--yes: [1] [13.0]: 14
|                    |                                                       |      +--no:  f_21 > 0.0
|                    |                                                       |             +--yes: [0] [3.0]: 3
|                    |                                                       |             +--no:  f_357 > 0.0
|                    |                                                       |                    +--yes: f_405 > 0.0
|                    |                                                       |                    |      +--yes: f_576 > 0.0
|                    |                                                       |                    |      |      +--yes: [1] [2.0]: 2
|                    |                                                       |                    |      |      +--no:  [0] [3.0]: 3
|                    |                                                       |                    |      +--no:  [1] [16.0]: 17
|                    |                                                       |                    +--no:  f_688 > 0.0
|                    |                                                       |                           +--yes: [1] [4.0]: 5
|                    |                                                       |                           +--no:  [0] [5.0]: 5
|                    |                                                       +--no:  [1] [33.0]: 37
|                    +--no:  f_390 > 0.0
|                           +--yes: f_131 > 0.0
|                           |      +--yes: f_215 > 0.0
|                           |      |      +--yes: f_346 > 0.0
|                           |      |      |      +--yes: [0] [4.0]: 4
|                           |      |      |      +--no:  f_308 > 0.0
|                           |      |      |             +--yes: [1] [4.0]: 4
|                           |      |      |             +--no:  [0] [4.0]: 5
|                           |      |      +--no:  [1] [7.0]: 8
|                           |      +--no:  f_461 > 0.0
|                           |             +--yes: f_192 > 0.0
|                           |             |      +--yes: [0] [3.0]: 3
|                           |             |      +--no:  f_2 > 0.0
|                           |             |             +--yes: [1] [6.0]: 6
|                           |             |             +--no:  [0] [4.0]: 5
|                           |             +--no:  f_706 > 0.0
|                           |                    +--yes: f_376 > 0.0
|                           |                    |      +--yes: [1] [4.0]: 4
|                           |                    |      +--no:  [0] [6.0]: 8
|                           |                    +--no:  f_715 > 0.0
|                           |                           +--yes: f_366 > 0.0
|                           |                           |      +--yes: [0] [4.0]: 5
|                           |                           |      +--no:  f_451 > 0.0
|                           |                           |             +--yes: f_16 > 0.0
|                           |                           |             |      +--yes: [1] [2.0]: 2
|                           |                           |             |      +--no:  [0] [2.0]: 2
|                           |                           |             +--no:  [1] [7.0]: 7
|                           |                           +--no:  f_328 > 0.0
|                           |                                  +--yes: f_516 > 0.0
|                           |                                  |      +--yes: [1] [3.0]: 3
|                           |                                  |      +--no:  [0] [3.0]: 3
|                           |                                  +--no:  [1] [428.0]: 485
|                           +--no:  f_697 > 0.0
|                                  +--yes: f_213 > 0.0
|                                  |      +--yes: [0] [2.0]: 2
|                                  |      +--no:  f_563 > 0.0
|                                  |             +--yes: f_516 > 0.0
|                                  |             |      +--yes: f_299 > 0.0
|                                  |             |      |      +--yes: [1] [2.0]: 3
|                                  |             |      |      +--no:  [0] [4.0]: 4
|                                  |             |      +--no:  [1] [3.0]: 3
|                                  |             +--no:  f_599 > 0.0
|                                  |                    +--yes: f_758 > 0.0
|                                  |                    |      +--yes: [0] [2.0]: 3
|                                  |                    |      +--no:  [1] [53.0]: 57
|                                  |                    +--no:  [0] [2.0]: 3
|                                  +--no:  f_756 > 0.0
|                                         +--yes: [1] [8.0]: 9
|                                         +--no:  f_12 > 0.0
|                                                +--yes: f_571 > 0.0
|                                                |      +--yes: [0] [2.0]: 3
|                                                |      +--no:  [1] [6.0]: 6
|                                                +--no:  f_639 > 0.0
|                                                       +--yes: [1] [3.0]: 3
|                                                       +--no:  f_548 > 0.0
|                                                              +--yes: [0] [15.0]: 16
|                                                              +--no:  f_20 > 0.0
|                                                                     +--yes: [1] [3.0]: 3
|                                                                     +--no:  f_33 > 0.0
|                                                                            +--yes: [0] [5.0]: 5
|                                                                            +--no:  [1] [3.0]: 4
+--no:  f_611 > 0.0
       +--yes: f_581 > 0.0
       |      +--yes: f_178 > 0.0
       |      |      +--yes: [0] [2.0]: 2
       |      |      +--no:  [1] [4.0]: 5
       |      +--no:  [1] [25.0]: 27
       +--no:  f_37 > 0.0
              +--yes: f_116 > 0.0
              |      +--yes: [1] [2.0]: 2
              |      +--no:  f_180 > 0.0
              |             +--yes: [1] [2.0]: 3
              |             +--no:  [0] [24.0]: 29
              +--no:  f_709 > 0.0
                     +--yes: f_818 > 0.0
                     |      +--yes: f_671 > 0.0
                     |      |      +--yes: f_23 > 0.0
                     |      |      |      +--yes: f_516 > 0.0
                     |      |      |      |      +--yes: f_33 > 0.0
                     |      |      |      |      |      +--yes: [1] [2.0]: 2
                     |      |      |      |      |      +--no:  f_639 > 0.0
                     |      |      |      |      |             +--yes: f_3 > 0.0
                     |      |      |      |      |             |      +--yes: [0] [3.0]: 4
                     |      |      |      |      |             |      +--no:  f_24 > 0.0
                     |      |      |      |      |             |             +--yes: [0] [2.0]: 3
                     |      |      |      |      |             |             +--no:  [1] [4.0]: 4
                     |      |      |      |      |             +--no:  [0] [2.0]: 2
                     |      |      |      |      +--no:  [0] [4.0]: 4
                     |      |      |      +--no:  f_20 > 0.0
                     |      |      |             +--yes: [1] [15.0]: 19
                     |      |      |             +--no:  f_693 > 0.0
                     |      |      |                    +--yes: [0] [3.0]: 3
                     |      |      |                    +--no:  [1] [6.0]: 8
                     |      |      +--no:  f_186 > 0.0
                     |      |             +--yes: [0] [9.0]: 10
                     |      |             +--no:  [1] [2.0]: 3
                     |      +--no:  f_672 > 0.0
                     |             +--yes: [0] [3.0]: 4
                     |             +--no:  [1] [42.0]: 48
                     +--no:  f_423 > 0.0
                            +--yes: [1] [10.0]: 11
                            +--no:  f_688 > 0.0
                                   +--yes: [0] [6.0]: 6
                                   +--no:  f_21 > 0.0
                                          +--yes: f_459 > 0.0
                                          |      +--yes: [1] [4.0]: 6
                                          |      +--no:  [0] [11.0]: 12
                                          +--no:  f_339 > 0.0
                                                 +--yes: f_23 > 0.0
                                                 |      +--yes: f_690 > 0.0
                                                 |      |      +--yes: [0] [4.0]: 4
                                                 |      |      +--no:  [1] [2.0]: 2
                                                 |      +--no:  f_656 > 0.0
                                                 |             +--yes: [0] [2.0]: 3
                                                 |             +--no:  f_452 > 0.0
                                                 |                    +--yes: f_637 > 0.0
                                                 |                    |      +--yes: [1] [3.0]: 3
                                                 |                    |      +--no:  [0] [3.0]: 4
                                                 |                    +--no:  [1] [17.0]: 18
                                                 +--no:  f_341 > 0.0
                                                        +--yes: [0] [4.0]: 4
                                                        +--no:  f_16 > 0.0
                                                               +--yes: [0] [7.0]: 9
                                                               +--no:  f_683 > 0.0
                                                                      +--yes: [1] [6.0]: 6
                                                                      +--no:  f_374 > 0.0
                                                                             +--yes: f_3 > 0.0
                                                                             |      +--yes: [1] [2.0]: 2
                                                                             |      +--no:  f_458 > 0.0
                                                                             |             +--yes: [1] [2.0]: 2
                                                                             |             +--no:  f_656 > 0.0
                                                                             |                    +--yes: [1] [2.0]: 3
                                                                             |                    +--no:  [0] [18.0]: 21
                                                                             +--no:  f_566 > 0.0
                                                                                    +--yes: [0] [4.0]: 5
                                                                                    +--no:  f_9 > 0.0
                                                                                           +--yes: [1] [16.0]: 19
                                                                                           +--no:  f_15 > 0.0
                                                                                                  +--yes: [1] [2.0]: 2
                                                                                                  +--no:  f_30 > 0.0
                                                                                                         +--yes: [1] [3.0]: 4
                                                                                                         +--no:  [0] [9.0]: 14

